Component: Arm Compiler for Embedded 6.23 Tool: armlink [5f102400]

==============================================================================

Section Cross References

    i2s_interrupt_record_playback.o(.text.main) refers to hardware_init.o(.text.BOARD_InitHardware) for BOARD_InitHardware
    i2s_interrupt_record_playback.o(.text.main) refers to fsl_debug_console.o(.text.DbgConsole_Printf) for DbgConsole_Printf
    i2s_interrupt_record_playback.o(.text.main) refers to i2s_interrupt_record_playback.o(.bss.codecHandle) for codecHandle
    i2s_interrupt_record_playback.o(.text.main) refers to hardware_init.o(.data.boardCodecConfig) for boardCodecConfig
    i2s_interrupt_record_playback.o(.text.main) refers to fsl_codec_common.o(.text.CODEC_Init) for CODEC_Init
    i2s_interrupt_record_playback.o(.text.main) refers to fsl_codec_common.o(.text.CODEC_SetVolume) for CODEC_SetVolume
    i2s_interrupt_record_playback.o(.text.main) refers to i2s_interrupt_record_playback.o(.bss.s_TxConfig) for s_TxConfig
    i2s_interrupt_record_playback.o(.text.main) refers to fsl_i2s.o(.text.I2S_TxGetDefaultConfig) for I2S_TxGetDefaultConfig
    i2s_interrupt_record_playback.o(.text.main) refers to fsl_clock.o(.text.CLOCK_GetPll0OutFreq) for CLOCK_GetPll0OutFreq
    i2s_interrupt_record_playback.o(.text.main) refers to i2s_interrupt_record_playback.o(.bss.s_RxConfig) for s_RxConfig
    i2s_interrupt_record_playback.o(.text.main) refers to fsl_i2s.o(.text.I2S_RxGetDefaultConfig) for I2S_RxGetDefaultConfig
    i2s_interrupt_record_playback.o(.text.main) refers to fsl_i2s.o(.text.I2S_TxInit) for I2S_TxInit
    i2s_interrupt_record_playback.o(.text.main) refers to fsl_i2s.o(.text.I2S_RxInit) for I2S_RxInit
    i2s_interrupt_record_playback.o(.text.main) refers to i2s_interrupt_record_playback.o(.bss.s_TxTransfer) for s_TxTransfer
    i2s_interrupt_record_playback.o(.text.main) refers to i2s_interrupt_record_playback.o(.bss.s_Buffer) for s_Buffer
    i2s_interrupt_record_playback.o(.text.main) refers to i2s_interrupt_record_playback.o(.bss.s_RxTransfer) for s_RxTransfer
    i2s_interrupt_record_playback.o(.text.main) refers to i2s_interrupt_record_playback.o(.bss.s_TxHandle) for s_TxHandle
    i2s_interrupt_record_playback.o(.text.main) refers to i2s_interrupt_record_playback.o(.text.TxCallback) for TxCallback
    i2s_interrupt_record_playback.o(.text.main) refers to fsl_i2s.o(.text.I2S_TxTransferCreateHandle) for I2S_TxTransferCreateHandle
    i2s_interrupt_record_playback.o(.text.main) refers to i2s_interrupt_record_playback.o(.bss.s_RxHandle) for s_RxHandle
    i2s_interrupt_record_playback.o(.text.main) refers to i2s_interrupt_record_playback.o(.text.RxCallback) for RxCallback
    i2s_interrupt_record_playback.o(.text.main) refers to fsl_i2s.o(.text.I2S_RxTransferCreateHandle) for I2S_RxTransferCreateHandle
    i2s_interrupt_record_playback.o(.text.main) refers to fsl_i2s.o(.text.I2S_RxTransferNonBlocking) for I2S_RxTransferNonBlocking
    i2s_interrupt_record_playback.o(.text.main) refers to fsl_i2s.o(.text.I2S_TxTransferNonBlocking) for I2S_TxTransferNonBlocking
    i2s_interrupt_record_playback.o(.text.main) refers to i2s_interrupt_record_playback.o(.rodata.str1.1) for .L.str.2
    i2s_interrupt_record_playback.o(.text.main) refers to fsl_assert.o(.text.__aeabi_assert) for __aeabi_assert
    i2s_interrupt_record_playback.o(.ARM.exidx.text.main) refers to i2s_interrupt_record_playback.o(.text.main) for [Anonymous Symbol]
    i2s_interrupt_record_playback.o(.text.TxCallback) refers to fsl_i2s.o(.text.I2S_TxTransferNonBlocking) for I2S_TxTransferNonBlocking
    i2s_interrupt_record_playback.o(.ARM.exidx.text.TxCallback) refers to i2s_interrupt_record_playback.o(.text.TxCallback) for [Anonymous Symbol]
    i2s_interrupt_record_playback.o(.text.RxCallback) refers to fsl_i2s.o(.text.I2S_RxTransferNonBlocking) for I2S_RxTransferNonBlocking
    i2s_interrupt_record_playback.o(.ARM.exidx.text.RxCallback) refers to i2s_interrupt_record_playback.o(.text.RxCallback) for [Anonymous Symbol]
    board.o(.text.BOARD_InitDebugConsole) refers to fsl_clock.o(.text.CLOCK_AttachClk) for CLOCK_AttachClk
    board.o(.text.BOARD_InitDebugConsole) refers to fsl_reset.o(.text.RESET_ClearPeripheralReset) for RESET_ClearPeripheralReset
    board.o(.text.BOARD_InitDebugConsole) refers to fsl_debug_console.o(.text.DbgConsole_Init) for DbgConsole_Init
    board.o(.ARM.exidx.text.BOARD_InitDebugConsole) refers to board.o(.text.BOARD_InitDebugConsole) for [Anonymous Symbol]
    board.o(.text.BOARD_InitDebugConsole_Core1) refers to fsl_clock.o(.text.CLOCK_AttachClk) for CLOCK_AttachClk
    board.o(.text.BOARD_InitDebugConsole_Core1) refers to fsl_reset.o(.text.RESET_ClearPeripheralReset) for RESET_ClearPeripheralReset
    board.o(.text.BOARD_InitDebugConsole_Core1) refers to fsl_debug_console.o(.text.DbgConsole_Init) for DbgConsole_Init
[...]
    Removing fsl_adapter_flexcomm_i2c.o(.text.HAL_I2cMasterTransferNonBlocking), (214 bytes).
    Removing fsl_adapter_flexcomm_i2c.o(.ARM.exidx.text.HAL_I2cMasterTransferNonBlocking), (8 bytes).
    Removing fsl_adapter_flexcomm_i2c.o(.text.HAL_I2cMasterTransferGetCount), (154 bytes).
    Removing fsl_adapter_flexcomm_i2c.o(.ARM.exidx.text.HAL_I2cMasterTransferGetCount), (8 bytes).
    Removing fsl_adapter_flexcomm_i2c.o(.text.HAL_I2cMasterTransferAbort), (124 bytes).
    Removing fsl_adapter_flexcomm_i2c.o(.ARM.exidx.text.HAL_I2cMasterTransferAbort), (8 bytes).
    Removing fsl_adapter_flexcomm_i2c.o(.text.HAL_I2cSlaveTransferInstallCallback), (70 bytes).
    Removing fsl_adapter_flexcomm_i2c.o(.ARM.exidx.text.HAL_I2cSlaveTransferInstallCallback), (8 bytes).
    Removing fsl_adapter_flexcomm_i2c.o(.text.HAL_I2cSlaveCallback), (162 bytes).
    Removing fsl_adapter_flexcomm_i2c.o(.ARM.exidx.text.HAL_I2cSlaveCallback), (8 bytes).
    Removing fsl_adapter_flexcomm_i2c.o(.text.HAL_I2cSlaveTransferNonBlocking), (126 bytes).
    Removing fsl_adapter_flexcomm_i2c.o(.ARM.exidx.text.HAL_I2cSlaveTransferNonBlocking), (8 bytes).
    Removing fsl_adapter_flexcomm_i2c.o(.text.HAL_I2cSlaveTransferAbort), (58 bytes).
    Removing fsl_adapter_flexcomm_i2c.o(.ARM.exidx.text.HAL_I2cSlaveTransferAbort), (8 bytes).
    Removing fsl_adapter_flexcomm_i2c.o(.text.HAL_I2cSlaveTransferGetCount), (154 bytes).
    Removing fsl_adapter_flexcomm_i2c.o(.ARM.exidx.text.HAL_I2cSlaveTransferGetCount), (8 bytes).
    Removing fsl_adapter_usart.o(.text), (0 bytes).
    Removing fsl_adapter_usart.o(.ARM.exidx.text.HAL_UartInit), (8 bytes).
    Removing fsl_adapter_usart.o(.text.HAL_UartDeinit), (50 bytes).
    Removing fsl_adapter_usart.o(.ARM.exidx.text.HAL_UartDeinit), (8 bytes).
    Removing fsl_adapter_usart.o(.ARM.exidx.text.HAL_UartReceiveBlocking), (8 bytes).
    Removing fsl_adapter_usart.o(.ARM.exidx.text.HAL_UartSendBlocking), (8 bytes).
    Removing fsl_adapter_usart.o(.text.HAL_UartEnterLowpower), (32 bytes).
    Removing fsl_adapter_usart.o(.ARM.exidx.text.HAL_UartEnterLowpower), (8 bytes).
    Removing fsl_adapter_usart.o(.text.HAL_UartExitLowpower), (4 bytes).
    Removing fsl_adapter_usart.o(.ARM.exidx.text.HAL_UartExitLowpower), (8 bytes).
    Removing ffixul.o(.text), (44 bytes).

672 unused section(s) (total 41569 bytes) removed from the image.

==============================================================================

Image Symbol Table

    Local Symbols

    Symbol Name                              Value     Ov Type        Size  Object(Section)

    ../clib/microlib/ctype/ctype.c           0x00000000   Number         0  ctype_o.o ABSOLUTE
    ../clib/microlib/ctype/ctype.c           0x00000000   Number         0  isalnum_o.o ABSOLUTE
    ../clib/microlib/ctype/ctype.c           0x00000000   Number         0  isalpha_o.o ABSOLUTE
    ../clib/microlib/ctype/ctype.c           0x00000000   Number         0  isblank_o.o ABSOLUTE
    ../clib/microlib/ctype/ctype.c           0x00000000   Number         0  iscntrl_o.o ABSOLUTE
    ../clib/microlib/ctype/ctype.c           0x00000000   Number         0  isdigit_o.o ABSOLUTE
    ../clib/microlib/ctype/ctype.c           0x00000000   Number         0  isgraph_o.o ABSOLUTE
    ../clib/microlib/ctype/ctype.c           0x00000000   Number         0  islower_o.o ABSOLUTE
    ../clib/microlib/ctype/ctype.c           0x00000000   Number         0  isprint_o.o ABSOLUTE
    ../clib/microlib/ctype/ctype.c           0x00000000   Number         0  ispunct_o.o ABSOLUTE
    ../clib/microlib/ctype/ctype.c           0x00000000   Number         0  isspace_o.o ABSOLUTE
    ../clib/microlib/ctype/ctype.c           0x00000000   Number         0  isupper_o.o ABSOLUTE
    ../clib/microlib/ctype/ctype.c           0x00000000   Number         0  isxdigit_o.o ABSOLUTE
    ../clib/microlib/division.c              0x00000000   Number         0  uldiv.o ABSOLUTE
    ../clib/microlib/errno.c                 0x00000000   Number         0  errno.o ABSOLUTE
    ../clib/microlib/init/entry.s            0x00000000   Number         0  entry.o ABSOLUTE
    ../clib/microlib/init/entry.s            0x00000000   Number         0  entry4.o ABSOLUTE
    ../clib/microlib/init/entry.s            0x00000000   Number         0  entry5.o ABSOLUTE
    ../clib/microlib/init/entry.s            0x00000000   Number         0  entry7a.o ABSOLUTE
    ../clib/microlib/init/entry.s            0x00000000   Number         0  entry7b.o ABSOLUTE
    ../clib/microlib/init/entry.s            0x00000000   Number         0  entry8a.o ABSOLUTE
    ../clib/microlib/init/entry.s            0x00000000   Number         0  entry8b.o ABSOLUTE
    ../clib/microlib/init/entry.s            0x00000000   Number         0  entry9a.o ABSOLUTE
    ../clib/microlib/init/entry.s            0x00000000   Number         0  entry9b.o ABSOLUTE
    ../clib/microlib/init/entry.s            0x00000000   Number         0  entry10a.o ABSOLUTE
    ../clib/microlib/init/entry.s            0x00000000   Number         0  entry10b.o ABSOLUTE
    ../clib/microlib/init/entry.s            0x00000000   Number         0  entry11a.o ABSOLUTE
    ../clib/microlib/init/entry.s            0x00000000   Number         0  entry11b.o ABSOLUTE
    ../clib/microlib/longlong.c              0x00000000   Number         0  llshl.o ABSOLUTE
    ../clib/microlib/longlong.c              0x00000000   Number         0  llushr.o ABSOLUTE
    ../clib/microlib/malloc/malloc.c         0x00000000   Number         0  malloc2.o ABSOLUTE
    ../clib/microlib/malloc/malloc.c         0x00000000   Number         0  mallocr2.o ABSOLUTE
    ../clib/microlib/malloc/malloc.c         0x00000000   Number         0  malloca2.o ABSOLUTE
    ../clib/microlib/malloc/malloc.c         0x00000000   Number         0  mallocra2.o ABSOLUTE
    ../clib/microlib/malloc/mvars.c          0x00000000   Number         0  mvars.o ABSOLUTE
    ../clib/microlib/string/memcpy.c         0x00000000   Number         0  memcpya.o ABSOLUTE
    ../clib/microlib/string/memcpy.c         0x00000000   Number         0  memcpyb.o ABSOLUTE
    ../clib/microlib/string/memset.c         0x00000000   Number         0  memset.o ABSOLUTE
    ../clib/microlib/string/memset.c         0x00000000   Number         0  memseta.o ABSOLUTE
    ../clib/microlib/string/strlen.c         0x00000000   Number         0  strlen.o ABSOLUTE
    ../clib/microlib/stubs.s                 0x00000000   Number         0  iusefp.o ABSOLUTE
    ../clib/scanf.c                          0x00000000   Number         0  strtoul.o ABSOLUTE
    ../clib/scanf.c                          0x00000000   Number         0  _strtoul.o ABSOLUTE
    ../clib/scanf.c                          0x00000000   Number         0  _chval.o ABSOLUTE
    ../fplib/microlib/fpfix.c                0x00000000   Number         0  ffixul.o ABSOLUTE
    board.c                                  0x00000000   Number         0  board.o ABSOLUTE
    clock_config.c                           0x00000000   Number         0  clock_config.o ABSOLUTE
    dc.s                                     0x00000000   Number         0  dc.o ABSOLUTE
    fsl_adapter_flexcomm_i2c.c               0x00000000   Number         0  fsl_adapter_flexcomm_i2c.o ABSOLUTE
    fsl_adapter_usart.c                      0x00000000   Number         0  fsl_adapter_usart.o ABSOLUTE
    fsl_assert.c                             0x00000000   Number         0  fsl_assert.o ABSOLUTE
    fsl_clock.c                              0x00000000   Number         0  fsl_clock.o ABSOLUTE
    fsl_codec_adapter.c                      0x00000000   Number         0  fsl_codec_adapter.o ABSOLUTE
    fsl_codec_common.c                       0x00000000   Number         0  fsl_codec_common.o ABSOLUTE
    fsl_codec_i2c.c                          0x00000000   Number         0  fsl_codec_i2c.o ABSOLUTE
    fsl_codec_wm8904_adapter.c               0x00000000   Number         0  fsl_codec_wm8904_adapter.o ABSOLUTE
    fsl_common.c                             0x00000000   Number         0  fsl_common.o ABSOLUTE
    fsl_common_arm.c                         0x00000000   Number         0  fsl_common_arm.o ABSOLUTE
    fsl_debug_console.c                      0x00000000   Number         0  fsl_debug_console.o ABSOLUTE
    fsl_dma.c                                0x00000000   Number         0  fsl_dma.o ABSOLUTE
    fsl_flexcomm.c                           0x00000000   Number         0  fsl_flexcomm.o ABSOLUTE
    fsl_gpio.c                               0x00000000   Number         0  fsl_gpio.o ABSOLUTE
    fsl_i2c.c                                0x00000000   Number         0  fsl_i2c.o ABSOLUTE
    fsl_i2s.c                                0x00000000   Number         0  fsl_i2s.o ABSOLUTE
    fsl_i2s_dma.c                            0x00000000   Number         0  fsl_i2s_dma.o ABSOLUTE
    fsl_inputmux.c                           0x00000000   Number         0  fsl_inputmux.o ABSOLUTE
    fsl_power.c                              0x00000000   Number         0  fsl_power.o ABSOLUTE
    fsl_reset.c                              0x00000000   Number         0  fsl_reset.o ABSOLUTE
    fsl_spi.c                                0x00000000   Number         0  fsl_spi.o ABSOLUTE
    fsl_str.c                                0x00000000   Number         0  fsl_str.o ABSOLUTE
    fsl_sysctl.c                             0x00000000   Number         0  fsl_sysctl.o ABSOLUTE
    fsl_usart.c                              0x00000000   Number         0  fsl_usart.o ABSOLUTE
    fsl_wm8904.c                             0x00000000   Number         0  fsl_wm8904.o ABSOLUTE
    handlers.s                               0x00000000   Number         0  handlers.o ABSOLUTE
    hardware_init.c                          0x00000000   Number         0  hardware_init.o ABSOLUTE
    i2s_interrupt_record_playback.c          0x00000000   Number         0  i2s_interrupt_record_playback.o ABSOLUTE
    init.s                                   0x00000000   Number         0  init.o ABSOLUTE
    pin_mux.c                                0x00000000   Number         0  pin_mux.o ABSOLUTE
    system_LPC55S69_cm33_core0.c             0x00000000   Number         0  system_lpc55s69_cm33_core0.o ABSOLUTE
    .ARM.Collect$$$$00000000                 0x00000200   Section        0  entry.o(.ARM.Collect$$$$00000000)
    .ARM.Collect$$$$00000003                 0x00000200   Section        4  entry4.o(.ARM.Collect$$$$00000003)
    .ARM.Collect$$$$00000004                 0x00000204   Section        4  entry5.o(.ARM.Collect$$$$00000004)
    .ARM.Collect$$$$00000008                 0x00000208   Section        0  entry7b.o(.ARM.Collect$$$$00000008)
    .ARM.Collect$$$$0000000A                 0x00000208   Section        0  entry8b.o(.ARM.Collect$$$$0000000A)
    .ARM.Collect$$$$0000000B                 0x00000208   Section        8  entry9a.o(.ARM.Collect$$$$0000000B)
    __lit__00000000                          0x00000210   Data           4  entry4.o(.ARM.Collect$$$$00002714)
    .ARM.Collect$$$$0000000D                 0x00000210   Section        0  entry10a.o(.ARM.Collect$$$$0000000D)
    .ARM.Collect$$$$0000000F                 0x00000210   Section        0  entry11a.o(.ARM.Collect$$$$0000000F)
    .ARM.Collect$$$$00002714                 0x00000210   Section        4  entry4.o(.ARM.Collect$$$$00002714)
    [Anonymous Symbol]                       0x00000214   Section        0  startup_lpc55s69_cm33_core0.o(.text)
    [Anonymous Symbol]                       0x00000454   Section        0  fsl_memcpy.o(.text)
    src_word_unaligned                       0x0000045a   Number         0  fsl_memcpy.o(.text)
    src_word_aligned                         0x0000046e   Number         0  fsl_memcpy.o(.text)
    dst_word_aligned                         0x00000474   Number         0  fsl_memcpy.o(.text)
    size_ge_16                               0x00000478   Number         0  fsl_memcpy.o(.text)
    size_ge_8                                0x00000482   Number         0  fsl_memcpy.o(.text)
    size_ge_4                                0x0000048a   Number         0  fsl_memcpy.o(.text)
    size_ge_2                                0x00000496   Number         0  fsl_memcpy.o(.text)
    size_ge_1                                0x000004a2   Number         0  fsl_memcpy.o(.text)
    dst_word_unaligned                       0x000004ac   Number         0  fsl_memcpy.o(.text)
    dst_half_word_aligned                    0x000004b0   Number         0  fsl_memcpy.o(.text)
    dst_half_word_unaligned                  0x000004c6   Number         0  fsl_memcpy.o(.text)
    size_lt_4                                0x000004e2   Number         0  fsl_memcpy.o(.text)
    ret                                      0x000004f2   Number         0  fsl_memcpy.o(.text)
    .text                                    0x000004f4   Section        0  uldiv.o(.text)
    .text                                    0x00000556   Section        0  memset.o(.text)
    .text                                    0x00000568   Section        0  strlen.o(.text)
    .text                                    0x00000576   Section        0  llshl.o(.text)
    .text                                    0x00000594   Section        0  llushr.o(.text)
    .text                                    0x000005b4   Section       48  init.o(.text)
    [Anonymous Symbol]                       0x000005e4   Section        0  clock_config.o(.text.BOARD_BootClockFROHF96M)
    [Anonymous Symbol]                       0x00000644   Section        0  pin_mux.o(.text.BOARD_InitBootPins)
    [Anonymous Symbol]                       0x00000690   Section        0  board.o(.text.BOARD_InitDebugConsole)
    [Anonymous Symbol]                       0x000006bc   Section        0  hardware_init.o(.text.BOARD_InitHardware)
    [Anonymous Symbol]                       0x0000085c   Section        0  fsl_clock.o(.text.CLOCK_AttachClk)
    [Anonymous Symbol]                       0x000008c0   Section        0  fsl_clock.o(.text.CLOCK_GetPll0OutFreq)
    [Anonymous Symbol]                       0x000008cc   Section        0  fsl_clock.o(.text.CLOCK_SetClkDiv)
    [Anonymous Symbol]                       0x00000904   Section        0  fsl_clock.o(.text.CLOCK_SetFLASHAccessCyclesForFreq)
    [Anonymous Symbol]                       0x00000a20   Section        0  fsl_clock.o(.text.CLOCK_SetPLL0Freq)
    [Anonymous Symbol]                       0x00000b80   Section        0  fsl_clock.o(.text.CLOCK_SetupFROClocking)
    [Anonymous Symbol]                       0x00000be4   Section        0  fsl_codec_i2c.o(.text.CODEC_I2C_Init)
    [Anonymous Symbol]                       0x00000c04   Section        0  fsl_codec_i2c.o(.text.CODEC_I2C_Receive)
    [Anonymous Symbol]                       0x00000c34   Section        0  fsl_codec_i2c.o(.text.CODEC_I2C_Send)
    [Anonymous Symbol]                       0x00000c60   Section        0  fsl_codec_common.o(.text.CODEC_Init)
    [Anonymous Symbol]                       0x00000ca4   Section        0  fsl_codec_common.o(.text.CODEC_SetVolume)
    [Anonymous Symbol]                       0x00000d24   Section        0  fsl_dma.o(.text.DMA0_DriverIRQHandler)
    [Anonymous Symbol]                       0x00000d30   Section        0  fsl_dma.o(.text.DMA1_DriverIRQHandler)
    [Anonymous Symbol]                       0x00000d3c   Section        0  fsl_dma.o(.text.DMA_IRQHandle)
    [Anonymous Symbol]                       0x00000e48   Section        0  fsl_debug_console.o(.text.DbgConsole_Init)
    [Anonymous Symbol]                       0x00000e9c   Section        0  fsl_debug_console.o(.text.DbgConsole_Printf)
    [Anonymous Symbol]                       0x00000ebc   Section        0  fsl_debug_console.o(.text.DbgConsole_Vprintf)
    [Anonymous Symbol]                       0x000012f4   Section        0  fsl_flexcomm.o(.text.FLEXCOMM0_DriverIRQHandler)
    [Anonymous Symbol]                       0x0000132c   Section        0  fsl_flexcomm.o(.text.FLEXCOMM1_DriverIRQHandler)
    [Anonymous Symbol]                       0x00001364   Section        0  fsl_flexcomm.o(.text.FLEXCOMM2_DriverIRQHandler)
    [Anonymous Symbol]                       0x0000139c   Section        0  fsl_flexcomm.o(.text.FLEXCOMM3_DriverIRQHandler)
    [Anonymous Symbol]                       0x000013d4   Section        0  fsl_flexcomm.o(.text.FLEXCOMM4_DriverIRQHandler)
    [Anonymous Symbol]                       0x0000140c   Section        0  fsl_flexcomm.o(.text.FLEXCOMM5_DriverIRQHandler)
    [Anonymous Symbol]                       0x00001444   Section        0  fsl_flexcomm.o(.text.FLEXCOMM6_DriverIRQHandler)
    [Anonymous Symbol]                       0x0000147c   Section        0  fsl_flexcomm.o(.text.FLEXCOMM7_DriverIRQHandler)
    [Anonymous Symbol]                       0x000014b4   Section        0  fsl_flexcomm.o(.text.FLEXCOMM8_DriverIRQHandler)
    [Anonymous Symbol]                       0x000014ec   Section        0  fsl_flexcomm.o(.text.FLEXCOMM_Init)
    s_flexcommResets                         0x00001598   Number         0  fsl_flexcomm.o(.text.FLEXCOMM_Init)
    [Anonymous Symbol]                       0x000015bc   Section        0  fsl_flexcomm.o(.text.FLEXCOMM_SetIRQHandler)
    [Anonymous Symbol]                       0x00001610   Section        0  fsl_codec_adapter.o(.text.HAL_CODEC_Init)
    [Anonymous Symbol]                       0x0000165c   Section        0  fsl_codec_adapter.o(.text.HAL_CODEC_SetVolume)
    [Anonymous Symbol]                       0x00001688   Section        0  fsl_codec_wm8904_adapter.o(.text.HAL_CODEC_WM8904_Init)
    [Anonymous Symbol]                       0x000016d8   Section        0  fsl_codec_wm8904_adapter.o(.text.HAL_CODEC_WM8904_SetVolume)
    [Anonymous Symbol]                       0x000017a8   Section        0  fsl_adapter_flexcomm_i2c.o(.text.HAL_I2cMasterInit)
    [Anonymous Symbol]                       0x00001814   Section        0  fsl_adapter_flexcomm_i2c.o(.text.HAL_I2cMasterTransferBlocking)
    [Anonymous Symbol]                       0x000018e4   Section        0  fsl_adapter_usart.o(.text.HAL_UartInit)
    [Anonymous Symbol]                       0x000019c8   Section        0  fsl_adapter_usart.o(.text.HAL_UartReceiveBlocking)
    [Anonymous Symbol]                       0x00001a34   Section        0  fsl_adapter_usart.o(.text.HAL_UartSendBlocking)
    I2C_MasterCheckStartResponse             0x00001a9d   Thumb Code   130  fsl_i2c.o(.text.I2C_MasterCheckStartResponse)
    [Anonymous Symbol]                       0x00001a9c   Section        0  fsl_i2c.o(.text.I2C_MasterCheckStartResponse)
    [Anonymous Symbol]                       0x00001b20   Section        0  fsl_i2c.o(.text.I2C_MasterGetDefaultConfig)
    [Anonymous Symbol]                       0x00001b44   Section        0  fsl_i2c.o(.text.I2C_MasterInit)
    [Anonymous Symbol]                       0x00001ccc   Section        0  fsl_i2c.o(.text.I2C_MasterReadBlocking)
    I2C_MasterRepeatedStart                  0x00001dc5   Thumb Code   104  fsl_i2c.o(.text.I2C_MasterRepeatedStart)
    [Anonymous Symbol]                       0x00001dc4   Section        0  fsl_i2c.o(.text.I2C_MasterRepeatedStart)
    [Anonymous Symbol]                       0x00001e2c   Section        0  fsl_i2c.o(.text.I2C_MasterStop)
    [Anonymous Symbol]                       0x00001e74   Section        0  fsl_i2c.o(.text.I2C_MasterTransferBlocking)
    [Anonymous Symbol]                       0x0000208c   Section        0  fsl_i2c.o(.text.I2C_MasterWriteBlocking)
    I2S_Config                               0x000021f5   Thumb Code   124  fsl_i2s.o(.text.I2S_Config)
    [Anonymous Symbol]                       0x000021f4   Section        0  fsl_i2s.o(.text.I2S_Config)
    [Anonymous Symbol]                       0x00002280   Section        0  fsl_i2s.o(.text.I2S_RxGetDefaultConfig)
    [Anonymous Symbol]                       0x000022a0   Section        0  fsl_i2s.o(.text.I2S_RxHandleIRQ)
    [Anonymous Symbol]                       0x00002438   Section        0  fsl_i2s.o(.text.I2S_RxInit)
    [Anonymous Symbol]                       0x00002468   Section        0  fsl_i2s.o(.text.I2S_RxTransferCreateHandle)
    [Anonymous Symbol]                       0x00002538   Section        0  fsl_i2s.o(.text.I2S_RxTransferNonBlocking)
    [Anonymous Symbol]                       0x000025d0   Section        0  fsl_i2s.o(.text.I2S_TxGetDefaultConfig)
    [Anonymous Symbol]                       0x000025f0   Section        0  fsl_i2s.o(.text.I2S_TxHandleIRQ)
    [Anonymous Symbol]                       0x00002828   Section        0  fsl_i2s.o(.text.I2S_TxInit)
    [Anonymous Symbol]                       0x00002864   Section        0  fsl_i2s.o(.text.I2S_TxTransferCreateHandle)
    [Anonymous Symbol]                       0x00002934   Section        0  fsl_i2s.o(.text.I2S_TxTransferNonBlocking)
    I2S_ValidateBuffer                       0x000029cd   Thumb Code   380  fsl_i2s.o(.text.I2S_ValidateBuffer)
    [Anonymous Symbol]                       0x000029cc   Section        0  fsl_i2s.o(.text.I2S_ValidateBuffer)
    [Anonymous Symbol]                       0x00002bd0   Section        0  fsl_power.o(.text.POWER_SetVoltageForFreq)
    [Anonymous Symbol]                       0x00002d50   Section        0  fsl_reset.o(.text.RESET_ClearPeripheralReset)
    [Anonymous Symbol]                       0x00002d90   Section        0  fsl_reset.o(.text.RESET_PeripheralReset)
    RxCallback                               0x00002de1   Thumb Code     8  i2s_interrupt_record_playback.o(.text.RxCallback)
    [Anonymous Symbol]                       0x00002de0   Section        0  i2s_interrupt_record_playback.o(.text.RxCallback)
    [Anonymous Symbol]                       0x00002de8   Section        0  fsl_common_arm.o(.text.SDK_DelayAtLeastUs)
    loop0                                    0x00002e10   Number         0  fsl_common_arm.o(.text.SDK_DelayAtLeastUs)
    [Anonymous Symbol]                       0x00002e3c   Section        0  fsl_sysctl.o(.text.SYSCTL_Init)
    [Anonymous Symbol]                       0x00002e84   Section        0  fsl_sysctl.o(.text.SYSCTL_SetShareSet)
    [Anonymous Symbol]                       0x00002eb4   Section        0  fsl_sysctl.o(.text.SYSCTL_SetShareSignalSrc)
    [Anonymous Symbol]                       0x00002ef8   Section        0  system_lpc55s69_cm33_core0.o(.text.SystemInit)
    [Anonymous Symbol]                       0x00002f3c   Section        0  system_lpc55s69_cm33_core0.o(.text.SystemInitHook)
    TxCallback                               0x00002f41   Thumb Code     8  i2s_interrupt_record_playback.o(.text.TxCallback)
    [Anonymous Symbol]                       0x00002f40   Section        0  i2s_interrupt_record_playback.o(.text.TxCallback)
    [Anonymous Symbol]                       0x00002f48   Section        0  fsl_usart.o(.text.USART_GetDefaultConfig)
    [Anonymous Symbol]                       0x00002f8c   Section        0  fsl_usart.o(.text.USART_Init)
    [Anonymous Symbol]                       0x0000310c   Section        0  fsl_usart.o(.text.USART_ReadBlocking)
    [Anonymous Symbol]                       0x000031ac   Section        0  fsl_usart.o(.text.USART_SetBaudRate)
    [Anonymous Symbol]                       0x0000329c   Section        0  fsl_usart.o(.text.USART_WriteBlocking)
    [Anonymous Symbol]                       0x000032e8   Section        0  fsl_wm8904.o(.text.WM8904_CheckAudioFormat)
    [Anonymous Symbol]                       0x00003468   Section        0  fsl_wm8904.o(.text.WM8904_Init)
    [Anonymous Symbol]                       0x000037b4   Section        0  fsl_wm8904.o(.text.WM8904_ModifyRegister)
    [Anonymous Symbol]                       0x00003880   Section        0  fsl_wm8904.o(.text.WM8904_SetChannelMute)
    [Anonymous Symbol]                       0x000038e8   Section        0  fsl_wm8904.o(.text.WM8904_SetChannelVolume)
    [Anonymous Symbol]                       0x000039a0   Section        0  fsl_wm8904.o(.text.WM8904_SetDACVolume)
    [Anonymous Symbol]                       0x00003a28   Section        0  fsl_wm8904.o(.text.WM8904_SetFLLConfig)
    [Anonymous Symbol]                       0x00003c40   Section        0  fsl_wm8904.o(.text.WM8904_SetMasterClock)
    [Anonymous Symbol]                       0x00003f60   Section        0  fsl_wm8904.o(.text.WM8904_SetRecord)
    [Anonymous Symbol]                       0x00004000   Section        0  fsl_wm8904.o(.text.WM8904_SetRecordChannel)
    WM8904_UpdateFormat                      0x0000407d   Thumb Code   208  fsl_wm8904.o(.text.WM8904_UpdateFormat)
    [Anonymous Symbol]                       0x0000407c   Section        0  fsl_wm8904.o(.text.WM8904_UpdateFormat)
    WM8904_WaitOnWriteSequencer              0x0000414d   Thumb Code   108  fsl_wm8904.o(.text.WM8904_WaitOnWriteSequencer)
    [Anonymous Symbol]                       0x0000414c   Section        0  fsl_wm8904.o(.text.WM8904_WaitOnWriteSequencer)
    [Anonymous Symbol]                       0x000041b8   Section        0  fsl_wm8904.o(.text.WM8904_WriteRegister)
    [Anonymous Symbol]                       0x00004214   Section        0  fsl_assert.o(.text.__aeabi_assert)
    [Anonymous Symbol]                       0x00004260   Section        0  fsl_assert.o(.text.fsl_assert_hook)
    [Anonymous Symbol]                       0x00004264   Section        0  i2s_interrupt_record_playback.o(.text.main)
    i.__scatterload_copy                     0x00004404   Section       14  handlers.o(i.__scatterload_copy)
    i.__scatterload_null                     0x00004412   Section        2  handlers.o(i.__scatterload_null)
    i.__scatterload_zeroinit                 0x00004414   Section       14  handlers.o(i.__scatterload_zeroinit)
    s_i2sBaseAddrs                           0x00004424   Data          32  fsl_i2s.o(.rodata.cst32)
    [Anonymous Symbol]                       0x00004424   Section        0  fsl_i2s.o(.rodata.cst32)
    s_i2cBases                               0x00004444   Data          32  fsl_adapter_flexcomm_i2c.o(.rodata.cst32)
    [Anonymous Symbol]                       0x00004444   Section        0  fsl_adapter_flexcomm_i2c.o(.rodata.cst32)
    s_UsartAdapterBase                       0x00004464   Data          32  fsl_adapter_usart.o(.rodata.cst32)
    [Anonymous Symbol]                       0x00004464   Section        0  fsl_adapter_usart.o(.rodata.cst32)
    s_i2sIRQ                                 0x00004484   Data           8  fsl_i2s.o(.rodata.cst8)
    [Anonymous Symbol]                       0x00004484   Section        0  fsl_i2s.o(.rodata.cst8)
    s_dmaBases                               0x0000448c   Data           8  fsl_dma.o(.rodata.cst8)
    [Anonymous Symbol]                       0x0000448c   Section        0  fsl_dma.o(.rodata.cst8)
    s_flexcommBaseAddrs                      0x00004494   Data          36  fsl_flexcomm.o(.rodata.s_flexcommBaseAddrs)
    [Anonymous Symbol]                       0x00004494   Section        0  fsl_flexcomm.o(.rodata.s_flexcommBaseAddrs)
    s_flexcommClocks                         0x000044b8   Data          18  fsl_flexcomm.o(.rodata.s_flexcommClocks)
    [Anonymous Symbol]                       0x000044b8   Section        0  fsl_flexcomm.o(.rodata.s_flexcommClocks)
    s_wm8904_capability                      0x000044cc   Data          16  fsl_codec_wm8904_adapter.o(.rodata.s_wm8904_capability)
    [Anonymous Symbol]                       0x000044cc   Section        0  fsl_codec_wm8904_adapter.o(.rodata.s_wm8904_capability)
    .L.str.3                                 0x000044dc   Data          35  i2s_interrupt_record_playback.o(.rodata.str1.1)
    [Anonymous Symbol]                       0x000044dc   Section        0  i2s_interrupt_record_playback.o(.rodata.str1.1)
    .L.str.2                                 0x000044ff   Data           6  i2s_interrupt_record_playback.o(.rodata.str1.1)
    .L.str.5                                 0x000044ff   Data           6  i2s_interrupt_record_playback.o(.rodata.str1.1)
    .L.str.1                                 0x00004505   Data          58  fsl_reset.o(.rodata.str1.1)
    [Anonymous Symbol]                       0x00004505   Section        0  fsl_reset.o(.rodata.str1.1)
    .L.str                                   0x0000453f   Data          13  fsl_reset.o(.rodata.str1.1)
    .L.str.1                                 0x0000454c   Data          63  fsl_common_arm.o(.rodata.str1.1)
    [Anonymous Symbol]                       0x0000454c   Section        0  fsl_common_arm.o(.rodata.str1.1)
    .L.str.2                                 0x0000458b   Data          39  fsl_flexcomm.o(.rodata.str1.1)
    [Anonymous Symbol]                       0x0000458b   Section        0  fsl_flexcomm.o(.rodata.str1.1)
    .L.str                                   0x000045b2   Data          45  fsl_flexcomm.o(.rodata.str1.1)
    .L.str.1                                 0x000045df   Data          61  fsl_flexcomm.o(.rodata.str1.1)
    .L.str                                   0x0000461c   Data          42  fsl_usart.o(.rodata.str1.1)
    .L.str.9                                 0x0000461c   Data          36  fsl_usart.o(.rodata.str1.1)
    [Anonymous Symbol]                       0x0000461c   Section        0  fsl_usart.o(.rodata.str1.1)
    .L.str.7                                 0x00004678   Data          65  fsl_usart.o(.rodata.str1.1)
    .L.str.2                                 0x00004680   Data          15  fsl_usart.o(.rodata.str1.1)
    .L.str.3                                 0x0000468f   Data          13  fsl_usart.o(.rodata.str1.1)
    .L.str.8                                 0x000046dd   Data          13  fsl_usart.o(.rodata.str1.1)
    .L.str.1                                 0x000046f0   Data          58  fsl_usart.o(.rodata.str1.1)
    .L.str.11                                0x0000470e   Data          56  fsl_usart.o(.rodata.str1.1)
    .L.str                                   0x00004732   Data           7  fsl_usart.o(.rodata.str1.1)
    .L.str                                   0x00004732   Data           7  fsl_usart.o(.rodata.str1.1)
    .L.str.13                                0x00004746   Data          14  fsl_usart.o(.rodata.str1.1)
    .L.str.13                                0x00004754   Data          65  fsl_i2s.o(.rodata.str1.1)
    [Anonymous Symbol]                       0x00004754   Section        0  fsl_i2s.o(.rodata.str1.1)
    .L.str.6                                 0x00004795   Data          23  fsl_i2s.o(.rodata.str1.1)
    .L.str.3                                 0x0000479b   Data          14  fsl_i2s.o(.rodata.str1.1)
    .L.str.2                                 0x000047ac   Data          15  fsl_i2s.o(.rodata.str1.1)
    .L.str.2                                 0x000047ac   Data          15  fsl_i2s.o(.rodata.str1.1)
    .L.str.2                                 0x000047ac   Data          15  fsl_i2s.o(.rodata.str1.1)
    .L.str.3                                 0x000047ac   Data          15  fsl_i2s.o(.rodata.str1.1)
    .L.str.10                                0x000047c9   Data          40  fsl_i2s.o(.rodata.str1.1)
    .L.str.11                                0x000047f1   Data          32  fsl_i2s.o(.rodata.str1.1)
    .L.str.7                                 0x00004811   Data          24  fsl_i2s.o(.rodata.str1.1)
    .L.str.1                                 0x00004829   Data          56  fsl_i2s.o(.rodata.str1.1)
    .L.str                                   0x00004861   Data          40  fsl_i2c.o(.rodata.str1.1)
    .L.str.2                                 0x00004861   Data          42  fsl_i2c.o(.rodata.str1.1)
    [Anonymous Symbol]                       0x00004861   Section        0  fsl_i2c.o(.rodata.str1.1)
    .L.str.5                                 0x0000488b   Data          13  fsl_i2c.o(.rodata.str1.1)
    .L.str.1                                 0x000048c0   Data          56  fsl_i2c.o(.rodata.str1.1)
    .L.str                                   0x000048f8   Data          85  fsl_dma.o(.rodata.str1.1)
    .L.str.6                                 0x000048f8   Data          15  fsl_i2c.o(.rodata.str1.1)
    [Anonymous Symbol]                       0x000048f8   Section        0  fsl_dma.o(.rodata.str1.1)
    .L.str.2                                 0x00004985   Data          62  fsl_dma.o(.rodata.str1.1)
    .L.str.3                                 0x000049c3   Data         105  fsl_dma.o(.rodata.str1.1)
    .L.str.4                                 0x00004a2c   Data          83  fsl_dma.o(.rodata.str1.1)
    .L.str.5                                 0x00004a7f   Data          83  fsl_dma.o(.rodata.str1.1)
    .L.str.6                                 0x00004ad2   Data          15  fsl_dma.o(.rodata.str1.1)
    .L.str.7                                 0x00004ae1   Data          84  fsl_dma.o(.rodata.str1.1)
    .L.str.11                                0x00004b35   Data          77  fsl_dma.o(.rodata.str1.1)
    .L.str.13                                0x00004b82   Data          69  fsl_dma.o(.rodata.str1.1)
    .L.str.16                                0x00004bc7   Data          95  fsl_dma.o(.rodata.str1.1)
    .L.str.18                                0x00004c26   Data          77  fsl_dma.o(.rodata.str1.1)
    .L.str.20                                0x00004c73   Data          37  fsl_dma.o(.rodata.str1.1)
    .L.str.21                                0x00004c98   Data          78  fsl_dma.o(.rodata.str1.1)
    .L.str.23                                0x00004cc7   Data          34  fsl_dma.o(.rodata.str1.1)
    .L.str.22                                0x00004ce6   Data          70  fsl_dma.o(.rodata.str1.1)
    .L.str.24                                0x00004d4e   Data         117  fsl_dma.o(.rodata.str1.1)
    .L.str.1                                 0x00004db1   Data          56  fsl_dma.o(.rodata.str1.1)
    .L.str.27                                0x00004dc3   Data         123  fsl_dma.o(.rodata.str1.1)
    .L.str                                   0x00004de9   Data          36  fsl_sysctl.o(.rodata.str1.1)
    [Anonymous Symbol]                       0x00004de9   Section        0  fsl_sysctl.o(.rodata.str1.1)
    .L.str.1                                 0x00004e0d   Data          59  fsl_sysctl.o(.rodata.str1.1)
    .L.str.2                                 0x00004e48   Data          50  fsl_codec_common.o(.rodata.str1.1)
    [Anonymous Symbol]                       0x00004e48   Section        0  fsl_codec_common.o(.rodata.str1.1)
    .L.str.3                                 0x00004e7a   Data          32  fsl_codec_common.o(.rodata.str1.1)
    .L.str.1                                 0x00004e9a   Data          57  fsl_codec_common.o(.rodata.str1.1)
    .L.str                                   0x00004ed3   Data          23  fsl_wm8904.o(.rodata.str1.1)
    [Anonymous Symbol]                       0x00004ed3   Section        0  fsl_wm8904.o(.rodata.str1.1)
    .L.str.2                                 0x00004eea   Data          35  fsl_wm8904.o(.rodata.str1.1)
    .L.str.1                                 0x00004f0d   Data          58  fsl_wm8904.o(.rodata.str1.1)
    .L.str.1                                 0x00004f47   Data          63  fsl_codec_adapter.o(.rodata.str1.1)
    [Anonymous Symbol]                       0x00004f47   Section        0  fsl_codec_adapter.o(.rodata.str1.1)
    .L.str.1                                 0x00004f86   Data          77  fsl_codec_wm8904_adapter.o(.rodata.str1.1)
    [Anonymous Symbol]                       0x00004f86   Section        0  fsl_codec_wm8904_adapter.o(.rodata.str1.1)
    .L.str.1                                 0x00004fd3   Data          63  fsl_adapter_flexcomm_i2c.o(.rodata.str1.1)
    [Anonymous Symbol]                       0x00004fd3   Section        0  fsl_adapter_flexcomm_i2c.o(.rodata.str1.1)
    .L.str.2                                 0x00005012   Data          13  fsl_adapter_flexcomm_i2c.o(.rodata.str1.1)
    .L.str.4                                 0x0000502b   Data           6  fsl_adapter_flexcomm_i2c.o(.rodata.str1.1)
    .L.str.3                                 0x0000502d   Data           5  fsl_adapter_flexcomm_i2c.o(.rodata.str1.1)
    .L.str.5                                 0x00005031   Data          14  fsl_adapter_flexcomm_i2c.o(.rodata.str1.1)
    .L.str.5                                 0x00005032   Data          71  fsl_adapter_usart.o(.rodata.str1.1)
    [Anonymous Symbol]                       0x00005032   Section        0  fsl_adapter_usart.o(.rodata.str1.1)
    .L.str.2                                 0x00005079   Data           5  fsl_adapter_usart.o(.rodata.str1.1)
    .L.str.1                                 0x0000507e   Data          57  fsl_adapter_usart.o(.rodata.str1.1)
    .L.str.3                                 0x000050b7   Data           7  fsl_adapter_usart.o(.rodata.str1.1)
    s_Ext_Clk_Freq                           0x2000000c   Data           4  fsl_clock.o(.data.s_Ext_Clk_Freq)
    [Anonymous Symbol]                       0x2000000c   Section        0  fsl_clock.o(.data.s_Ext_Clk_Freq)
    s_Buffer                                 0x200000b0   Data         400  i2s_interrupt_record_playback.o(.bss.s_Buffer)
    [Anonymous Symbol]                       0x200000b0   Section        0  i2s_interrupt_record_playback.o(.bss.s_Buffer)
    s_DMAHandle                              0x20000240   Data         184  fsl_dma.o(.bss.s_DMAHandle)
    [Anonymous Symbol]                       0x20000240   Section        0  fsl_dma.o(.bss.s_DMAHandle)
    s_Pll0_Freq                              0x200002f8   Data           4  fsl_clock.o(.bss.s_Pll0_Freq)
    [Anonymous Symbol]                       0x200002f8   Section        0  fsl_clock.o(.bss.s_Pll0_Freq)
    s_RxConfig                               0x200002fc   Data          18  i2s_interrupt_record_playback.o(.bss.s_RxConfig)
    [Anonymous Symbol]                       0x200002fc   Section        0  i2s_interrupt_record_playback.o(.bss.s_RxConfig)
    s_RxHandle                               0x20000310   Data          64  i2s_interrupt_record_playback.o(.bss.s_RxHandle)
    [Anonymous Symbol]                       0x20000310   Section        0  i2s_interrupt_record_playback.o(.bss.s_RxHandle)
    s_RxTransfer                             0x20000350   Data           8  i2s_interrupt_record_playback.o(.bss.s_RxTransfer)
    [Anonymous Symbol]                       0x20000350   Section        0  i2s_interrupt_record_playback.o(.bss.s_RxTransfer)
    s_TxConfig                               0x20000358   Data          18  i2s_interrupt_record_playback.o(.bss.s_TxConfig)
    [Anonymous Symbol]                       0x20000358   Section        0  i2s_interrupt_record_playback.o(.bss.s_TxConfig)
    s_TxHandle                               0x2000036c   Data          64  i2s_interrupt_record_playback.o(.bss.s_TxHandle)
    [Anonymous Symbol]                       0x2000036c   Section        0  i2s_interrupt_record_playback.o(.bss.s_TxHandle)
    s_TxTransfer                             0x200003ac   Data           8  i2s_interrupt_record_playback.o(.bss.s_TxTransfer)
    [Anonymous Symbol]                       0x200003ac   Section        0  i2s_interrupt_record_playback.o(.bss.s_TxTransfer)
    s_debugConsole                           0x200003b4   Data          20  fsl_debug_console.o(.bss.s_debugConsole)
    [Anonymous Symbol]                       0x200003b4   Section        0  fsl_debug_console.o(.bss.s_debugConsole)
    s_flexcommHandle                         0x200003c8   Data          36  fsl_flexcomm.o(.bss.s_flexcommHandle)
    [Anonymous Symbol]                       0x200003c8   Section        0  fsl_flexcomm.o(.bss.s_flexcommHandle)
    s_flexcommIrqHandler                     0x200003ec   Data          36  fsl_flexcomm.o(.bss.s_flexcommIrqHandler)
    [Anonymous Symbol]                       0x200003ec   Section        0  fsl_flexcomm.o(.bss.s_flexcommIrqHandler)
    VTOR                                     0xe000ed08   Number         0  startup_lpc55s69_cm33_core0.o ABSOLUTE

    Global Symbols

    Symbol Name                              Value     Ov Type        Size  Object(Section)

    BuildAttributes$$THM_ISAv4$E$P$D$K$B$S$7EM$8M$VFPi5$EXTD16$VFPS$VFMA$PE$A:L22UL41UL21$X:L11$S22US41US21$IEEE1$IW$USESV6$~STKCKD$USESV7$~SHL$OTIME$ROPI$EBA8$MICROLIB$REQ8$EABIv2 0x00000000   Number         0  anon$$obj.o ABSOLUTE
    __Vectors                                0x00000000   Number       304  startup_lpc55s69_cm33_core0.o(.isr_vector)
    __cpp_initialize__aeabi_                  - Undefined Weak Reference
    __cxa_finalize                            - Undefined Weak Reference
    __decompress                              - Undefined Weak Reference
    _clock_init                               - Undefined Weak Reference
    _microlib_exit                            - Undefined Weak Reference
    __main                                   0x00000201   Thumb Code     0  entry.o(.ARM.Collect$$$$00000000)
    _main_stk                                0x00000201   Thumb Code     0  entry4.o(.ARM.Collect$$$$00000003)
    _main_scatterload                        0x00000205   Thumb Code     0  entry5.o(.ARM.Collect$$$$00000004)
    __main_after_scatterload                 0x00000209   Thumb Code     0  entry5.o(.ARM.Collect$$$$00000004)
    _main_clock                              0x00000209   Thumb Code     0  entry7b.o(.ARM.Collect$$$$00000008)
    _main_cpp_init                           0x00000209   Thumb Code     0  entry8b.o(.ARM.Collect$$$$0000000A)
    _main_init                               0x00000209   Thumb Code     0  entry9a.o(.ARM.Collect$$$$0000000B)
    __rt_final_cpp                           0x00000211   Thumb Code     0  entry10a.o(.ARM.Collect$$$$0000000D)
    __rt_final_exit                          0x00000211   Thumb Code     0  entry11a.o(.ARM.Collect$$$$0000000F)
    Reset_Handler                            0x00000215   Thumb Code    52  startup_lpc55s69_cm33_core0.o(.text)
    ACMP_DriverIRQHandler                    0x00000249   Thumb Code     4  startup_lpc55s69_cm33_core0.o(.text)
    ADC0_DriverIRQHandler                    0x00000249   Thumb Code     4  startup_lpc55s69_cm33_core0.o(.text)
    BusFault_Handler                         0x00000249   Thumb Code     4  startup_lpc55s69_cm33_core0.o(.text)
    CASER_DriverIRQHandler                   0x00000249   Thumb Code     4  startup_lpc55s69_cm33_core0.o(.text)
    CTIMER0_DriverIRQHandler                 0x00000249   Thumb Code     4  startup_lpc55s69_cm33_core0.o(.text)
    CTIMER1_DriverIRQHandler                 0x00000249   Thumb Code     4  startup_lpc55s69_cm33_core0.o(.text)
    CTIMER2_DriverIRQHandler                 0x00000249   Thumb Code     4  startup_lpc55s69_cm33_core0.o(.text)
    CTIMER3_DriverIRQHandler                 0x00000249   Thumb Code     4  startup_lpc55s69_cm33_core0.o(.text)
    CTIMER4_DriverIRQHandler                 0x00000249   Thumb Code     4  startup_lpc55s69_cm33_core0.o(.text)
    DebugMon_Handler                         0x00000249   Thumb Code     4  startup_lpc55s69_cm33_core0.o(.text)
    DefaultISR                               0x00000249   Thumb Code     4  startup_lpc55s69_cm33_core0.o(.text)
    GINT0_DriverIRQHandler                   0x00000249   Thumb Code     4  startup_lpc55s69_cm33_core0.o(.text)
    GINT1_DriverIRQHandler                   0x00000249   Thumb Code     4  startup_lpc55s69_cm33_core0.o(.text)
    HASHCRYPT_DriverIRQHandler               0x00000249   Thumb Code     4  startup_lpc55s69_cm33_core0.o(.text)
    MAILBOX_DriverIRQHandler                 0x00000249   Thumb Code     4  startup_lpc55s69_cm33_core0.o(.text)
    MRT0_DriverIRQHandler                    0x00000249   Thumb Code     4  startup_lpc55s69_cm33_core0.o(.text)
    MemManage_Handler                        0x00000249   Thumb Code     4  startup_lpc55s69_cm33_core0.o(.text)
    OS_EVENT_DriverIRQHandler                0x00000249   Thumb Code     4  startup_lpc55s69_cm33_core0.o(.text)
    PIN_INT0_DriverIRQHandler                0x00000249   Thumb Code     4  startup_lpc55s69_cm33_core0.o(.text)
    PIN_INT1_DriverIRQHandler                0x00000249   Thumb Code     4  startup_lpc55s69_cm33_core0.o(.text)
    PIN_INT2_DriverIRQHandler                0x00000249   Thumb Code     4  startup_lpc55s69_cm33_core0.o(.text)
    PIN_INT3_DriverIRQHandler                0x00000249   Thumb Code     4  startup_lpc55s69_cm33_core0.o(.text)
    PIN_INT4_DriverIRQHandler                0x00000249   Thumb Code     4  startup_lpc55s69_cm33_core0.o(.text)
    PIN_INT5_DriverIRQHandler                0x00000249   Thumb Code     4  startup_lpc55s69_cm33_core0.o(.text)
    PIN_INT6_DriverIRQHandler                0x00000249   Thumb Code     4  startup_lpc55s69_cm33_core0.o(.text)
    PIN_INT7_DriverIRQHandler                0x00000249   Thumb Code     4  startup_lpc55s69_cm33_core0.o(.text)
    PLU_DriverIRQHandler                     0x00000249   Thumb Code     4  startup_lpc55s69_cm33_core0.o(.text)
    PQ_DriverIRQHandler                      0x00000249   Thumb Code     4  startup_lpc55s69_cm33_core0.o(.text)
    PUF_DriverIRQHandler                     0x00000249   Thumb Code     4  startup_lpc55s69_cm33_core0.o(.text)
    RTC_DriverIRQHandler                     0x00000249   Thumb Code     4  startup_lpc55s69_cm33_core0.o(.text)
    Reserved39_DriverIRQHandler              0x00000249   Thumb Code     4  startup_lpc55s69_cm33_core0.o(.text)
    Reserved41_DriverIRQHandler              0x00000249   Thumb Code     4  startup_lpc55s69_cm33_core0.o(.text)
    Reserved42_DriverIRQHandler              0x00000249   Thumb Code     4  startup_lpc55s69_cm33_core0.o(.text)
    Reserved46_DriverIRQHandler              0x00000249   Thumb Code     4  startup_lpc55s69_cm33_core0.o(.text)
    Reserved55_DriverIRQHandler              0x00000249   Thumb Code     4  startup_lpc55s69_cm33_core0.o(.text)
    Reserved56_DriverIRQHandler              0x00000249   Thumb Code     4  startup_lpc55s69_cm33_core0.o(.text)
    Reserved57_DriverIRQHandler              0x00000249   Thumb Code     4  startup_lpc55s69_cm33_core0.o(.text)
    Reserved59_DriverIRQHandler              0x00000249   Thumb Code     4  startup_lpc55s69_cm33_core0.o(.text)
    Reserved60_DriverIRQHandler              0x00000249   Thumb Code     4  startup_lpc55s69_cm33_core0.o(.text)
    Reserved61_DriverIRQHandler              0x00000249   Thumb Code     4  startup_lpc55s69_cm33_core0.o(.text)
    SCT0_DriverIRQHandler                    0x00000249   Thumb Code     4  startup_lpc55s69_cm33_core0.o(.text)
    SDIO_DriverIRQHandler                    0x00000249   Thumb Code     4  startup_lpc55s69_cm33_core0.o(.text)
    SEC_GPIO_INT0_IRQ0_DriverIRQHandler      0x00000249   Thumb Code     4  startup_lpc55s69_cm33_core0.o(.text)
    SEC_GPIO_INT0_IRQ1_DriverIRQHandler      0x00000249   Thumb Code     4  startup_lpc55s69_cm33_core0.o(.text)
    SEC_HYPERVISOR_CALL_DriverIRQHandler     0x00000249   Thumb Code     4  startup_lpc55s69_cm33_core0.o(.text)
    SEC_VIO_DriverIRQHandler                 0x00000249   Thumb Code     4  startup_lpc55s69_cm33_core0.o(.text)
    SecureFault_Handler                      0x00000249   Thumb Code     4  startup_lpc55s69_cm33_core0.o(.text)
    USB0_DriverIRQHandler                    0x00000249   Thumb Code     4  startup_lpc55s69_cm33_core0.o(.text)
    USB0_NEEDCLK_DriverIRQHandler            0x00000249   Thumb Code     4  startup_lpc55s69_cm33_core0.o(.text)
    USB1_DriverIRQHandler                    0x00000249   Thumb Code     4  startup_lpc55s69_cm33_core0.o(.text)
    USB1_NEEDCLK_DriverIRQHandler            0x00000249   Thumb Code     4  startup_lpc55s69_cm33_core0.o(.text)
    USB1_PHY_DriverIRQHandler                0x00000249   Thumb Code     4  startup_lpc55s69_cm33_core0.o(.text)
    UTICK0_DriverIRQHandler                  0x00000249   Thumb Code     4  startup_lpc55s69_cm33_core0.o(.text)
    UsageFault_Handler                       0x00000249   Thumb Code     4  startup_lpc55s69_cm33_core0.o(.text)
    WDT_BOD_DriverIRQHandler                 0x00000249   Thumb Code     4  startup_lpc55s69_cm33_core0.o(.text)
    NMI_Handler                              0x0000024d   Thumb Code     4  startup_lpc55s69_cm33_core0.o(.text)
    HardFault_Handler                        0x00000251   Thumb Code     4  startup_lpc55s69_cm33_core0.o(.text)
    SVC_Handler                              0x00000255   Thumb Code     4  startup_lpc55s69_cm33_core0.o(.text)
    PendSV_Handler                           0x00000259   Thumb Code     4  startup_lpc55s69_cm33_core0.o(.text)
    SysTick_Handler                          0x0000025d   Thumb Code     4  startup_lpc55s69_cm33_core0.o(.text)
    WDT_BOD_IRQHandler                       0x00000261   Thumb Code     4  startup_lpc55s69_cm33_core0.o(.text)
    DMA0_IRQHandler                          0x00000265   Thumb Code     4  startup_lpc55s69_cm33_core0.o(.text)
    GINT0_IRQHandler                         0x00000269   Thumb Code     4  startup_lpc55s69_cm33_core0.o(.text)
    GINT1_IRQHandler                         0x0000026d   Thumb Code     4  startup_lpc55s69_cm33_core0.o(.text)
    PIN_INT0_IRQHandler                      0x00000271   Thumb Code     4  startup_lpc55s69_cm33_core0.o(.text)
    PIN_INT1_IRQHandler                      0x00000275   Thumb Code     4  startup_lpc55s69_cm33_core0.o(.text)
    PIN_INT2_IRQHandler                      0x00000279   Thumb Code     4  startup_lpc55s69_cm33_core0.o(.text)
    PIN_INT3_IRQHandler                      0x0000027d   Thumb Code     4  startup_lpc55s69_cm33_core0.o(.text)
    UTICK0_IRQHandler                        0x00000281   Thumb Code     4  startup_lpc55s69_cm33_core0.o(.text)
    MRT0_IRQHandler                          0x00000285   Thumb Code     4  startup_lpc55s69_cm33_core0.o(.text)
    CTIMER0_IRQHandler                       0x00000289   Thumb Code     4  startup_lpc55s69_cm33_core0.o(.text)
    CTIMER1_IRQHandler                       0x0000028d   Thumb Code     4  startup_lpc55s69_cm33_core0.o(.text)
    SCT0_IRQHandler                          0x00000291   Thumb Code     4  startup_lpc55s69_cm33_core0.o(.text)
    CTIMER3_IRQHandler                       0x00000295   Thumb Code     4  startup_lpc55s69_cm33_core0.o(.text)
    FLEXCOMM0_IRQHandler                     0x00000299   Thumb Code     4  startup_lpc55s69_cm33_core0.o(.text)
    FLEXCOMM1_IRQHandler                     0x0000029d   Thumb Code     4  startup_lpc55s69_cm33_core0.o(.text)
    FLEXCOMM2_IRQHandler                     0x000002a1   Thumb Code     4  startup_lpc55s69_cm33_core0.o(.text)
    FLEXCOMM3_IRQHandler                     0x000002a5   Thumb Code     4  startup_lpc55s69_cm33_core0.o(.text)
    FLEXCOMM4_IRQHandler                     0x000002a9   Thumb Code     4  startup_lpc55s69_cm33_core0.o(.text)
    FLEXCOMM5_IRQHandler                     0x000002ad   Thumb Code     4  startup_lpc55s69_cm33_core0.o(.text)
    FLEXCOMM6_IRQHandler                     0x000002b1   Thumb Code     4  startup_lpc55s69_cm33_core0.o(.text)
    FLEXCOMM7_IRQHandler                     0x000002b5   Thumb Code     4  startup_lpc55s69_cm33_core0.o(.text)
    ADC0_IRQHandler                          0x000002b9   Thumb Code     4  startup_lpc55s69_cm33_core0.o(.text)
    Reserved39_IRQHandler                    0x000002bd   Thumb Code     4  startup_lpc55s69_cm33_core0.o(.text)
    ACMP_IRQHandler                          0x000002c1   Thumb Code     4  startup_lpc55s69_cm33_core0.o(.text)
    Reserved41_IRQHandler                    0x000002c5   Thumb Code     4  startup_lpc55s69_cm33_core0.o(.text)
    Reserved42_IRQHandler                    0x000002c9   Thumb Code     4  startup_lpc55s69_cm33_core0.o(.text)
    USB0_NEEDCLK_IRQHandler                  0x000002cd   Thumb Code     4  startup_lpc55s69_cm33_core0.o(.text)
    USB0_IRQHandler                          0x000002d1   Thumb Code     4  startup_lpc55s69_cm33_core0.o(.text)
    RTC_IRQHandler                           0x000002d5   Thumb Code     4  startup_lpc55s69_cm33_core0.o(.text)
    Reserved46_IRQHandler                    0x000002d9   Thumb Code     4  startup_lpc55s69_cm33_core0.o(.text)
    MAILBOX_IRQHandler                       0x000002dd   Thumb Code     4  startup_lpc55s69_cm33_core0.o(.text)
    PIN_INT4_IRQHandler                      0x000002e1   Thumb Code     4  startup_lpc55s69_cm33_core0.o(.text)
    PIN_INT5_IRQHandler                      0x000002e5   Thumb Code     4  startup_lpc55s69_cm33_core0.o(.text)
    PIN_INT6_IRQHandler                      0x000002e9   Thumb Code     4  startup_lpc55s69_cm33_core0.o(.text)
    PIN_INT7_IRQHandler                      0x000002ed   Thumb Code     4  startup_lpc55s69_cm33_core0.o(.text)
    CTIMER2_IRQHandler                       0x000002f1   Thumb Code     4  startup_lpc55s69_cm33_core0.o(.text)
    CTIMER4_IRQHandler                       0x000002f5   Thumb Code     4  startup_lpc55s69_cm33_core0.o(.text)
    OS_EVENT_IRQHandler                      0x000002f9   Thumb Code     4  startup_lpc55s69_cm33_core0.o(.text)
    Reserved55_IRQHandler                    0x000002fd   Thumb Code     4  startup_lpc55s69_cm33_core0.o(.text)
    Reserved56_IRQHandler                    0x00000301   Thumb Code     4  startup_lpc55s69_cm33_core0.o(.text)
    Reserved57_IRQHandler                    0x00000305   Thumb Code     4  startup_lpc55s69_cm33_core0.o(.text)
    SDIO_IRQHandler                          0x00000309   Thumb Code     4  startup_lpc55s69_cm33_core0.o(.text)
    Reserved59_IRQHandler                    0x0000030d   Thumb Code     4  startup_lpc55s69_cm33_core0.o(.text)
    Reserved60_IRQHandler                    0x00000311   Thumb Code     4  startup_lpc55s69_cm33_core0.o(.text)
    Reserved61_IRQHandler                    0x00000315   Thumb Code     4  startup_lpc55s69_cm33_core0.o(.text)
    USB1_PHY_IRQHandler                      0x00000319   Thumb Code     4  startup_lpc55s69_cm33_core0.o(.text)
    USB1_IRQHandler                          0x0000031d   Thumb Code     4  startup_lpc55s69_cm33_core0.o(.text)
    USB1_NEEDCLK_IRQHandler                  0x00000321   Thumb Code     4  startup_lpc55s69_cm33_core0.o(.text)
    SEC_HYPERVISOR_CALL_IRQHandler           0x00000325   Thumb Code     4  startup_lpc55s69_cm33_core0.o(.text)
    SEC_GPIO_INT0_IRQ0_IRQHandler            0x00000329   Thumb Code     4  startup_lpc55s69_cm33_core0.o(.text)
    SEC_GPIO_INT0_IRQ1_IRQHandler            0x0000032d   Thumb Code     4  startup_lpc55s69_cm33_core0.o(.text)
    PLU_IRQHandler                           0x00000331   Thumb Code     4  startup_lpc55s69_cm33_core0.o(.text)
    SEC_VIO_IRQHandler                       0x00000335   Thumb Code     4  startup_lpc55s69_cm33_core0.o(.text)
    HASHCRYPT_IRQHandler                     0x00000339   Thumb Code     4  startup_lpc55s69_cm33_core0.o(.text)
    CASER_IRQHandler                         0x0000033d   Thumb Code     4  startup_lpc55s69_cm33_core0.o(.text)
    PUF_IRQHandler                           0x00000341   Thumb Code     4  startup_lpc55s69_cm33_core0.o(.text)
    PQ_IRQHandler                            0x00000345   Thumb Code     4  startup_lpc55s69_cm33_core0.o(.text)
    DMA1_IRQHandler                          0x00000349   Thumb Code     4  startup_lpc55s69_cm33_core0.o(.text)
    FLEXCOMM8_IRQHandler                     0x0000034d   Thumb Code     4  startup_lpc55s69_cm33_core0.o(.text)
    memcpy                                   0x00000455   Thumb Code     0  fsl_memcpy.o(.text)
    __aeabi_uldivmod                         0x000004f5   Thumb Code    98  uldiv.o(.text)
    memset                                   0x00000557   Thumb Code    18  memset.o(.text)
    strlen                                   0x00000569   Thumb Code    14  strlen.o(.text)
    __aeabi_llsl                             0x00000577   Thumb Code    30  llshl.o(.text)
    _ll_shift_l                              0x00000577   Thumb Code     0  llshl.o(.text)
    __aeabi_llsr                             0x00000595   Thumb Code    32  llushr.o(.text)
    _ll_ushift_r                             0x00000595   Thumb Code     0  llushr.o(.text)
    __scatterload                            0x000005b5   Thumb Code    38  init.o(.text)
    __scatterload_rt2                        0x000005b5   Thumb Code     0  init.o(.text)
    BOARD_BootClockFROHF96M                  0x000005e5   Thumb Code    94  clock_config.o(.text.BOARD_BootClockFROHF96M)
    BOARD_InitBootPins                       0x00000645   Thumb Code    76  pin_mux.o(.text.BOARD_InitBootPins)
    BOARD_InitDebugConsole                   0x00000691   Thumb Code    44  board.o(.text.BOARD_InitDebugConsole)
    BOARD_InitHardware                       0x000006bd   Thumb Code   384  hardware_init.o(.text.BOARD_InitHardware)
    CLOCK_AttachClk                          0x0000085d   Thumb Code    98  fsl_clock.o(.text.CLOCK_AttachClk)
    CLOCK_GetPll0OutFreq                     0x000008c1   Thumb Code    12  fsl_clock.o(.text.CLOCK_GetPll0OutFreq)
    CLOCK_SetClkDiv                          0x000008cd   Thumb Code    56  fsl_clock.o(.text.CLOCK_SetClkDiv)
    CLOCK_SetFLASHAccessCyclesForFreq        0x00000905   Thumb Code   284  fsl_clock.o(.text.CLOCK_SetFLASHAccessCyclesForFreq)
    CLOCK_SetPLL0Freq                        0x00000a21   Thumb Code   350  fsl_clock.o(.text.CLOCK_SetPLL0Freq)
    CLOCK_SetupFROClocking                   0x00000b81   Thumb Code   100  fsl_clock.o(.text.CLOCK_SetupFROClocking)
    CODEC_I2C_Init                           0x00000be5   Thumb Code    30  fsl_codec_i2c.o(.text.CODEC_I2C_Init)
    CODEC_I2C_Receive                        0x00000c05   Thumb Code    46  fsl_codec_i2c.o(.text.CODEC_I2C_Receive)
    CODEC_I2C_Send                           0x00000c35   Thumb Code    44  fsl_codec_i2c.o(.text.CODEC_I2C_Send)
    CODEC_Init                               0x00000c61   Thumb Code    28  fsl_codec_common.o(.text.CODEC_Init)
    CODEC_SetVolume                          0x00000ca5   Thumb Code    92  fsl_codec_common.o(.text.CODEC_SetVolume)
    DMA0_DriverIRQHandler                    0x00000d25   Thumb Code    12  fsl_dma.o(.text.DMA0_DriverIRQHandler)
    DMA1_DriverIRQHandler                    0x00000d31   Thumb Code    12  fsl_dma.o(.text.DMA1_DriverIRQHandler)
    DMA_IRQHandle                            0x00000d3d   Thumb Code   266  fsl_dma.o(.text.DMA_IRQHandle)
    DbgConsole_Init                          0x00000e49   Thumb Code    82  fsl_debug_console.o(.text.DbgConsole_Init)
    DbgConsole_Printf                        0x00000e9d   Thumb Code    32  fsl_debug_console.o(.text.DbgConsole_Printf)
    DbgConsole_Vprintf                       0x00000ebd   Thumb Code  1080  fsl_debug_console.o(.text.DbgConsole_Vprintf)
    FLEXCOMM0_DriverIRQHandler               0x000012f5   Thumb Code    54  fsl_flexcomm.o(.text.FLEXCOMM0_DriverIRQHandler)
    FLEXCOMM1_DriverIRQHandler               0x0000132d   Thumb Code    54  fsl_flexcomm.o(.text.FLEXCOMM1_DriverIRQHandler)
    FLEXCOMM2_DriverIRQHandler               0x00001365   Thumb Code    54  fsl_flexcomm.o(.text.FLEXCOMM2_DriverIRQHandler)
    FLEXCOMM3_DriverIRQHandler               0x0000139d   Thumb Code    54  fsl_flexcomm.o(.text.FLEXCOMM3_DriverIRQHandler)
    FLEXCOMM4_DriverIRQHandler               0x000013d5   Thumb Code    54  fsl_flexcomm.o(.text.FLEXCOMM4_DriverIRQHandler)
    FLEXCOMM5_DriverIRQHandler               0x0000140d   Thumb Code    54  fsl_flexcomm.o(.text.FLEXCOMM5_DriverIRQHandler)
    FLEXCOMM6_DriverIRQHandler               0x00001445   Thumb Code    56  fsl_flexcomm.o(.text.FLEXCOMM6_DriverIRQHandler)
    FLEXCOMM7_DriverIRQHandler               0x0000147d   Thumb Code    56  fsl_flexcomm.o(.text.FLEXCOMM7_DriverIRQHandler)
    FLEXCOMM8_DriverIRQHandler               0x000014b5   Thumb Code    56  fsl_flexcomm.o(.text.FLEXCOMM8_DriverIRQHandler)
    FLEXCOMM_Init                            0x000014ed   Thumb Code   172  fsl_flexcomm.o(.text.FLEXCOMM_Init)
    FLEXCOMM_SetIRQHandler                   0x000015bd   Thumb Code    82  fsl_flexcomm.o(.text.FLEXCOMM_SetIRQHandler)
    HAL_CODEC_Init                           0x00001611   Thumb Code    36  fsl_codec_adapter.o(.text.HAL_CODEC_Init)
    HAL_CODEC_SetVolume                      0x0000165d   Thumb Code    42  fsl_codec_adapter.o(.text.HAL_CODEC_SetVolume)
    HAL_CODEC_WM8904_Init                    0x00001689   Thumb Code    40  fsl_codec_wm8904_adapter.o(.text.HAL_CODEC_WM8904_Init)
    HAL_CODEC_WM8904_SetVolume               0x000016d9   Thumb Code   172  fsl_codec_wm8904_adapter.o(.text.HAL_CODEC_WM8904_SetVolume)
    HAL_I2cMasterInit                        0x000017a9   Thumb Code   106  fsl_adapter_flexcomm_i2c.o(.text.HAL_I2cMasterInit)
    HAL_I2cMasterTransferBlocking            0x00001815   Thumb Code   208  fsl_adapter_flexcomm_i2c.o(.text.HAL_I2cMasterTransferBlocking)
    HAL_UartInit                             0x000018e5   Thumb Code   220  fsl_adapter_usart.o(.text.HAL_UartInit)
    HAL_UartReceiveBlocking                  0x000019c9   Thumb Code   108  fsl_adapter_usart.o(.text.HAL_UartReceiveBlocking)
    HAL_UartSendBlocking                     0x00001a35   Thumb Code   102  fsl_adapter_usart.o(.text.HAL_UartSendBlocking)
    I2C_MasterGetDefaultConfig               0x00001b21   Thumb Code    34  fsl_i2c.o(.text.I2C_MasterGetDefaultConfig)
    I2C_MasterInit                           0x00001b45   Thumb Code   392  fsl_i2c.o(.text.I2C_MasterInit)
    I2C_MasterReadBlocking                   0x00001ccd   Thumb Code   232  fsl_i2c.o(.text.I2C_MasterReadBlocking)
    I2C_MasterStop                           0x00001e2d   Thumb Code    70  fsl_i2c.o(.text.I2C_MasterStop)
    I2C_MasterTransferBlocking               0x00001e75   Thumb Code   534  fsl_i2c.o(.text.I2C_MasterTransferBlocking)
    I2C_MasterWriteBlocking                  0x0000208d   Thumb Code   344  fsl_i2c.o(.text.I2C_MasterWriteBlocking)
    I2S_RxGetDefaultConfig                   0x00002281   Thumb Code    30  fsl_i2s.o(.text.I2S_RxGetDefaultConfig)
    I2S_RxHandleIRQ                          0x000022a1   Thumb Code   408  fsl_i2s.o(.text.I2S_RxHandleIRQ)
    I2S_RxInit                               0x00002439   Thumb Code    48  fsl_i2s.o(.text.I2S_RxInit)
    I2S_RxTransferCreateHandle               0x00002469   Thumb Code   208  fsl_i2s.o(.text.I2S_RxTransferCreateHandle)
    I2S_RxTransferNonBlocking                0x00002539   Thumb Code   152  fsl_i2s.o(.text.I2S_RxTransferNonBlocking)
    I2S_TxGetDefaultConfig                   0x000025d1   Thumb Code    32  fsl_i2s.o(.text.I2S_TxGetDefaultConfig)
    I2S_TxHandleIRQ                          0x000025f1   Thumb Code   568  fsl_i2s.o(.text.I2S_TxHandleIRQ)
    I2S_TxInit                               0x00002829   Thumb Code    60  fsl_i2s.o(.text.I2S_TxInit)
    I2S_TxTransferCreateHandle               0x00002865   Thumb Code   208  fsl_i2s.o(.text.I2S_TxTransferCreateHandle)
    I2S_TxTransferNonBlocking                0x00002935   Thumb Code   152  fsl_i2s.o(.text.I2S_TxTransferNonBlocking)
    POWER_SetVoltageForFreq                  0x00002bd1   Thumb Code   382  fsl_power.o(.text.POWER_SetVoltageForFreq)
    RESET_ClearPeripheralReset               0x00002d51   Thumb Code    64  fsl_reset.o(.text.RESET_ClearPeripheralReset)
    RESET_PeripheralReset                    0x00002d91   Thumb Code    80  fsl_reset.o(.text.RESET_PeripheralReset)
    SDK_DelayAtLeastUs                       0x00002de9   Thumb Code    64  fsl_common_arm.o(.text.SDK_DelayAtLeastUs)
    SYSCTL_Init                              0x00002e3d   Thumb Code    72  fsl_sysctl.o(.text.SYSCTL_Init)
    SYSCTL_SetShareSet                       0x00002e85   Thumb Code    48  fsl_sysctl.o(.text.SYSCTL_SetShareSet)
    SYSCTL_SetShareSignalSrc                 0x00002eb5   Thumb Code    66  fsl_sysctl.o(.text.SYSCTL_SetShareSignalSrc)
    SystemInit                               0x00002ef9   Thumb Code    68  system_lpc55s69_cm33_core0.o(.text.SystemInit)
    SystemInitHook                           0x00002f3d   Thumb Code     2  system_lpc55s69_cm33_core0.o(.text.SystemInitHook)
    USART_GetDefaultConfig                   0x00002f49   Thumb Code    52  fsl_usart.o(.text.USART_GetDefaultConfig)
    USART_Init                               0x00002f8d   Thumb Code   320  fsl_usart.o(.text.USART_Init)
    USART_ReadBlocking                       0x0000310d   Thumb Code   158  fsl_usart.o(.text.USART_ReadBlocking)
    USART_SetBaudRate                        0x000031ad   Thumb Code   238  fsl_usart.o(.text.USART_SetBaudRate)
    USART_WriteBlocking                      0x0000329d   Thumb Code    74  fsl_usart.o(.text.USART_WriteBlocking)
    WM8904_CheckAudioFormat                  0x000032e9   Thumb Code   320  fsl_wm8904.o(.text.WM8904_CheckAudioFormat)
    WM8904_Init                              0x00003469   Thumb Code   792  fsl_wm8904.o(.text.WM8904_Init)
    WM8904_ModifyRegister                    0x000037b5   Thumb Code   202  fsl_wm8904.o(.text.WM8904_ModifyRegister)
    WM8904_SetChannelMute                    0x00003881   Thumb Code   102  fsl_wm8904.o(.text.WM8904_SetChannelMute)
    WM8904_SetChannelVolume                  0x000038e9   Thumb Code   132  fsl_wm8904.o(.text.WM8904_SetChannelVolume)
    WM8904_SetDACVolume                      0x000039a1   Thumb Code   136  fsl_wm8904.o(.text.WM8904_SetDACVolume)
    WM8904_SetFLLConfig                      0x00003a29   Thumb Code   520  fsl_wm8904.o(.text.WM8904_SetFLLConfig)
    WM8904_SetMasterClock                    0x00003c41   Thumb Code   798  fsl_wm8904.o(.text.WM8904_SetMasterClock)
    WM8904_SetRecord                         0x00003f61   Thumb Code   158  fsl_wm8904.o(.text.WM8904_SetRecord)
    WM8904_SetRecordChannel                  0x00004001   Thumb Code   124  fsl_wm8904.o(.text.WM8904_SetRecordChannel)
    WM8904_WriteRegister                     0x000041b9   Thumb Code    90  fsl_wm8904.o(.text.WM8904_WriteRegister)
    __aeabi_assert                           0x00004215   Thumb Code    32  fsl_assert.o(.text.__aeabi_assert)
    fsl_assert_hook                          0x00004261   Thumb Code     4  fsl_assert.o(.text.fsl_assert_hook)
    main                                     0x00004265   Thumb Code   328  i2s_interrupt_record_playback.o(.text.main)
    __scatterload_copy                       0x00004405   Thumb Code    14  handlers.o(i.__scatterload_copy)
    __scatterload_null                       0x00004413   Thumb Code     2  handlers.o(i.__scatterload_null)
    __scatterload_zeroinit                   0x00004415   Thumb Code    14  handlers.o(i.__scatterload_zeroinit)
    Region$$Table$$Base                      0x000050c0   Number         0  anon$$obj.o(Region$$Table)
    Region$$Table$$Limit                     0x000050e0   Number         0  anon$$obj.o(Region$$Table)
    SystemCoreClock                          0x20000000   Data           4  system_lpc55s69_cm33_core0.o(.data.SystemCoreClock)
    boardCodecConfig                         0x20000004   Data           8  hardware_init.o(.data.boardCodecConfig)
    wm8904Config                             0x20000010   Data          36  hardware_init.o(.data.wm8904Config)
    codecHandle                              0x20000034   Data         124  i2s_interrupt_record_playback.o(.bss.codecHandle)
    Image$$ARM_LIB_HEAP$$ZI$$Base            0x20000410   Number         0  anon$$obj.o ABSOLUTE
    Image$$ARM_LIB_HEAP$$ZI$$Limit           0x20000810   Number         0  anon$$obj.o ABSOLUTE
    Image$$ARM_LIB_STACK$$ZI$$Base           0x20032c00   Number         0  anon$$obj.o ABSOLUTE
    Image$$ARM_LIB_STACK$$ZI$$Limit          0x20033000   Number         0  anon$$obj.o ABSOLUTE



==============================================================================

Memory Map of the image

  Image Entry point : 0x00000215

  Load Region LR_m_text (Base: 0x00000000, Size: 0x00005114, Max: 0x00072000, ABSOLUTE)

    Execution Region VECTOR_ROM (Exec base: 0x00000000, Load base: 0x00000000, Size: 0x00000130, Max: 0x00000200, ABSOLUTE)

    Exec Addr    Load Addr    Size         Type   Attr      Idx    E Section Name        Object

    0x00000000   0x00000000   0x00000130   Data   RO          737    .isr_vector         startup_lpc55s69_cm33_core0.o


    Execution Region ER_m_text (Exec base: 0x00000200, Load base: 0x00000200, Size: 0x00004ee0, Max: 0x00071e00, ABSOLUTE, FIXED)

    Exec Addr    Load Addr    Size         Type   Attr      Idx    E Section Name        Object

    0x00000200   0x00000200   0x00000000   Code   RO         1033  * .ARM.Collect$$$$00000000  mc_w.l(entry.o)
    0x00000200   0x00000200   0x00000004   Code   RO         1083    .ARM.Collect$$$$00000003  mc_w.l(entry4.o)
    0x00000204   0x00000204   0x00000004   Code   RO         1086    .ARM.Collect$$$$00000004  mc_w.l(entry5.o)
    0x00000208   0x00000208   0x00000000   Code   RO         1088    .ARM.Collect$$$$00000008  mc_w.l(entry7b.o)
    0x00000208   0x00000208   0x00000000   Code   RO         1090    .ARM.Collect$$$$0000000A  mc_w.l(entry8b.o)
    0x00000208   0x00000208   0x00000008   Code   RO         1091    .ARM.Collect$$$$0000000B  mc_w.l(entry9a.o)
    0x00000210   0x00000210   0x00000000   Code   RO         1093    .ARM.Collect$$$$0000000D  mc_w.l(entry10a.o)
    0x00000210   0x00000210   0x00000000   Code   RO         1095    .ARM.Collect$$$$0000000F  mc_w.l(entry11a.o)
    0x00000210   0x00000210   0x00000004   Code   RO         1084    .ARM.Collect$$$$00002714  mc_w.l(entry4.o)
    0x00000214   0x00000214   0x00000240   Code   RO          736  * .text               startup_lpc55s69_cm33_core0.o
    0x00000454   0x00000454   0x000000a0   Code   RO          754    .text               fsl_memcpy.o
    0x000004f4   0x000004f4   0x00000062   Code   RO         1036    .text               mc_w.l(uldiv.o)
    0x00000556   0x00000556   0x00000012   Code   RO         1038    .text               mc_w.l(memset.o)
    0x00000568   0x00000568   0x0000000e   Code   RO         1042    .text               mc_w.l(strlen.o)
    0x00000576   0x00000576   0x0000001e   Code   RO         1097    .text               mc_w.l(llshl.o)
    0x00000594   0x00000594   0x00000020   Code   RO         1099    .text               mc_w.l(llushr.o)
    0x000005b4   0x000005b4   0x00000030   Code   RO         1138    .text               mc_w.l(init.o)
    0x000005e4   0x000005e4   0x0000005e   Code   RO           65    .text.BOARD_BootClockFROHF96M  clock_config.o
    0x00000642   0x00000642   0x00000002   PAD
    0x00000644   0x00000644   0x0000004c   Code   RO           78    .text.BOARD_InitBootPins  pin_mux.o
    0x00000690   0x00000690   0x0000002c   Code   RO           29    .text.BOARD_InitDebugConsole  board.o
    0x000006bc   0x000006bc   0x000001a0   Code   RO           92    .text.BOARD_InitHardware  hardware_init.o
    0x0000085c   0x0000085c   0x00000062   Code   RO          103    .text.CLOCK_AttachClk  fsl_clock.o
    0x000008be   0x000008be   0x00000002   PAD
    0x000008c0   0x000008c0   0x0000000c   Code   RO          127    .text.CLOCK_GetPll0OutFreq  fsl_clock.o
    0x000008cc   0x000008cc   0x00000038   Code   RO          107    .text.CLOCK_SetClkDiv  fsl_clock.o
    0x00000904   0x00000904   0x0000011c   Code   RO          115    .text.CLOCK_SetFLASHAccessCyclesForFreq  fsl_clock.o
    0x00000a20   0x00000a20   0x0000015e   Code   RO          187    .text.CLOCK_SetPLL0Freq  fsl_clock.o
    0x00000b7e   0x00000b7e   0x00000002   PAD
    0x00000b80   0x00000b80   0x00000064   Code   RO          113    .text.CLOCK_SetupFROClocking  fsl_clock.o
    0x00000be4   0x00000be4   0x0000001e   Code   RO          799    .text.CODEC_I2C_Init  fsl_codec_i2c.o
    0x00000c02   0x00000c02   0x00000002   PAD
    0x00000c04   0x00000c04   0x0000002e   Code   RO          805    .text.CODEC_I2C_Receive  fsl_codec_i2c.o
    0x00000c32   0x00000c32   0x00000002   PAD
    0x00000c34   0x00000c34   0x0000002c   Code   RO          803    .text.CODEC_I2C_Send  fsl_codec_i2c.o
    0x00000c60   0x00000c60   0x00000044   Code   RO          815    .text.CODEC_Init    fsl_codec_common.o
    0x00000ca4   0x00000ca4   0x00000080   Code   RO          823    .text.CODEC_SetVolume  fsl_codec_common.o
    0x00000d24   0x00000d24   0x0000000c   Code   RO          664    .text.DMA0_DriverIRQHandler  fsl_dma.o
    0x00000d30   0x00000d30   0x0000000c   Code   RO          666    .text.DMA1_DriverIRQHandler  fsl_dma.o
    0x00000d3c   0x00000d3c   0x0000010a   Code   RO          662    .text.DMA_IRQHandle  fsl_dma.o
    0x00000e46   0x00000e46   0x00000002   PAD
    0x00000e48   0x00000e48   0x00000052   Code   RO          772    .text.DbgConsole_Init  fsl_debug_console.o
    0x00000e9a   0x00000e9a   0x00000002   PAD
    0x00000e9c   0x00000e9c   0x00000020   Code   RO          780    .text.DbgConsole_Printf  fsl_debug_console.o
    0x00000ebc   0x00000ebc   0x00000438   Code   RO          782    .text.DbgConsole_Vprintf  fsl_debug_console.o
    0x000012f4   0x000012f4   0x00000036   Code   RO          304    .text.FLEXCOMM0_DriverIRQHandler  fsl_flexcomm.o
    0x0000132a   0x0000132a   0x00000002   PAD
    0x0000132c   0x0000132c   0x00000036   Code   RO          306    .text.FLEXCOMM1_DriverIRQHandler  fsl_flexcomm.o
    0x00001362   0x00001362   0x00000002   PAD
    0x00001364   0x00001364   0x00000036   Code   RO          308    .text.FLEXCOMM2_DriverIRQHandler  fsl_flexcomm.o
    0x0000139a   0x0000139a   0x00000002   PAD
    0x0000139c   0x0000139c   0x00000036   Code   RO          310    .text.FLEXCOMM3_DriverIRQHandler  fsl_flexcomm.o
    0x000013d2   0x000013d2   0x00000002   PAD
    0x000013d4   0x000013d4   0x00000036   Code   RO          312    .text.FLEXCOMM4_DriverIRQHandler  fsl_flexcomm.o
    0x0000140a   0x0000140a   0x00000002   PAD
    0x0000140c   0x0000140c   0x00000036   Code   RO          314    .text.FLEXCOMM5_DriverIRQHandler  fsl_flexcomm.o
    0x00001442   0x00001442   0x00000002   PAD
    0x00001444   0x00001444   0x00000038   Code   RO          316    .text.FLEXCOMM6_DriverIRQHandler  fsl_flexcomm.o
    0x0000147c   0x0000147c   0x00000038   Code   RO          318    .text.FLEXCOMM7_DriverIRQHandler  fsl_flexcomm.o
    0x000014b4   0x000014b4   0x00000038   Code   RO          320    .text.FLEXCOMM8_DriverIRQHandler  fsl_flexcomm.o
    0x000014ec   0x000014ec   0x000000d0   Code   RO          300    .text.FLEXCOMM_Init  fsl_flexcomm.o
    0x000015bc   0x000015bc   0x00000052   Code   RO          302    .text.FLEXCOMM_SetIRQHandler  fsl_flexcomm.o
    0x0000160e   0x0000160e   0x00000002   PAD
    0x00001610   0x00001610   0x0000004c   Code   RO          905    .text.HAL_CODEC_Init  fsl_codec_adapter.o
    0x0000165c   0x0000165c   0x0000002a   Code   RO          911    .text.HAL_CODEC_SetVolume  fsl_codec_adapter.o
    0x00001686   0x00001686   0x00000002   PAD
    0x00001688   0x00001688   0x00000050   Code   RO          934    .text.HAL_CODEC_WM8904_Init  fsl_codec_wm8904_adapter.o
    0x000016d8   0x000016d8   0x000000d0   Code   RO          940    .text.HAL_CODEC_WM8904_SetVolume  fsl_codec_wm8904_adapter.o
    0x000017a8   0x000017a8   0x0000006a   Code   RO          964    .text.HAL_I2cMasterInit  fsl_adapter_flexcomm_i2c.o
    0x00001812   0x00001812   0x00000002   PAD
    0x00001814   0x00001814   0x000000d0   Code   RO          980    .text.HAL_I2cMasterTransferBlocking  fsl_adapter_flexcomm_i2c.o
    0x000018e4   0x000018e4   0x000000e4   Code   RO         1012    .text.HAL_UartInit  fsl_adapter_usart.o
    0x000019c8   0x000019c8   0x0000006c   Code   RO         1016    .text.HAL_UartReceiveBlocking  fsl_adapter_usart.o
    0x00001a34   0x00001a34   0x00000066   Code   RO         1018    .text.HAL_UartSendBlocking  fsl_adapter_usart.o
    0x00001a9a   0x00001a9a   0x00000002   PAD
    0x00001a9c   0x00001a9c   0x00000082   Code   RO          555    .text.I2C_MasterCheckStartResponse  fsl_i2c.o
    0x00001b1e   0x00001b1e   0x00000002   PAD
    0x00001b20   0x00001b20   0x00000022   Code   RO          533    .text.I2C_MasterGetDefaultConfig  fsl_i2c.o
    0x00001b42   0x00001b42   0x00000002   PAD
    0x00001b44   0x00001b44   0x00000188   Code   RO          535    .text.I2C_MasterInit  fsl_i2c.o
    0x00001ccc   0x00001ccc   0x000000f8   Code   RO          551    .text.I2C_MasterReadBlocking  fsl_i2c.o
    0x00001dc4   0x00001dc4   0x00000068   Code   RO          557    .text.I2C_MasterRepeatedStart  fsl_i2c.o
    0x00001e2c   0x00001e2c   0x00000046   Code   RO          547    .text.I2C_MasterStop  fsl_i2c.o
    0x00001e72   0x00001e72   0x00000002   PAD
    0x00001e74   0x00001e74   0x00000216   Code   RO          553    .text.I2C_MasterTransferBlocking  fsl_i2c.o
    0x0000208a   0x0000208a   0x00000002   PAD
    0x0000208c   0x0000208c   0x00000168   Code   RO          549    .text.I2C_MasterWriteBlocking  fsl_i2c.o
    0x000021f4   0x000021f4   0x0000008c   Code   RO          486    .text.I2S_Config    fsl_i2s.o
    0x00002280   0x00002280   0x0000001e   Code   RO          494    .text.I2S_RxGetDefaultConfig  fsl_i2s.o
    0x0000229e   0x0000229e   0x00000002   PAD
    0x000022a0   0x000022a0   0x00000198   Code   RO          510    .text.I2S_RxHandleIRQ  fsl_i2s.o
    0x00002438   0x00002438   0x00000030   Code   RO          488    .text.I2S_RxInit    fsl_i2s.o
    0x00002468   0x00002468   0x000000d0   Code   RO          508    .text.I2S_RxTransferCreateHandle  fsl_i2s.o
    0x00002538   0x00002538   0x00000098   Code   RO          512    .text.I2S_RxTransferNonBlocking  fsl_i2s.o
    0x000025d0   0x000025d0   0x00000020   Code   RO          492    .text.I2S_TxGetDefaultConfig  fsl_i2s.o
    0x000025f0   0x000025f0   0x00000238   Code   RO          500    .text.I2S_TxHandleIRQ  fsl_i2s.o
    0x00002828   0x00002828   0x0000003c   Code   RO          484    .text.I2S_TxInit    fsl_i2s.o
    0x00002864   0x00002864   0x000000d0   Code   RO          498    .text.I2S_TxTransferCreateHandle  fsl_i2s.o
    0x00002934   0x00002934   0x00000098   Code   RO          502    .text.I2S_TxTransferNonBlocking  fsl_i2s.o
    0x000029cc   0x000029cc   0x00000204   Code   RO          504    .text.I2S_ValidateBuffer  fsl_i2s.o
    0x00002bd0   0x00002bd0   0x0000017e   Code   RO          237    .text.POWER_SetVoltageForFreq  fsl_power.o
    0x00002d4e   0x00002d4e   0x00000002   PAD
    0x00002d50   0x00002d50   0x00000040   Code   RO          258    .text.RESET_ClearPeripheralReset  fsl_reset.o
    0x00002d90   0x00002d90   0x00000050   Code   RO          260    .text.RESET_PeripheralReset  fsl_reset.o
    0x00002de0   0x00002de0   0x00000008   Code   RO            8    .text.RxCallback    i2s_interrupt_record_playback.o
    0x00002de8   0x00002de8   0x00000054   Code   RO          287    .text.SDK_DelayAtLeastUs  fsl_common_arm.o
    0x00002e3c   0x00002e3c   0x00000048   Code   RO          697    .text.SYSCTL_Init   fsl_sysctl.o
    0x00002e84   0x00002e84   0x00000030   Code   RO          701    .text.SYSCTL_SetShareSet  fsl_sysctl.o
    0x00002eb4   0x00002eb4   0x00000042   Code   RO          707    .text.SYSCTL_SetShareSignalSrc  fsl_sysctl.o
    0x00002ef6   0x00002ef6   0x00000002   PAD
    0x00002ef8   0x00002ef8   0x00000044   Code   RO          718    .text.SystemInit    system_lpc55s69_cm33_core0.o
    0x00002f3c   0x00002f3c   0x00000002   Code   RO          720    .text.SystemInitHook  system_lpc55s69_cm33_core0.o
    0x00002f3e   0x00002f3e   0x00000002   PAD
    0x00002f40   0x00002f40   0x00000008   Code   RO            6    .text.TxCallback    i2s_interrupt_record_playback.o
    0x00002f48   0x00002f48   0x00000044   Code   RO          350    .text.USART_GetDefaultConfig  fsl_usart.o
    0x00002f8c   0x00002f8c   0x00000180   Code   RO          344    .text.USART_Init    fsl_usart.o
    0x0000310c   0x0000310c   0x0000009e   Code   RO          360    .text.USART_ReadBlocking  fsl_usart.o
    0x000031aa   0x000031aa   0x00000002   PAD
    0x000031ac   0x000031ac   0x000000ee   Code   RO          346    .text.USART_SetBaudRate  fsl_usart.o
    0x0000329a   0x0000329a   0x00000002   PAD
    0x0000329c   0x0000329c   0x0000004a   Code   RO          358    .text.USART_WriteBlocking  fsl_usart.o
    0x000032e6   0x000032e6   0x00000002   PAD
    0x000032e8   0x000032e8   0x00000180   Code   RO          858    .text.WM8904_CheckAudioFormat  fsl_wm8904.o
    0x00003468   0x00003468   0x0000034c   Code   RO          850    .text.WM8904_Init   fsl_wm8904.o
    0x000037b4   0x000037b4   0x000000ca   Code   RO          848    .text.WM8904_ModifyRegister  fsl_wm8904.o
    0x0000387e   0x0000387e   0x00000002   PAD
    0x00003880   0x00003880   0x00000066   Code   RO          890    .text.WM8904_SetChannelMute  fsl_wm8904.o
    0x000038e6   0x000038e6   0x00000002   PAD
    0x000038e8   0x000038e8   0x000000b8   Code   RO          888    .text.WM8904_SetChannelVolume  fsl_wm8904.o
    0x000039a0   0x000039a0   0x00000088   Code   RO          892    .text.WM8904_SetDACVolume  fsl_wm8904.o
    0x00003a28   0x00003a28   0x00000218   Code   RO          856    .text.WM8904_SetFLLConfig  fsl_wm8904.o
    0x00003c40   0x00003c40   0x0000031e   Code   RO          860    .text.WM8904_SetMasterClock  fsl_wm8904.o
    0x00003f5e   0x00003f5e   0x00000002   PAD
    0x00003f60   0x00003f60   0x0000009e   Code   RO          862    .text.WM8904_SetRecord  fsl_wm8904.o
    0x00003ffe   0x00003ffe   0x00000002   PAD
    0x00004000   0x00004000   0x0000007c   Code   RO          864    .text.WM8904_SetRecordChannel  fsl_wm8904.o
    0x0000407c   0x0000407c   0x000000d0   Code   RO          880    .text.WM8904_UpdateFormat  fsl_wm8904.o
    0x0000414c   0x0000414c   0x0000006c   Code   RO          852    .text.WM8904_WaitOnWriteSequencer  fsl_wm8904.o
    0x000041b8   0x000041b8   0x0000005a   Code   RO          844    .text.WM8904_WriteRegister  fsl_wm8904.o
    0x00004212   0x00004212   0x00000002   PAD
    0x00004214   0x00004214   0x0000004c   Code   RO          745    .text.__aeabi_assert  fsl_assert.o
    0x00004260   0x00004260   0x00000004   Code   RO          743    .text.fsl_assert_hook  fsl_assert.o
    0x00004264   0x00004264   0x000001a0   Code   RO            4    .text.main          i2s_interrupt_record_playback.o
    0x00004404   0x00004404   0x0000000e   Code   RO         1144    i.__scatterload_copy  mc_w.l(handlers.o)
    0x00004412   0x00004412   0x00000002   Code   RO         1145    i.__scatterload_null  mc_w.l(handlers.o)
    0x00004414   0x00004414   0x0000000e   Code   RO         1146    i.__scatterload_zeroinit  mc_w.l(handlers.o)
    0x00004422   0x00004422   0x00000002   PAD
    0x00004424   0x00004424   0x00000020   Data   RO          522    .rodata.cst32       fsl_i2s.o
    0x00004444   0x00004444   0x00000020   Data   RO         1003    .rodata.cst32       fsl_adapter_flexcomm_i2c.o
    0x00004464   0x00004464   0x00000020   Data   RO         1025    .rodata.cst32       fsl_adapter_usart.o
    0x00004484   0x00004484   0x00000008   Data   RO          521    .rodata.cst8        fsl_i2s.o
    0x0000448c   0x0000448c   0x00000008   Data   RO          672    .rodata.cst8        fsl_dma.o
    0x00004494   0x00004494   0x00000024   Data   RO          323    .rodata.s_flexcommBaseAddrs  fsl_flexcomm.o
    0x000044b8   0x000044b8   0x00000012   Data   RO          325    .rodata.s_flexcommClocks  fsl_flexcomm.o
    0x000044ca   0x000044ca   0x00000002   PAD
    0x000044cc   0x000044cc   0x00000010   Data   RO          955    .rodata.s_wm8904_capability  fsl_codec_wm8904_adapter.o
    0x000044dc   0x000044dc   0x00000029   Data   RO           12    .rodata.str1.1      i2s_interrupt_record_playback.o
    0x00004505   0x00004505   0x00000047   Data   RO          262    .rodata.str1.1      fsl_reset.o
    0x0000454c   0x0000454c   0x0000003f   Data   RO          289    .rodata.str1.1      fsl_common_arm.o
    0x0000458b   0x0000458b   0x00000091   Data   RO          324    .rodata.str1.1      fsl_flexcomm.o
    0x0000461c   0x0000461c   0x00000138   Data   RO          379    .rodata.str1.1      fsl_usart.o
    0x00004754   0x00004754   0x0000010d   Data   RO          520    .rodata.str1.1      fsl_i2s.o
    0x00004861   0x00004861   0x00000097   Data   RO          596    .rodata.str1.1      fsl_i2c.o
    0x000048f8   0x000048f8   0x000004f1   Data   RO          670    .rodata.str1.1      fsl_dma.o
    0x00004de9   0x00004de9   0x0000005f   Data   RO          709    .rodata.str1.1      fsl_sysctl.o
    0x00004e48   0x00004e48   0x0000008b   Data   RO          835    .rodata.str1.1      fsl_codec_common.o
    0x00004ed3   0x00004ed3   0x00000074   Data   RO          896    .rodata.str1.1      fsl_wm8904.o
    0x00004f47   0x00004f47   0x0000003f   Data   RO          925    .rodata.str1.1      fsl_codec_adapter.o
    0x00004f86   0x00004f86   0x0000004d   Data   RO          954    .rodata.str1.1      fsl_codec_wm8904_adapter.o
    0x00004fd3   0x00004fd3   0x0000005f   Data   RO         1002    .rodata.str1.1      fsl_adapter_flexcomm_i2c.o
    0x00005032   0x00005032   0x0000008c   Data   RO         1024    .rodata.str1.1      fsl_adapter_usart.o
    0x000050be   0x000050be   0x00000002   PAD
    0x000050c0   0x000050c0   0x00000020   Data   RO         1143    Region$$Table       anon$$obj.o


    Execution Region RW_m_data (Exec base: 0x20000000, Load base: 0x000050e0, Size: 0x00000410, Max: 0x00032800, ABSOLUTE)

    Exec Addr    Load Addr    Size         Type   Attr      Idx    E Section Name        Object

    0x20000000   0x000050e0   0x00000004   Data   RW          728    .data.SystemCoreClock  system_lpc55s69_cm33_core0.o
    0x20000004   0x000050e4   0x00000008   Data   RW           95    .data.boardCodecConfig  hardware_init.o
    0x2000000c   0x000050ec   0x00000004   Data   RW          205    .data.s_Ext_Clk_Freq  fsl_clock.o
    0x20000010   0x000050f0   0x00000024   Data   RW           94    .data.wm8904Config  hardware_init.o
    0x20000034        -       0x0000007c   Zero   RW           11    .bss.codecHandle    i2s_interrupt_record_playback.o
    0x200000b0        -       0x00000190   Zero   RW           15    .bss.s_Buffer       i2s_interrupt_record_playback.o
    0x20000240        -       0x000000b8   Zero   RW          671    .bss.s_DMAHandle    fsl_dma.o
    0x200002f8        -       0x00000004   Zero   RW          209    .bss.s_Pll0_Freq    fsl_clock.o
    0x200002fc        -       0x00000012   Zero   RW           14    .bss.s_RxConfig     i2s_interrupt_record_playback.o
    0x2000030e   0x00005114   0x00000002   PAD
    0x20000310        -       0x00000040   Zero   RW           19    .bss.s_RxHandle     i2s_interrupt_record_playback.o
    0x20000350        -       0x00000008   Zero   RW           17    .bss.s_RxTransfer   i2s_interrupt_record_playback.o
    0x20000358        -       0x00000012   Zero   RW           13    .bss.s_TxConfig     i2s_interrupt_record_playback.o
    0x2000036a   0x00005114   0x00000002   PAD
    0x2000036c        -       0x00000040   Zero   RW           18    .bss.s_TxHandle     i2s_interrupt_record_playback.o
    0x200003ac        -       0x00000008   Zero   RW           16    .bss.s_TxTransfer   i2s_interrupt_record_playback.o
    0x200003b4        -       0x00000014   Zero   RW          790    .bss.s_debugConsole  fsl_debug_console.o
    0x200003c8        -       0x00000024   Zero   RW          327    .bss.s_flexcommHandle  fsl_flexcomm.o
    0x200003ec        -       0x00000024   Zero   RW          326    .bss.s_flexcommIrqHandler  fsl_flexcomm.o


    Execution Region ARM_LIB_HEAP (Exec base: 0x20000410, Load base: 0x00005114, Size: 0x00000400, Max: 0x00000400, ABSOLUTE)

    Exec Addr    Load Addr    Size         Type   Attr      Idx    E Section Name        Object

    0x20000410        -       0x00000400   Zero   RW            1    ARM_LIB_HEAP.bss    anon$$obj.o


    Execution Region ARM_LIB_STACK (Exec base: 0x20032c00, Load base: 0x00005114, Size: 0x00000400, Max: 0x00000400, ABSOLUTE)

    Exec Addr    Load Addr    Size         Type   Attr      Idx    E Section Name        Object

    0x20032c00        -       0x00000400   Zero   RW            2    ARM_LIB_STACK.bss   anon$$obj.o


    Execution Region RW_m_usb_bdt (Exec base: 0x40100000, Load base: 0x00005114, Size: 0x00000000, Max: 0x00000000, ABSOLUTE, UNINIT)

    **** No section assigned to this execution region ****


    Execution Region RW_m_usb_ram (Exec base: 0x40100000, Load base: 0x00005114, Size: 0x00000000, Max: 0x00004000, ABSOLUTE, UNINIT)

    **** No section assigned to this execution region ****



  Load Region LR_CORE1_IMAGE (Base: 0x00072000, Size: 0x00000000, Max: 0xffffffff, ABSOLUTE)

    Execution Region CORE1_REGION (Exec base: 0x00072000, Load base: 0x00072000, Size: 0x00000000, Max: 0x0002b800, ABSOLUTE)

    **** No section assigned to this execution region ****


==============================================================================

Image component sizes


      Code (inc. data)   RO Data    RW Data    ZI Data      Debug   Object Name

        44          0          0          0          0      14051   board.o
        94          0          0          0          0      14456   clock_config.o
       314         12        127          0          0      16634   fsl_adapter_flexcomm_i2c.o
       438          8        172          0          0       7393   fsl_adapter_usart.o
        80         44          0          0          0       1128   fsl_assert.o
       900          4          0          4          4      45726   fsl_clock.o
       118         40         63          0          0       6459   fsl_codec_adapter.o
       196         76        139          0          0       7704   fsl_codec_common.o
       120          0          0          0          0       3406   fsl_codec_i2c.o
       288         76         93          0          0       9777   fsl_codec_wm8904_adapter.o
        84         20         63          0          0       2537   fsl_common_arm.o
      1194        142          0          0         20      12278   fsl_debug_console.o
       290          0       1273          0        184      32119   fsl_dma.o
       782         36        199          0         72      15271   fsl_flexcomm.o
      1872         32        151          0          0      37455   fsl_i2c.o
      2522        152        309          0          0      16594   fsl_i2s.o
       160          0          0          0          0        878   fsl_memcpy.o
       382          0          0          0          0      33110   fsl_power.o
       144          0         71          0          0       8928   fsl_reset.o
       186          0         95          0          0      11427   fsl_sysctl.o
       922         80        312          0          0      22102   fsl_usart.o
      3874        424        116          0          0      25180   fsl_wm8904.o
       416         32          0         44          0      24291   hardware_init.o
       432         88         41          0        704       5687   i2s_interrupt_record_playback.o
        76          0          0          0          0      10184   pin_mux.o
       576        280        304          0          0       2775   startup_lpc55s69_cm33_core0.o
        70          0          0          4          0      10951   system_lpc55s69_cm33_core0.o

    ----------------------------------------------------------------------
     16640       1546       3564         52       3036     398501   Object Totals
         0          0         32          0       2048          0   (incl. Generated)
        66          0          4          0          4          0   (incl. Padding)

    ----------------------------------------------------------------------

      Code (inc. data)   RO Data    RW Data    ZI Data      Debug   Library Member Name

         0          0          0          0          0          0   entry.o
         0          0          0          0          0          0   entry10a.o
         0          0          0          0          0          0   entry11a.o
         8          4          0          0          0          0   entry4.o
         4          0          0          0          0          0   entry5.o
         0          0          0          0          0          0   entry7b.o
         0          0          0          0          0          0   entry8b.o
         8          4          0          0          0          0   entry9a.o
        30          0          0          0          0          0   handlers.o
        48         10          0          0          0         68   init.o
        30          0          0          0          0         68   llshl.o
        32          0          0          0          0         68   llushr.o
        18          0          0          0          0         76   memset.o
        14          0          0          0          0         68   strlen.o
        98          0          0          0          0         92   uldiv.o

    ----------------------------------------------------------------------
       292         18          0          0          0        440   Library Totals
         2          0          0          0          0          0   (incl. Padding)

    ----------------------------------------------------------------------

      Code (inc. data)   RO Data    RW Data    ZI Data      Debug   Library Name

       290         18          0          0          0        440   mc_w.l

    ----------------------------------------------------------------------
       292         18          0          0          0        440   Library Totals

    ----------------------------------------------------------------------

==============================================================================


      Code (inc. data)   RO Data    RW Data    ZI Data      Debug   

     16932       1564       3564         52       3036     398561   Grand Totals
     16932       1564       3564         52       3036     398561   ELF Image Totals
     16932       1564       3564         52          0          0   ROM Totals

==============================================================================

    Total RO  Size (Code + RO Data)                20496 (  20.02kB)
    Total RW  Size (RW Data + ZI Data)              3088 (   3.02kB)
    Total ROM Size (Code + RO Data + RW Data)      20548 (  20.07kB)

==============================================================================

