<!doctype html public "-//w3c//dtd html 4.0 transitional//en">
<html><head>
<title>Static Call Graph - [debug\i2s_interrupt_record_playback_cm33_core0.out]</title></head>
<body><HR>
<H1>Static Call Graph for image debug\i2s_interrupt_record_playback_cm33_core0.out</H1><HR>
<BR><P>#&#060CALLGRAPH&#062# ARM Linker, 6230001: Last Updated: Tue May 27 19:38:29 2025
<BR><P>
<H3>Maximum Stack Usage =        432 bytes + Unknown(Functions without stacksize, Untraceable Function Pointers)</H3><H3>
Call chain for Maximum Stack Depth:</H3>
main &rArr; CODEC_Init &rArr; HAL_CODEC_Init &rArr; HAL_CODEC_WM8904_Init &rArr; WM8904_Init &rArr; WM8904_CheckAudioFormat &rArr; WM8904_UpdateFormat &rArr; WM8904_ModifyRegister &rArr; CODEC_I2C_Receive &rArr; HAL_I2cMasterTransferBlocking &rArr; I2C_MasterTransferBlocking &rArr; I2C_MasterReadBlocking &rArr; __aeabi_assert &rArr; DbgConsole_Printf &rArr; DbgConsole_Vprintf
<P>
<H3>
Functions with no stack information
</H3><UL>
 <LI><a href="#[0]">Reset_Handler</a>
 <LI><a href="#[62]">ACMP_DriverIRQHandler</a>
 <LI><a href="#[60]">ADC0_DriverIRQHandler</a>
 <LI><a href="#[4]">BusFault_Handler</a>
 <LI><a href="#[81]">CASER_DriverIRQHandler</a>
 <LI><a href="#[54]">CTIMER0_DriverIRQHandler</a>
 <LI><a href="#[55]">CTIMER1_DriverIRQHandler</a>
 <LI><a href="#[6e]">CTIMER2_DriverIRQHandler</a>
 <LI><a href="#[57]">CTIMER3_DriverIRQHandler</a>
 <LI><a href="#[6f]">CTIMER4_DriverIRQHandler</a>
 <LI><a href="#[8]">DebugMon_Handler</a>
 <LI><a href="#[8c]">DefaultISR</a>
 <LI><a href="#[4c]">GINT0_DriverIRQHandler</a>
 <LI><a href="#[4d]">GINT1_DriverIRQHandler</a>
 <LI><a href="#[80]">HASHCRYPT_DriverIRQHandler</a>
 <LI><a href="#[69]">MAILBOX_DriverIRQHandler</a>
 <LI><a href="#[53]">MRT0_DriverIRQHandler</a>
 <LI><a href="#[3]">MemManage_Handler</a>
 <LI><a href="#[70]">OS_EVENT_DriverIRQHandler</a>
 <LI><a href="#[4e]">PIN_INT0_DriverIRQHandler</a>
 <LI><a href="#[4f]">PIN_INT1_DriverIRQHandler</a>
 <LI><a href="#[50]">PIN_INT2_DriverIRQHandler</a>
 <LI><a href="#[51]">PIN_INT3_DriverIRQHandler</a>
 <LI><a href="#[6a]">PIN_INT4_DriverIRQHandler</a>
 <LI><a href="#[6b]">PIN_INT5_DriverIRQHandler</a>
 <LI><a href="#[6c]">PIN_INT6_DriverIRQHandler</a>
 <LI><a href="#[6d]">PIN_INT7_DriverIRQHandler</a>
 <LI><a href="#[7e]">PLU_DriverIRQHandler</a>
 <LI><a href="#[83]">PQ_DriverIRQHandler</a>
 <LI><a href="#[82]">PUF_DriverIRQHandler</a>
 <LI><a href="#[67]">RTC_DriverIRQHandler</a>
 <LI><a href="#[61]">Reserved39_DriverIRQHandler</a>
 <LI><a href="#[63]">Reserved41_DriverIRQHandler</a>
 <LI><a href="#[64]">Reserved42_DriverIRQHandler</a>
 <LI><a href="#[68]">Reserved46_DriverIRQHandler</a>
 <LI><a href="#[71]">Reserved55_DriverIRQHandler</a>
 <LI><a href="#[72]">Reserved56_DriverIRQHandler</a>
 <LI><a href="#[73]">Reserved57_DriverIRQHandler</a>
 <LI><a href="#[75]">Reserved59_DriverIRQHandler</a>
 <LI><a href="#[76]">Reserved60_DriverIRQHandler</a>
 <LI><a href="#[77]">Reserved61_DriverIRQHandler</a>
 <LI><a href="#[56]">SCT0_DriverIRQHandler</a>
 <LI><a href="#[74]">SDIO_DriverIRQHandler</a>
 <LI><a href="#[7c]">SEC_GPIO_INT0_IRQ0_DriverIRQHandler</a>
 <LI><a href="#[7d]">SEC_GPIO_INT0_IRQ1_DriverIRQHandler</a>
 <LI><a href="#[7b]">SEC_HYPERVISOR_CALL_DriverIRQHandler</a>
 <LI><a href="#[7f]">SEC_VIO_DriverIRQHandler</a>
 <LI><a href="#[6]">SecureFault_Handler</a>
 <LI><a href="#[66]">USB0_DriverIRQHandler</a>
 <LI><a href="#[65]">USB0_NEEDCLK_DriverIRQHandler</a>
 <LI><a href="#[79]">USB1_DriverIRQHandler</a>
 <LI><a href="#[7a]">USB1_NEEDCLK_DriverIRQHandler</a>
 <LI><a href="#[78]">USB1_PHY_DriverIRQHandler</a>
 <LI><a href="#[52]">UTICK0_DriverIRQHandler</a>
 <LI><a href="#[5]">UsageFault_Handler</a>
 <LI><a href="#[4a]">WDT_BOD_DriverIRQHandler</a>
 <LI><a href="#[1]">NMI_Handler</a>
 <LI><a href="#[2]">HardFault_Handler</a>
 <LI><a href="#[7]">SVC_Handler</a>
 <LI><a href="#[9]">PendSV_Handler</a>
 <LI><a href="#[a]">SysTick_Handler</a>
 <LI><a href="#[b]">WDT_BOD_IRQHandler</a>
 <LI><a href="#[c]">DMA0_IRQHandler</a>
 <LI><a href="#[d]">GINT0_IRQHandler</a>
 <LI><a href="#[e]">GINT1_IRQHandler</a>
 <LI><a href="#[f]">PIN_INT0_IRQHandler</a>
 <LI><a href="#[10]">PIN_INT1_IRQHandler</a>
 <LI><a href="#[11]">PIN_INT2_IRQHandler</a>
 <LI><a href="#[12]">PIN_INT3_IRQHandler</a>
 <LI><a href="#[13]">UTICK0_IRQHandler</a>
 <LI><a href="#[14]">MRT0_IRQHandler</a>
 <LI><a href="#[15]">CTIMER0_IRQHandler</a>
 <LI><a href="#[16]">CTIMER1_IRQHandler</a>
 <LI><a href="#[17]">SCT0_IRQHandler</a>
 <LI><a href="#[18]">CTIMER3_IRQHandler</a>
 <LI><a href="#[19]">FLEXCOMM0_IRQHandler</a>
 <LI><a href="#[1a]">FLEXCOMM1_IRQHandler</a>
 <LI><a href="#[1b]">FLEXCOMM2_IRQHandler</a>
 <LI><a href="#[1c]">FLEXCOMM3_IRQHandler</a>
 <LI><a href="#[1d]">FLEXCOMM4_IRQHandler</a>
 <LI><a href="#[1e]">FLEXCOMM5_IRQHandler</a>
 <LI><a href="#[1f]">FLEXCOMM6_IRQHandler</a>
 <LI><a href="#[20]">FLEXCOMM7_IRQHandler</a>
 <LI><a href="#[21]">ADC0_IRQHandler</a>
 <LI><a href="#[22]">Reserved39_IRQHandler</a>
 <LI><a href="#[23]">ACMP_IRQHandler</a>
 <LI><a href="#[24]">Reserved41_IRQHandler</a>
 <LI><a href="#[25]">Reserved42_IRQHandler</a>
 <LI><a href="#[26]">USB0_NEEDCLK_IRQHandler</a>
 <LI><a href="#[27]">USB0_IRQHandler</a>
 <LI><a href="#[28]">RTC_IRQHandler</a>
 <LI><a href="#[29]">Reserved46_IRQHandler</a>
 <LI><a href="#[2a]">MAILBOX_IRQHandler</a>
 <LI><a href="#[2b]">PIN_INT4_IRQHandler</a>
 <LI><a href="#[2c]">PIN_INT5_IRQHandler</a>
 <LI><a href="#[2d]">PIN_INT6_IRQHandler</a>
 <LI><a href="#[2e]">PIN_INT7_IRQHandler</a>
 <LI><a href="#[2f]">CTIMER2_IRQHandler</a>
 <LI><a href="#[30]">CTIMER4_IRQHandler</a>
 <LI><a href="#[31]">OS_EVENT_IRQHandler</a>
 <LI><a href="#[32]">Reserved55_IRQHandler</a>
 <LI><a href="#[33]">Reserved56_IRQHandler</a>
 <LI><a href="#[34]">Reserved57_IRQHandler</a>
 <LI><a href="#[35]">SDIO_IRQHandler</a>
 <LI><a href="#[36]">Reserved59_IRQHandler</a>
 <LI><a href="#[37]">Reserved60_IRQHandler</a>
 <LI><a href="#[38]">Reserved61_IRQHandler</a>
 <LI><a href="#[39]">USB1_PHY_IRQHandler</a>
 <LI><a href="#[3a]">USB1_IRQHandler</a>
 <LI><a href="#[3b]">USB1_NEEDCLK_IRQHandler</a>
 <LI><a href="#[3c]">SEC_HYPERVISOR_CALL_IRQHandler</a>
 <LI><a href="#[3d]">SEC_GPIO_INT0_IRQ0_IRQHandler</a>
 <LI><a href="#[3e]">SEC_GPIO_INT0_IRQ1_IRQHandler</a>
 <LI><a href="#[3f]">PLU_IRQHandler</a>
 <LI><a href="#[40]">SEC_VIO_IRQHandler</a>
 <LI><a href="#[41]">HASHCRYPT_IRQHandler</a>
 <LI><a href="#[42]">CASER_IRQHandler</a>
 <LI><a href="#[43]">PUF_IRQHandler</a>
 <LI><a href="#[44]">PQ_IRQHandler</a>
 <LI><a href="#[45]">DMA1_IRQHandler</a>
 <LI><a href="#[46]">FLEXCOMM8_IRQHandler</a>
 <LI><a href="#[b2]">memcpy</a>
</UL>
</UL>
<P>
<H3>
Function Pointers
</H3><UL>
 <LI><a href="#[62]">ACMP_DriverIRQHandler</a> from startup_lpc55s69_cm33_core0.o(.text) referenced from startup_lpc55s69_cm33_core0.o(.text)
 <LI><a href="#[23]">ACMP_IRQHandler</a> from startup_lpc55s69_cm33_core0.o(.text) referenced from startup_lpc55s69_cm33_core0.o(.isr_vector)
 <LI><a href="#[60]">ADC0_DriverIRQHandler</a> from startup_lpc55s69_cm33_core0.o(.text) referenced from startup_lpc55s69_cm33_core0.o(.text)
 <LI><a href="#[21]">ADC0_IRQHandler</a> from startup_lpc55s69_cm33_core0.o(.text) referenced from startup_lpc55s69_cm33_core0.o(.isr_vector)
 <LI><a href="#[4]">BusFault_Handler</a> from startup_lpc55s69_cm33_core0.o(.text) referenced from startup_lpc55s69_cm33_core0.o(.isr_vector)
 <LI><a href="#[81]">CASER_DriverIRQHandler</a> from startup_lpc55s69_cm33_core0.o(.text) referenced from startup_lpc55s69_cm33_core0.o(.text)
 <LI><a href="#[42]">CASER_IRQHandler</a> from startup_lpc55s69_cm33_core0.o(.text) referenced from startup_lpc55s69_cm33_core0.o(.isr_vector)
 <LI><a href="#[54]">CTIMER0_DriverIRQHandler</a> from startup_lpc55s69_cm33_core0.o(.text) referenced from startup_lpc55s69_cm33_core0.o(.text)
 <LI><a href="#[15]">CTIMER0_IRQHandler</a> from startup_lpc55s69_cm33_core0.o(.text) referenced from startup_lpc55s69_cm33_core0.o(.isr_vector)
 <LI><a href="#[55]">CTIMER1_DriverIRQHandler</a> from startup_lpc55s69_cm33_core0.o(.text) referenced from startup_lpc55s69_cm33_core0.o(.text)
 <LI><a href="#[16]">CTIMER1_IRQHandler</a> from startup_lpc55s69_cm33_core0.o(.text) referenced from startup_lpc55s69_cm33_core0.o(.isr_vector)
 <LI><a href="#[6e]">CTIMER2_DriverIRQHandler</a> from startup_lpc55s69_cm33_core0.o(.text) referenced from startup_lpc55s69_cm33_core0.o(.text)
 <LI><a href="#[2f]">CTIMER2_IRQHandler</a> from startup_lpc55s69_cm33_core0.o(.text) referenced from startup_lpc55s69_cm33_core0.o(.isr_vector)
 <LI><a href="#[57]">CTIMER3_DriverIRQHandler</a> from startup_lpc55s69_cm33_core0.o(.text) referenced from startup_lpc55s69_cm33_core0.o(.text)
 <LI><a href="#[18]">CTIMER3_IRQHandler</a> from startup_lpc55s69_cm33_core0.o(.text) referenced from startup_lpc55s69_cm33_core0.o(.isr_vector)
 <LI><a href="#[6f]">CTIMER4_DriverIRQHandler</a> from startup_lpc55s69_cm33_core0.o(.text) referenced from startup_lpc55s69_cm33_core0.o(.text)
 <LI><a href="#[30]">CTIMER4_IRQHandler</a> from startup_lpc55s69_cm33_core0.o(.text) referenced from startup_lpc55s69_cm33_core0.o(.isr_vector)
 <LI><a href="#[4b]">DMA0_DriverIRQHandler</a> from fsl_dma.o(.text.DMA0_DriverIRQHandler) referenced from startup_lpc55s69_cm33_core0.o(.text)
 <LI><a href="#[c]">DMA0_IRQHandler</a> from startup_lpc55s69_cm33_core0.o(.text) referenced from startup_lpc55s69_cm33_core0.o(.isr_vector)
 <LI><a href="#[84]">DMA1_DriverIRQHandler</a> from fsl_dma.o(.text.DMA1_DriverIRQHandler) referenced from startup_lpc55s69_cm33_core0.o(.text)
 <LI><a href="#[45]">DMA1_IRQHandler</a> from startup_lpc55s69_cm33_core0.o(.text) referenced from startup_lpc55s69_cm33_core0.o(.isr_vector)
 <LI><a href="#[8]">DebugMon_Handler</a> from startup_lpc55s69_cm33_core0.o(.text) referenced from startup_lpc55s69_cm33_core0.o(.isr_vector)
 <LI><a href="#[58]">FLEXCOMM0_DriverIRQHandler</a> from fsl_flexcomm.o(.text.FLEXCOMM0_DriverIRQHandler) referenced from startup_lpc55s69_cm33_core0.o(.text)
 <LI><a href="#[19]">FLEXCOMM0_IRQHandler</a> from startup_lpc55s69_cm33_core0.o(.text) referenced from startup_lpc55s69_cm33_core0.o(.isr_vector)
 <LI><a href="#[59]">FLEXCOMM1_DriverIRQHandler</a> from fsl_flexcomm.o(.text.FLEXCOMM1_DriverIRQHandler) referenced from startup_lpc55s69_cm33_core0.o(.text)
 <LI><a href="#[1a]">FLEXCOMM1_IRQHandler</a> from startup_lpc55s69_cm33_core0.o(.text) referenced from startup_lpc55s69_cm33_core0.o(.isr_vector)
 <LI><a href="#[5a]">FLEXCOMM2_DriverIRQHandler</a> from fsl_flexcomm.o(.text.FLEXCOMM2_DriverIRQHandler) referenced from startup_lpc55s69_cm33_core0.o(.text)
 <LI><a href="#[1b]">FLEXCOMM2_IRQHandler</a> from startup_lpc55s69_cm33_core0.o(.text) referenced from startup_lpc55s69_cm33_core0.o(.isr_vector)
 <LI><a href="#[5b]">FLEXCOMM3_DriverIRQHandler</a> from fsl_flexcomm.o(.text.FLEXCOMM3_DriverIRQHandler) referenced from startup_lpc55s69_cm33_core0.o(.text)
 <LI><a href="#[1c]">FLEXCOMM3_IRQHandler</a> from startup_lpc55s69_cm33_core0.o(.text) referenced from startup_lpc55s69_cm33_core0.o(.isr_vector)
 <LI><a href="#[5c]">FLEXCOMM4_DriverIRQHandler</a> from fsl_flexcomm.o(.text.FLEXCOMM4_DriverIRQHandler) referenced from startup_lpc55s69_cm33_core0.o(.text)
 <LI><a href="#[1d]">FLEXCOMM4_IRQHandler</a> from startup_lpc55s69_cm33_core0.o(.text) referenced from startup_lpc55s69_cm33_core0.o(.isr_vector)
 <LI><a href="#[5d]">FLEXCOMM5_DriverIRQHandler</a> from fsl_flexcomm.o(.text.FLEXCOMM5_DriverIRQHandler) referenced from startup_lpc55s69_cm33_core0.o(.text)
 <LI><a href="#[1e]">FLEXCOMM5_IRQHandler</a> from startup_lpc55s69_cm33_core0.o(.text) referenced from startup_lpc55s69_cm33_core0.o(.isr_vector)
 <LI><a href="#[5e]">FLEXCOMM6_DriverIRQHandler</a> from fsl_flexcomm.o(.text.FLEXCOMM6_DriverIRQHandler) referenced from startup_lpc55s69_cm33_core0.o(.text)
 <LI><a href="#[1f]">FLEXCOMM6_IRQHandler</a> from startup_lpc55s69_cm33_core0.o(.text) referenced from startup_lpc55s69_cm33_core0.o(.isr_vector)
 <LI><a href="#[5f]">FLEXCOMM7_DriverIRQHandler</a> from fsl_flexcomm.o(.text.FLEXCOMM7_DriverIRQHandler) referenced from startup_lpc55s69_cm33_core0.o(.text)
 <LI><a href="#[20]">FLEXCOMM7_IRQHandler</a> from startup_lpc55s69_cm33_core0.o(.text) referenced from startup_lpc55s69_cm33_core0.o(.isr_vector)
 <LI><a href="#[85]">FLEXCOMM8_DriverIRQHandler</a> from fsl_flexcomm.o(.text.FLEXCOMM8_DriverIRQHandler) referenced from startup_lpc55s69_cm33_core0.o(.text)
 <LI><a href="#[46]">FLEXCOMM8_IRQHandler</a> from startup_lpc55s69_cm33_core0.o(.text) referenced from startup_lpc55s69_cm33_core0.o(.isr_vector)
 <LI><a href="#[4c]">GINT0_DriverIRQHandler</a> from startup_lpc55s69_cm33_core0.o(.text) referenced from startup_lpc55s69_cm33_core0.o(.text)
 <LI><a href="#[d]">GINT0_IRQHandler</a> from startup_lpc55s69_cm33_core0.o(.text) referenced from startup_lpc55s69_cm33_core0.o(.isr_vector)
 <LI><a href="#[4d]">GINT1_DriverIRQHandler</a> from startup_lpc55s69_cm33_core0.o(.text) referenced from startup_lpc55s69_cm33_core0.o(.text)
 <LI><a href="#[e]">GINT1_IRQHandler</a> from startup_lpc55s69_cm33_core0.o(.text) referenced from startup_lpc55s69_cm33_core0.o(.isr_vector)
 <LI><a href="#[87]">HAL_UartReceiveBlocking</a> from fsl_adapter_usart.o(.text.HAL_UartReceiveBlocking) referenced 2 times from fsl_debug_console.o(.text.DbgConsole_Init)
 <LI><a href="#[86]">HAL_UartSendBlocking</a> from fsl_adapter_usart.o(.text.HAL_UartSendBlocking) referenced 2 times from fsl_debug_console.o(.text.DbgConsole_Init)
 <LI><a href="#[80]">HASHCRYPT_DriverIRQHandler</a> from startup_lpc55s69_cm33_core0.o(.text) referenced from startup_lpc55s69_cm33_core0.o(.text)
 <LI><a href="#[41]">HASHCRYPT_IRQHandler</a> from startup_lpc55s69_cm33_core0.o(.text) referenced from startup_lpc55s69_cm33_core0.o(.isr_vector)
 <LI><a href="#[2]">HardFault_Handler</a> from startup_lpc55s69_cm33_core0.o(.text) referenced from startup_lpc55s69_cm33_core0.o(.isr_vector)
 <LI><a href="#[2]">HardFault_Handler</a> from startup_lpc55s69_cm33_core0.o(.text) referenced from startup_lpc55s69_cm33_core0.o(.text)
 <LI><a href="#[88]">I2S_RxHandleIRQ</a> from fsl_i2s.o(.text.I2S_RxHandleIRQ) referenced 2 times from fsl_i2s.o(.text.I2S_RxTransferCreateHandle)
 <LI><a href="#[89]">I2S_TxHandleIRQ</a> from fsl_i2s.o(.text.I2S_TxHandleIRQ) referenced 2 times from fsl_i2s.o(.text.I2S_TxTransferCreateHandle)
 <LI><a href="#[69]">MAILBOX_DriverIRQHandler</a> from startup_lpc55s69_cm33_core0.o(.text) referenced from startup_lpc55s69_cm33_core0.o(.text)
 <LI><a href="#[2a]">MAILBOX_IRQHandler</a> from startup_lpc55s69_cm33_core0.o(.text) referenced from startup_lpc55s69_cm33_core0.o(.isr_vector)
 <LI><a href="#[53]">MRT0_DriverIRQHandler</a> from startup_lpc55s69_cm33_core0.o(.text) referenced from startup_lpc55s69_cm33_core0.o(.text)
 <LI><a href="#[14]">MRT0_IRQHandler</a> from startup_lpc55s69_cm33_core0.o(.text) referenced from startup_lpc55s69_cm33_core0.o(.isr_vector)
 <LI><a href="#[3]">MemManage_Handler</a> from startup_lpc55s69_cm33_core0.o(.text) referenced from startup_lpc55s69_cm33_core0.o(.isr_vector)
 <LI><a href="#[1]">NMI_Handler</a> from startup_lpc55s69_cm33_core0.o(.text) referenced from startup_lpc55s69_cm33_core0.o(.isr_vector)
 <LI><a href="#[1]">NMI_Handler</a> from startup_lpc55s69_cm33_core0.o(.text) referenced from startup_lpc55s69_cm33_core0.o(.text)
 <LI><a href="#[70]">OS_EVENT_DriverIRQHandler</a> from startup_lpc55s69_cm33_core0.o(.text) referenced from startup_lpc55s69_cm33_core0.o(.text)
 <LI><a href="#[31]">OS_EVENT_IRQHandler</a> from startup_lpc55s69_cm33_core0.o(.text) referenced from startup_lpc55s69_cm33_core0.o(.isr_vector)
 <LI><a href="#[4e]">PIN_INT0_DriverIRQHandler</a> from startup_lpc55s69_cm33_core0.o(.text) referenced from startup_lpc55s69_cm33_core0.o(.text)
 <LI><a href="#[f]">PIN_INT0_IRQHandler</a> from startup_lpc55s69_cm33_core0.o(.text) referenced from startup_lpc55s69_cm33_core0.o(.isr_vector)
 <LI><a href="#[4f]">PIN_INT1_DriverIRQHandler</a> from startup_lpc55s69_cm33_core0.o(.text) referenced from startup_lpc55s69_cm33_core0.o(.text)
 <LI><a href="#[10]">PIN_INT1_IRQHandler</a> from startup_lpc55s69_cm33_core0.o(.text) referenced from startup_lpc55s69_cm33_core0.o(.isr_vector)
 <LI><a href="#[50]">PIN_INT2_DriverIRQHandler</a> from startup_lpc55s69_cm33_core0.o(.text) referenced from startup_lpc55s69_cm33_core0.o(.text)
 <LI><a href="#[11]">PIN_INT2_IRQHandler</a> from startup_lpc55s69_cm33_core0.o(.text) referenced from startup_lpc55s69_cm33_core0.o(.isr_vector)
 <LI><a href="#[51]">PIN_INT3_DriverIRQHandler</a> from startup_lpc55s69_cm33_core0.o(.text) referenced from startup_lpc55s69_cm33_core0.o(.text)
 <LI><a href="#[12]">PIN_INT3_IRQHandler</a> from startup_lpc55s69_cm33_core0.o(.text) referenced from startup_lpc55s69_cm33_core0.o(.isr_vector)
 <LI><a href="#[6a]">PIN_INT4_DriverIRQHandler</a> from startup_lpc55s69_cm33_core0.o(.text) referenced from startup_lpc55s69_cm33_core0.o(.text)
 <LI><a href="#[2b]">PIN_INT4_IRQHandler</a> from startup_lpc55s69_cm33_core0.o(.text) referenced from startup_lpc55s69_cm33_core0.o(.isr_vector)
 <LI><a href="#[6b]">PIN_INT5_DriverIRQHandler</a> from startup_lpc55s69_cm33_core0.o(.text) referenced from startup_lpc55s69_cm33_core0.o(.text)
 <LI><a href="#[2c]">PIN_INT5_IRQHandler</a> from startup_lpc55s69_cm33_core0.o(.text) referenced from startup_lpc55s69_cm33_core0.o(.isr_vector)
 <LI><a href="#[6c]">PIN_INT6_DriverIRQHandler</a> from startup_lpc55s69_cm33_core0.o(.text) referenced from startup_lpc55s69_cm33_core0.o(.text)
 <LI><a href="#[2d]">PIN_INT6_IRQHandler</a> from startup_lpc55s69_cm33_core0.o(.text) referenced from startup_lpc55s69_cm33_core0.o(.isr_vector)
 <LI><a href="#[6d]">PIN_INT7_DriverIRQHandler</a> from startup_lpc55s69_cm33_core0.o(.text) referenced from startup_lpc55s69_cm33_core0.o(.text)
 <LI><a href="#[2e]">PIN_INT7_IRQHandler</a> from startup_lpc55s69_cm33_core0.o(.text) referenced from startup_lpc55s69_cm33_core0.o(.isr_vector)
 <LI><a href="#[7e]">PLU_DriverIRQHandler</a> from startup_lpc55s69_cm33_core0.o(.text) referenced from startup_lpc55s69_cm33_core0.o(.text)
 <LI><a href="#[3f]">PLU_IRQHandler</a> from startup_lpc55s69_cm33_core0.o(.text) referenced from startup_lpc55s69_cm33_core0.o(.isr_vector)
 <LI><a href="#[83]">PQ_DriverIRQHandler</a> from startup_lpc55s69_cm33_core0.o(.text) referenced from startup_lpc55s69_cm33_core0.o(.text)
 <LI><a href="#[44]">PQ_IRQHandler</a> from startup_lpc55s69_cm33_core0.o(.text) referenced from startup_lpc55s69_cm33_core0.o(.isr_vector)
 <LI><a href="#[82]">PUF_DriverIRQHandler</a> from startup_lpc55s69_cm33_core0.o(.text) referenced from startup_lpc55s69_cm33_core0.o(.text)
 <LI><a href="#[43]">PUF_IRQHandler</a> from startup_lpc55s69_cm33_core0.o(.text) referenced from startup_lpc55s69_cm33_core0.o(.isr_vector)
 <LI><a href="#[9]">PendSV_Handler</a> from startup_lpc55s69_cm33_core0.o(.text) referenced from startup_lpc55s69_cm33_core0.o(.isr_vector)
 <LI><a href="#[9]">PendSV_Handler</a> from startup_lpc55s69_cm33_core0.o(.text) referenced from startup_lpc55s69_cm33_core0.o(.text)
 <LI><a href="#[67]">RTC_DriverIRQHandler</a> from startup_lpc55s69_cm33_core0.o(.text) referenced from startup_lpc55s69_cm33_core0.o(.text)
 <LI><a href="#[28]">RTC_IRQHandler</a> from startup_lpc55s69_cm33_core0.o(.text) referenced from startup_lpc55s69_cm33_core0.o(.isr_vector)
 <LI><a href="#[61]">Reserved39_DriverIRQHandler</a> from startup_lpc55s69_cm33_core0.o(.text) referenced from startup_lpc55s69_cm33_core0.o(.text)
 <LI><a href="#[22]">Reserved39_IRQHandler</a> from startup_lpc55s69_cm33_core0.o(.text) referenced from startup_lpc55s69_cm33_core0.o(.isr_vector)
 <LI><a href="#[63]">Reserved41_DriverIRQHandler</a> from startup_lpc55s69_cm33_core0.o(.text) referenced from startup_lpc55s69_cm33_core0.o(.text)
 <LI><a href="#[24]">Reserved41_IRQHandler</a> from startup_lpc55s69_cm33_core0.o(.text) referenced from startup_lpc55s69_cm33_core0.o(.isr_vector)
 <LI><a href="#[64]">Reserved42_DriverIRQHandler</a> from startup_lpc55s69_cm33_core0.o(.text) referenced from startup_lpc55s69_cm33_core0.o(.text)
 <LI><a href="#[25]">Reserved42_IRQHandler</a> from startup_lpc55s69_cm33_core0.o(.text) referenced from startup_lpc55s69_cm33_core0.o(.isr_vector)
 <LI><a href="#[68]">Reserved46_DriverIRQHandler</a> from startup_lpc55s69_cm33_core0.o(.text) referenced from startup_lpc55s69_cm33_core0.o(.text)
 <LI><a href="#[29]">Reserved46_IRQHandler</a> from startup_lpc55s69_cm33_core0.o(.text) referenced from startup_lpc55s69_cm33_core0.o(.isr_vector)
 <LI><a href="#[71]">Reserved55_DriverIRQHandler</a> from startup_lpc55s69_cm33_core0.o(.text) referenced from startup_lpc55s69_cm33_core0.o(.text)
 <LI><a href="#[32]">Reserved55_IRQHandler</a> from startup_lpc55s69_cm33_core0.o(.text) referenced from startup_lpc55s69_cm33_core0.o(.isr_vector)
 <LI><a href="#[72]">Reserved56_DriverIRQHandler</a> from startup_lpc55s69_cm33_core0.o(.text) referenced from startup_lpc55s69_cm33_core0.o(.text)
 <LI><a href="#[33]">Reserved56_IRQHandler</a> from startup_lpc55s69_cm33_core0.o(.text) referenced from startup_lpc55s69_cm33_core0.o(.isr_vector)
 <LI><a href="#[73]">Reserved57_DriverIRQHandler</a> from startup_lpc55s69_cm33_core0.o(.text) referenced from startup_lpc55s69_cm33_core0.o(.text)
 <LI><a href="#[34]">Reserved57_IRQHandler</a> from startup_lpc55s69_cm33_core0.o(.text) referenced from startup_lpc55s69_cm33_core0.o(.isr_vector)
 <LI><a href="#[75]">Reserved59_DriverIRQHandler</a> from startup_lpc55s69_cm33_core0.o(.text) referenced from startup_lpc55s69_cm33_core0.o(.text)
 <LI><a href="#[36]">Reserved59_IRQHandler</a> from startup_lpc55s69_cm33_core0.o(.text) referenced from startup_lpc55s69_cm33_core0.o(.isr_vector)
 <LI><a href="#[76]">Reserved60_DriverIRQHandler</a> from startup_lpc55s69_cm33_core0.o(.text) referenced from startup_lpc55s69_cm33_core0.o(.text)
 <LI><a href="#[37]">Reserved60_IRQHandler</a> from startup_lpc55s69_cm33_core0.o(.text) referenced from startup_lpc55s69_cm33_core0.o(.isr_vector)
 <LI><a href="#[77]">Reserved61_DriverIRQHandler</a> from startup_lpc55s69_cm33_core0.o(.text) referenced from startup_lpc55s69_cm33_core0.o(.text)
 <LI><a href="#[38]">Reserved61_IRQHandler</a> from startup_lpc55s69_cm33_core0.o(.text) referenced from startup_lpc55s69_cm33_core0.o(.isr_vector)
 <LI><a href="#[0]">Reset_Handler</a> from startup_lpc55s69_cm33_core0.o(.text) referenced from startup_lpc55s69_cm33_core0.o(.isr_vector)
 <LI><a href="#[8b]">RxCallback</a> from i2s_interrupt_record_playback.o(.text.RxCallback) referenced 2 times from i2s_interrupt_record_playback.o(.text.main)
 <LI><a href="#[56]">SCT0_DriverIRQHandler</a> from startup_lpc55s69_cm33_core0.o(.text) referenced from startup_lpc55s69_cm33_core0.o(.text)
 <LI><a href="#[17]">SCT0_IRQHandler</a> from startup_lpc55s69_cm33_core0.o(.text) referenced from startup_lpc55s69_cm33_core0.o(.isr_vector)
 <LI><a href="#[74]">SDIO_DriverIRQHandler</a> from startup_lpc55s69_cm33_core0.o(.text) referenced from startup_lpc55s69_cm33_core0.o(.text)
 <LI><a href="#[35]">SDIO_IRQHandler</a> from startup_lpc55s69_cm33_core0.o(.text) referenced from startup_lpc55s69_cm33_core0.o(.isr_vector)
 <LI><a href="#[7c]">SEC_GPIO_INT0_IRQ0_DriverIRQHandler</a> from startup_lpc55s69_cm33_core0.o(.text) referenced from startup_lpc55s69_cm33_core0.o(.text)
 <LI><a href="#[3d]">SEC_GPIO_INT0_IRQ0_IRQHandler</a> from startup_lpc55s69_cm33_core0.o(.text) referenced from startup_lpc55s69_cm33_core0.o(.isr_vector)
 <LI><a href="#[7d]">SEC_GPIO_INT0_IRQ1_DriverIRQHandler</a> from startup_lpc55s69_cm33_core0.o(.text) referenced from startup_lpc55s69_cm33_core0.o(.text)
 <LI><a href="#[3e]">SEC_GPIO_INT0_IRQ1_IRQHandler</a> from startup_lpc55s69_cm33_core0.o(.text) referenced from startup_lpc55s69_cm33_core0.o(.isr_vector)
 <LI><a href="#[7b]">SEC_HYPERVISOR_CALL_DriverIRQHandler</a> from startup_lpc55s69_cm33_core0.o(.text) referenced from startup_lpc55s69_cm33_core0.o(.text)
 <LI><a href="#[3c]">SEC_HYPERVISOR_CALL_IRQHandler</a> from startup_lpc55s69_cm33_core0.o(.text) referenced from startup_lpc55s69_cm33_core0.o(.isr_vector)
 <LI><a href="#[7f]">SEC_VIO_DriverIRQHandler</a> from startup_lpc55s69_cm33_core0.o(.text) referenced from startup_lpc55s69_cm33_core0.o(.text)
 <LI><a href="#[40]">SEC_VIO_IRQHandler</a> from startup_lpc55s69_cm33_core0.o(.text) referenced from startup_lpc55s69_cm33_core0.o(.isr_vector)
 <LI><a href="#[7]">SVC_Handler</a> from startup_lpc55s69_cm33_core0.o(.text) referenced from startup_lpc55s69_cm33_core0.o(.isr_vector)
 <LI><a href="#[7]">SVC_Handler</a> from startup_lpc55s69_cm33_core0.o(.text) referenced from startup_lpc55s69_cm33_core0.o(.text)
 <LI><a href="#[6]">SecureFault_Handler</a> from startup_lpc55s69_cm33_core0.o(.text) referenced from startup_lpc55s69_cm33_core0.o(.isr_vector)
 <LI><a href="#[a]">SysTick_Handler</a> from startup_lpc55s69_cm33_core0.o(.text) referenced from startup_lpc55s69_cm33_core0.o(.isr_vector)
 <LI><a href="#[a]">SysTick_Handler</a> from startup_lpc55s69_cm33_core0.o(.text) referenced from startup_lpc55s69_cm33_core0.o(.text)
 <LI><a href="#[48]">SystemInit</a> from system_lpc55s69_cm33_core0.o(.text.SystemInit) referenced from startup_lpc55s69_cm33_core0.o(.text)
 <LI><a href="#[8a]">TxCallback</a> from i2s_interrupt_record_playback.o(.text.TxCallback) referenced 2 times from i2s_interrupt_record_playback.o(.text.main)
 <LI><a href="#[66]">USB0_DriverIRQHandler</a> from startup_lpc55s69_cm33_core0.o(.text) referenced from startup_lpc55s69_cm33_core0.o(.text)
 <LI><a href="#[27]">USB0_IRQHandler</a> from startup_lpc55s69_cm33_core0.o(.text) referenced from startup_lpc55s69_cm33_core0.o(.isr_vector)
 <LI><a href="#[65]">USB0_NEEDCLK_DriverIRQHandler</a> from startup_lpc55s69_cm33_core0.o(.text) referenced from startup_lpc55s69_cm33_core0.o(.text)
 <LI><a href="#[26]">USB0_NEEDCLK_IRQHandler</a> from startup_lpc55s69_cm33_core0.o(.text) referenced from startup_lpc55s69_cm33_core0.o(.isr_vector)
 <LI><a href="#[79]">USB1_DriverIRQHandler</a> from startup_lpc55s69_cm33_core0.o(.text) referenced from startup_lpc55s69_cm33_core0.o(.text)
 <LI><a href="#[3a]">USB1_IRQHandler</a> from startup_lpc55s69_cm33_core0.o(.text) referenced from startup_lpc55s69_cm33_core0.o(.isr_vector)
 <LI><a href="#[7a]">USB1_NEEDCLK_DriverIRQHandler</a> from startup_lpc55s69_cm33_core0.o(.text) referenced from startup_lpc55s69_cm33_core0.o(.text)
 <LI><a href="#[3b]">USB1_NEEDCLK_IRQHandler</a> from startup_lpc55s69_cm33_core0.o(.text) referenced from startup_lpc55s69_cm33_core0.o(.isr_vector)
 <LI><a href="#[78]">USB1_PHY_DriverIRQHandler</a> from startup_lpc55s69_cm33_core0.o(.text) referenced from startup_lpc55s69_cm33_core0.o(.text)
 <LI><a href="#[39]">USB1_PHY_IRQHandler</a> from startup_lpc55s69_cm33_core0.o(.text) referenced from startup_lpc55s69_cm33_core0.o(.isr_vector)
 <LI><a href="#[52]">UTICK0_DriverIRQHandler</a> from startup_lpc55s69_cm33_core0.o(.text) referenced from startup_lpc55s69_cm33_core0.o(.text)
 <LI><a href="#[13]">UTICK0_IRQHandler</a> from startup_lpc55s69_cm33_core0.o(.text) referenced from startup_lpc55s69_cm33_core0.o(.isr_vector)
 <LI><a href="#[5]">UsageFault_Handler</a> from startup_lpc55s69_cm33_core0.o(.text) referenced from startup_lpc55s69_cm33_core0.o(.isr_vector)
 <LI><a href="#[4a]">WDT_BOD_DriverIRQHandler</a> from startup_lpc55s69_cm33_core0.o(.text) referenced from startup_lpc55s69_cm33_core0.o(.text)
 <LI><a href="#[b]">WDT_BOD_IRQHandler</a> from startup_lpc55s69_cm33_core0.o(.text) referenced from startup_lpc55s69_cm33_core0.o(.isr_vector)
 <LI><a href="#[49]">__main</a> from entry.o(.ARM.Collect$$$$00000000) referenced from startup_lpc55s69_cm33_core0.o(.text)
 <LI><a href="#[47]">main</a> from i2s_interrupt_record_playback.o(.text.main) referenced from entry9a.o(.ARM.Collect$$$$0000000B)
</UL>
<P>
<H3>
Global Symbols
</H3>
<P><STRONG><a name="[49]"></a>__main</STRONG> (Thumb, 0 bytes, Stack size unknown bytes, entry.o(.ARM.Collect$$$$00000000))
<BR>[Address Reference Count : 1]<UL><LI> startup_lpc55s69_cm33_core0.o(.text)
</UL>
<P><STRONG><a name="[df]"></a>_main_stk</STRONG> (Thumb, 0 bytes, Stack size unknown bytes, entry4.o(.ARM.Collect$$$$00000003))

<P><STRONG><a name="[8d]"></a>_main_scatterload</STRONG> (Thumb, 0 bytes, Stack size unknown bytes, entry5.o(.ARM.Collect$$$$00000004))
<BR><BR>[Calls]<UL><LI><a href="#[8e]">&gt;&gt;</a>&nbsp;&nbsp;&nbsp;__scatterload
</UL>

<P><STRONG><a name="[92]"></a>__main_after_scatterload</STRONG> (Thumb, 0 bytes, Stack size unknown bytes, entry5.o(.ARM.Collect$$$$00000004))
<BR><BR>[Called By]<UL><LI><a href="#[8e]">&gt;&gt;</a>&nbsp;&nbsp;&nbsp;__scatterload
</UL>

<P><STRONG><a name="[e0]"></a>_main_clock</STRONG> (Thumb, 0 bytes, Stack size unknown bytes, entry7b.o(.ARM.Collect$$$$00000008))

<P><STRONG><a name="[e1]"></a>_main_cpp_init</STRONG> (Thumb, 0 bytes, Stack size unknown bytes, entry8b.o(.ARM.Collect$$$$0000000A))

<P><STRONG><a name="[e2]"></a>_main_init</STRONG> (Thumb, 0 bytes, Stack size unknown bytes, entry9a.o(.ARM.Collect$$$$0000000B))

<P><STRONG><a name="[e3]"></a>__rt_final_cpp</STRONG> (Thumb, 0 bytes, Stack size unknown bytes, entry10a.o(.ARM.Collect$$$$0000000D))

<P><STRONG><a name="[e4]"></a>__rt_final_exit</STRONG> (Thumb, 0 bytes, Stack size unknown bytes, entry11a.o(.ARM.Collect$$$$0000000F))

<P><STRONG><a name="[0]"></a>Reset_Handler</STRONG> (Thumb, 52 bytes, Stack size unknown bytes, startup_lpc55s69_cm33_core0.o(.text))
<BR>[Address Reference Count : 1]<UL><LI> startup_lpc55s69_cm33_core0.o(.isr_vector)
</UL>
<P><STRONG><a name="[62]"></a>ACMP_DriverIRQHandler</STRONG> (Thumb, 4 bytes, Stack size unknown bytes, startup_lpc55s69_cm33_core0.o(.text))
<BR><BR>[Calls]<UL><LI><a href="#[8c]">&gt;&gt;</a>&nbsp;&nbsp;&nbsp;DefaultISR
</UL>
<BR>[Address Reference Count : 1]<UL><LI> startup_lpc55s69_cm33_core0.o(.text)
</UL>
<P><STRONG><a name="[60]"></a>ADC0_DriverIRQHandler</STRONG> (Thumb, 4 bytes, Stack size unknown bytes, startup_lpc55s69_cm33_core0.o(.text))
<BR>[Address Reference Count : 1]<UL><LI> startup_lpc55s69_cm33_core0.o(.text)
</UL>
<P><STRONG><a name="[4]"></a>BusFault_Handler</STRONG> (Thumb, 4 bytes, Stack size unknown bytes, startup_lpc55s69_cm33_core0.o(.text))
<BR>[Address Reference Count : 1]<UL><LI> startup_lpc55s69_cm33_core0.o(.isr_vector)
</UL>
<P><STRONG><a name="[81]"></a>CASER_DriverIRQHandler</STRONG> (Thumb, 4 bytes, Stack size unknown bytes, startup_lpc55s69_cm33_core0.o(.text))
<BR>[Address Reference Count : 1]<UL><LI> startup_lpc55s69_cm33_core0.o(.text)
</UL>
<P><STRONG><a name="[54]"></a>CTIMER0_DriverIRQHandler</STRONG> (Thumb, 4 bytes, Stack size unknown bytes, startup_lpc55s69_cm33_core0.o(.text))
<BR>[Address Reference Count : 1]<UL><LI> startup_lpc55s69_cm33_core0.o(.text)
</UL>
<P><STRONG><a name="[55]"></a>CTIMER1_DriverIRQHandler</STRONG> (Thumb, 4 bytes, Stack size unknown bytes, startup_lpc55s69_cm33_core0.o(.text))
<BR>[Address Reference Count : 1]<UL><LI> startup_lpc55s69_cm33_core0.o(.text)
</UL>
<P><STRONG><a name="[6e]"></a>CTIMER2_DriverIRQHandler</STRONG> (Thumb, 4 bytes, Stack size unknown bytes, startup_lpc55s69_cm33_core0.o(.text))
<BR>[Address Reference Count : 1]<UL><LI> startup_lpc55s69_cm33_core0.o(.text)
</UL>
<P><STRONG><a name="[57]"></a>CTIMER3_DriverIRQHandler</STRONG> (Thumb, 4 bytes, Stack size unknown bytes, startup_lpc55s69_cm33_core0.o(.text))
<BR>[Address Reference Count : 1]<UL><LI> startup_lpc55s69_cm33_core0.o(.text)
</UL>
<P><STRONG><a name="[6f]"></a>CTIMER4_DriverIRQHandler</STRONG> (Thumb, 4 bytes, Stack size unknown bytes, startup_lpc55s69_cm33_core0.o(.text))
<BR>[Address Reference Count : 1]<UL><LI> startup_lpc55s69_cm33_core0.o(.text)
</UL>
<P><STRONG><a name="[8]"></a>DebugMon_Handler</STRONG> (Thumb, 4 bytes, Stack size unknown bytes, startup_lpc55s69_cm33_core0.o(.text))
<BR>[Address Reference Count : 1]<UL><LI> startup_lpc55s69_cm33_core0.o(.isr_vector)
</UL>
<P><STRONG><a name="[8c]"></a>DefaultISR</STRONG> (Thumb, 4 bytes, Stack size unknown bytes, startup_lpc55s69_cm33_core0.o(.text))
<BR><BR>[Called By]<UL><LI><a href="#[62]">&gt;&gt;</a>&nbsp;&nbsp;&nbsp;ACMP_DriverIRQHandler
</UL>

<P><STRONG><a name="[4c]"></a>GINT0_DriverIRQHandler</STRONG> (Thumb, 4 bytes, Stack size unknown bytes, startup_lpc55s69_cm33_core0.o(.text))
<BR>[Address Reference Count : 1]<UL><LI> startup_lpc55s69_cm33_core0.o(.text)
</UL>
<P><STRONG><a name="[4d]"></a>GINT1_DriverIRQHandler</STRONG> (Thumb, 4 bytes, Stack size unknown bytes, startup_lpc55s69_cm33_core0.o(.text))
<BR>[Address Reference Count : 1]<UL><LI> startup_lpc55s69_cm33_core0.o(.text)
</UL>
<P><STRONG><a name="[80]"></a>HASHCRYPT_DriverIRQHandler</STRONG> (Thumb, 4 bytes, Stack size unknown bytes, startup_lpc55s69_cm33_core0.o(.text))
<BR>[Address Reference Count : 1]<UL><LI> startup_lpc55s69_cm33_core0.o(.text)
</UL>
<P><STRONG><a name="[69]"></a>MAILBOX_DriverIRQHandler</STRONG> (Thumb, 4 bytes, Stack size unknown bytes, startup_lpc55s69_cm33_core0.o(.text))
<BR>[Address Reference Count : 1]<UL><LI> startup_lpc55s69_cm33_core0.o(.text)
</UL>
<P><STRONG><a name="[53]"></a>MRT0_DriverIRQHandler</STRONG> (Thumb, 4 bytes, Stack size unknown bytes, startup_lpc55s69_cm33_core0.o(.text))
<BR>[Address Reference Count : 1]<UL><LI> startup_lpc55s69_cm33_core0.o(.text)
</UL>
<P><STRONG><a name="[3]"></a>MemManage_Handler</STRONG> (Thumb, 4 bytes, Stack size unknown bytes, startup_lpc55s69_cm33_core0.o(.text))
<BR>[Address Reference Count : 1]<UL><LI> startup_lpc55s69_cm33_core0.o(.isr_vector)
</UL>
<P><STRONG><a name="[70]"></a>OS_EVENT_DriverIRQHandler</STRONG> (Thumb, 4 bytes, Stack size unknown bytes, startup_lpc55s69_cm33_core0.o(.text))
<BR>[Address Reference Count : 1]<UL><LI> startup_lpc55s69_cm33_core0.o(.text)
</UL>
<P><STRONG><a name="[4e]"></a>PIN_INT0_DriverIRQHandler</STRONG> (Thumb, 4 bytes, Stack size unknown bytes, startup_lpc55s69_cm33_core0.o(.text))
<BR>[Address Reference Count : 1]<UL><LI> startup_lpc55s69_cm33_core0.o(.text)
</UL>
<P><STRONG><a name="[4f]"></a>PIN_INT1_DriverIRQHandler</STRONG> (Thumb, 4 bytes, Stack size unknown bytes, startup_lpc55s69_cm33_core0.o(.text))
<BR>[Address Reference Count : 1]<UL><LI> startup_lpc55s69_cm33_core0.o(.text)
</UL>
<P><STRONG><a name="[50]"></a>PIN_INT2_DriverIRQHandler</STRONG> (Thumb, 4 bytes, Stack size unknown bytes, startup_lpc55s69_cm33_core0.o(.text))
<BR>[Address Reference Count : 1]<UL><LI> startup_lpc55s69_cm33_core0.o(.text)
</UL>
<P><STRONG><a name="[51]"></a>PIN_INT3_DriverIRQHandler</STRONG> (Thumb, 4 bytes, Stack size unknown bytes, startup_lpc55s69_cm33_core0.o(.text))
<BR>[Address Reference Count : 1]<UL><LI> startup_lpc55s69_cm33_core0.o(.text)
</UL>
<P><STRONG><a name="[6a]"></a>PIN_INT4_DriverIRQHandler</STRONG> (Thumb, 4 bytes, Stack size unknown bytes, startup_lpc55s69_cm33_core0.o(.text))
<BR>[Address Reference Count : 1]<UL><LI> startup_lpc55s69_cm33_core0.o(.text)
</UL>
<P><STRONG><a name="[6b]"></a>PIN_INT5_DriverIRQHandler</STRONG> (Thumb, 4 bytes, Stack size unknown bytes, startup_lpc55s69_cm33_core0.o(.text))
<BR>[Address Reference Count : 1]<UL><LI> startup_lpc55s69_cm33_core0.o(.text)
</UL>
<P><STRONG><a name="[6c]"></a>PIN_INT6_DriverIRQHandler</STRONG> (Thumb, 4 bytes, Stack size unknown bytes, startup_lpc55s69_cm33_core0.o(.text))
<BR>[Address Reference Count : 1]<UL><LI> startup_lpc55s69_cm33_core0.o(.text)
</UL>
<P><STRONG><a name="[6d]"></a>PIN_INT7_DriverIRQHandler</STRONG> (Thumb, 4 bytes, Stack size unknown bytes, startup_lpc55s69_cm33_core0.o(.text))
<BR>[Address Reference Count : 1]<UL><LI> startup_lpc55s69_cm33_core0.o(.text)
</UL>
<P><STRONG><a name="[7e]"></a>PLU_DriverIRQHandler</STRONG> (Thumb, 4 bytes, Stack size unknown bytes, startup_lpc55s69_cm33_core0.o(.text))
<BR>[Address Reference Count : 1]<UL><LI> startup_lpc55s69_cm33_core0.o(.text)
</UL>
<P><STRONG><a name="[83]"></a>PQ_DriverIRQHandler</STRONG> (Thumb, 4 bytes, Stack size unknown bytes, startup_lpc55s69_cm33_core0.o(.text))
<BR>[Address Reference Count : 1]<UL><LI> startup_lpc55s69_cm33_core0.o(.text)
</UL>
<P><STRONG><a name="[82]"></a>PUF_DriverIRQHandler</STRONG> (Thumb, 4 bytes, Stack size unknown bytes, startup_lpc55s69_cm33_core0.o(.text))
<BR>[Address Reference Count : 1]<UL><LI> startup_lpc55s69_cm33_core0.o(.text)
</UL>
<P><STRONG><a name="[67]"></a>RTC_DriverIRQHandler</STRONG> (Thumb, 4 bytes, Stack size unknown bytes, startup_lpc55s69_cm33_core0.o(.text))
<BR>[Address Reference Count : 1]<UL><LI> startup_lpc55s69_cm33_core0.o(.text)
</UL>
<P><STRONG><a name="[61]"></a>Reserved39_DriverIRQHandler</STRONG> (Thumb, 4 bytes, Stack size unknown bytes, startup_lpc55s69_cm33_core0.o(.text))
<BR>[Address Reference Count : 1]<UL><LI> startup_lpc55s69_cm33_core0.o(.text)
</UL>
<P><STRONG><a name="[63]"></a>Reserved41_DriverIRQHandler</STRONG> (Thumb, 4 bytes, Stack size unknown bytes, startup_lpc55s69_cm33_core0.o(.text))
<BR>[Address Reference Count : 1]<UL><LI> startup_lpc55s69_cm33_core0.o(.text)
</UL>
<P><STRONG><a name="[64]"></a>Reserved42_DriverIRQHandler</STRONG> (Thumb, 4 bytes, Stack size unknown bytes, startup_lpc55s69_cm33_core0.o(.text))
<BR>[Address Reference Count : 1]<UL><LI> startup_lpc55s69_cm33_core0.o(.text)
</UL>
<P><STRONG><a name="[68]"></a>Reserved46_DriverIRQHandler</STRONG> (Thumb, 4 bytes, Stack size unknown bytes, startup_lpc55s69_cm33_core0.o(.text))
<BR>[Address Reference Count : 1]<UL><LI> startup_lpc55s69_cm33_core0.o(.text)
</UL>
<P><STRONG><a name="[71]"></a>Reserved55_DriverIRQHandler</STRONG> (Thumb, 4 bytes, Stack size unknown bytes, startup_lpc55s69_cm33_core0.o(.text))
<BR>[Address Reference Count : 1]<UL><LI> startup_lpc55s69_cm33_core0.o(.text)
</UL>
<P><STRONG><a name="[72]"></a>Reserved56_DriverIRQHandler</STRONG> (Thumb, 4 bytes, Stack size unknown bytes, startup_lpc55s69_cm33_core0.o(.text))
<BR>[Address Reference Count : 1]<UL><LI> startup_lpc55s69_cm33_core0.o(.text)
</UL>
<P><STRONG><a name="[73]"></a>Reserved57_DriverIRQHandler</STRONG> (Thumb, 4 bytes, Stack size unknown bytes, startup_lpc55s69_cm33_core0.o(.text))
<BR>[Address Reference Count : 1]<UL><LI> startup_lpc55s69_cm33_core0.o(.text)
</UL>
<P><STRONG><a name="[75]"></a>Reserved59_DriverIRQHandler</STRONG> (Thumb, 4 bytes, Stack size unknown bytes, startup_lpc55s69_cm33_core0.o(.text))
<BR>[Address Reference Count : 1]<UL><LI> startup_lpc55s69_cm33_core0.o(.text)
</UL>
<P><STRONG><a name="[76]"></a>Reserved60_DriverIRQHandler</STRONG> (Thumb, 4 bytes, Stack size unknown bytes, startup_lpc55s69_cm33_core0.o(.text))
<BR>[Address Reference Count : 1]<UL><LI> startup_lpc55s69_cm33_core0.o(.text)
</UL>
<P><STRONG><a name="[77]"></a>Reserved61_DriverIRQHandler</STRONG> (Thumb, 4 bytes, Stack size unknown bytes, startup_lpc55s69_cm33_core0.o(.text))
<BR>[Address Reference Count : 1]<UL><LI> startup_lpc55s69_cm33_core0.o(.text)
</UL>
<P><STRONG><a name="[56]"></a>SCT0_DriverIRQHandler</STRONG> (Thumb, 4 bytes, Stack size unknown bytes, startup_lpc55s69_cm33_core0.o(.text))
<BR>[Address Reference Count : 1]<UL><LI> startup_lpc55s69_cm33_core0.o(.text)
</UL>
<P><STRONG><a name="[74]"></a>SDIO_DriverIRQHandler</STRONG> (Thumb, 4 bytes, Stack size unknown bytes, startup_lpc55s69_cm33_core0.o(.text))
<BR>[Address Reference Count : 1]<UL><LI> startup_lpc55s69_cm33_core0.o(.text)
</UL>
<P><STRONG><a name="[7c]"></a>SEC_GPIO_INT0_IRQ0_DriverIRQHandler</STRONG> (Thumb, 4 bytes, Stack size unknown bytes, startup_lpc55s69_cm33_core0.o(.text))
<BR>[Address Reference Count : 1]<UL><LI> startup_lpc55s69_cm33_core0.o(.text)
</UL>
<P><STRONG><a name="[7d]"></a>SEC_GPIO_INT0_IRQ1_DriverIRQHandler</STRONG> (Thumb, 4 bytes, Stack size unknown bytes, startup_lpc55s69_cm33_core0.o(.text))
<BR>[Address Reference Count : 1]<UL><LI> startup_lpc55s69_cm33_core0.o(.text)
</UL>
<P><STRONG><a name="[7b]"></a>SEC_HYPERVISOR_CALL_DriverIRQHandler</STRONG> (Thumb, 4 bytes, Stack size unknown bytes, startup_lpc55s69_cm33_core0.o(.text))
<BR>[Address Reference Count : 1]<UL><LI> startup_lpc55s69_cm33_core0.o(.text)
</UL>
<P><STRONG><a name="[7f]"></a>SEC_VIO_DriverIRQHandler</STRONG> (Thumb, 4 bytes, Stack size unknown bytes, startup_lpc55s69_cm33_core0.o(.text))
<BR>[Address Reference Count : 1]<UL><LI> startup_lpc55s69_cm33_core0.o(.text)
</UL>
<P><STRONG><a name="[6]"></a>SecureFault_Handler</STRONG> (Thumb, 4 bytes, Stack size unknown bytes, startup_lpc55s69_cm33_core0.o(.text))
<BR>[Address Reference Count : 1]<UL><LI> startup_lpc55s69_cm33_core0.o(.isr_vector)
</UL>
<P><STRONG><a name="[66]"></a>USB0_DriverIRQHandler</STRONG> (Thumb, 4 bytes, Stack size unknown bytes, startup_lpc55s69_cm33_core0.o(.text))
<BR>[Address Reference Count : 1]<UL><LI> startup_lpc55s69_cm33_core0.o(.text)
</UL>
<P><STRONG><a name="[65]"></a>USB0_NEEDCLK_DriverIRQHandler</STRONG> (Thumb, 4 bytes, Stack size unknown bytes, startup_lpc55s69_cm33_core0.o(.text))
<BR>[Address Reference Count : 1]<UL><LI> startup_lpc55s69_cm33_core0.o(.text)
</UL>
<P><STRONG><a name="[79]"></a>USB1_DriverIRQHandler</STRONG> (Thumb, 4 bytes, Stack size unknown bytes, startup_lpc55s69_cm33_core0.o(.text))
<BR>[Address Reference Count : 1]<UL><LI> startup_lpc55s69_cm33_core0.o(.text)
</UL>
<P><STRONG><a name="[7a]"></a>USB1_NEEDCLK_DriverIRQHandler</STRONG> (Thumb, 4 bytes, Stack size unknown bytes, startup_lpc55s69_cm33_core0.o(.text))
<BR>[Address Reference Count : 1]<UL><LI> startup_lpc55s69_cm33_core0.o(.text)
</UL>
<P><STRONG><a name="[78]"></a>USB1_PHY_DriverIRQHandler</STRONG> (Thumb, 4 bytes, Stack size unknown bytes, startup_lpc55s69_cm33_core0.o(.text))
<BR>[Address Reference Count : 1]<UL><LI> startup_lpc55s69_cm33_core0.o(.text)
</UL>
<P><STRONG><a name="[52]"></a>UTICK0_DriverIRQHandler</STRONG> (Thumb, 4 bytes, Stack size unknown bytes, startup_lpc55s69_cm33_core0.o(.text))
<BR>[Address Reference Count : 1]<UL><LI> startup_lpc55s69_cm33_core0.o(.text)
</UL>
<P><STRONG><a name="[5]"></a>UsageFault_Handler</STRONG> (Thumb, 4 bytes, Stack size unknown bytes, startup_lpc55s69_cm33_core0.o(.text))
<BR>[Address Reference Count : 1]<UL><LI> startup_lpc55s69_cm33_core0.o(.isr_vector)
</UL>
<P><STRONG><a name="[4a]"></a>WDT_BOD_DriverIRQHandler</STRONG> (Thumb, 4 bytes, Stack size unknown bytes, startup_lpc55s69_cm33_core0.o(.text))
<BR>[Address Reference Count : 1]<UL><LI> startup_lpc55s69_cm33_core0.o(.text)
</UL>
<P><STRONG><a name="[1]"></a>NMI_Handler</STRONG> (Thumb, 4 bytes, Stack size unknown bytes, startup_lpc55s69_cm33_core0.o(.text))
<BR>[Address Reference Count : 2]<UL><LI> startup_lpc55s69_cm33_core0.o(.text)
<LI> startup_lpc55s69_cm33_core0.o(.isr_vector)
</UL>
<P><STRONG><a name="[2]"></a>HardFault_Handler</STRONG> (Thumb, 4 bytes, Stack size unknown bytes, startup_lpc55s69_cm33_core0.o(.text))
<BR>[Address Reference Count : 2]<UL><LI> startup_lpc55s69_cm33_core0.o(.text)
<LI> startup_lpc55s69_cm33_core0.o(.isr_vector)
</UL>
<P><STRONG><a name="[7]"></a>SVC_Handler</STRONG> (Thumb, 4 bytes, Stack size unknown bytes, startup_lpc55s69_cm33_core0.o(.text))
<BR>[Address Reference Count : 2]<UL><LI> startup_lpc55s69_cm33_core0.o(.text)
<LI> startup_lpc55s69_cm33_core0.o(.isr_vector)
</UL>
<P><STRONG><a name="[9]"></a>PendSV_Handler</STRONG> (Thumb, 4 bytes, Stack size unknown bytes, startup_lpc55s69_cm33_core0.o(.text))
<BR>[Address Reference Count : 2]<UL><LI> startup_lpc55s69_cm33_core0.o(.text)
<LI> startup_lpc55s69_cm33_core0.o(.isr_vector)
</UL>
<P><STRONG><a name="[a]"></a>SysTick_Handler</STRONG> (Thumb, 4 bytes, Stack size unknown bytes, startup_lpc55s69_cm33_core0.o(.text))
<BR>[Address Reference Count : 2]<UL><LI> startup_lpc55s69_cm33_core0.o(.text)
<LI> startup_lpc55s69_cm33_core0.o(.isr_vector)
</UL>
<P><STRONG><a name="[b]"></a>WDT_BOD_IRQHandler</STRONG> (Thumb, 4 bytes, Stack size unknown bytes, startup_lpc55s69_cm33_core0.o(.text))
<BR>[Address Reference Count : 1]<UL><LI> startup_lpc55s69_cm33_core0.o(.isr_vector)
</UL>
<P><STRONG><a name="[c]"></a>DMA0_IRQHandler</STRONG> (Thumb, 4 bytes, Stack size unknown bytes, startup_lpc55s69_cm33_core0.o(.text))
<BR>[Address Reference Count : 1]<UL><LI> startup_lpc55s69_cm33_core0.o(.isr_vector)
</UL>
<P><STRONG><a name="[d]"></a>GINT0_IRQHandler</STRONG> (Thumb, 4 bytes, Stack size unknown bytes, startup_lpc55s69_cm33_core0.o(.text))
<BR>[Address Reference Count : 1]<UL><LI> startup_lpc55s69_cm33_core0.o(.isr_vector)
</UL>
<P><STRONG><a name="[e]"></a>GINT1_IRQHandler</STRONG> (Thumb, 4 bytes, Stack size unknown bytes, startup_lpc55s69_cm33_core0.o(.text))
<BR>[Address Reference Count : 1]<UL><LI> startup_lpc55s69_cm33_core0.o(.isr_vector)
</UL>
<P><STRONG><a name="[f]"></a>PIN_INT0_IRQHandler</STRONG> (Thumb, 4 bytes, Stack size unknown bytes, startup_lpc55s69_cm33_core0.o(.text))
<BR>[Address Reference Count : 1]<UL><LI> startup_lpc55s69_cm33_core0.o(.isr_vector)
</UL>
<P><STRONG><a name="[10]"></a>PIN_INT1_IRQHandler</STRONG> (Thumb, 4 bytes, Stack size unknown bytes, startup_lpc55s69_cm33_core0.o(.text))
<BR>[Address Reference Count : 1]<UL><LI> startup_lpc55s69_cm33_core0.o(.isr_vector)
</UL>
<P><STRONG><a name="[11]"></a>PIN_INT2_IRQHandler</STRONG> (Thumb, 4 bytes, Stack size unknown bytes, startup_lpc55s69_cm33_core0.o(.text))
<BR>[Address Reference Count : 1]<UL><LI> startup_lpc55s69_cm33_core0.o(.isr_vector)
</UL>
<P><STRONG><a name="[12]"></a>PIN_INT3_IRQHandler</STRONG> (Thumb, 4 bytes, Stack size unknown bytes, startup_lpc55s69_cm33_core0.o(.text))
<BR>[Address Reference Count : 1]<UL><LI> startup_lpc55s69_cm33_core0.o(.isr_vector)
</UL>
<P><STRONG><a name="[13]"></a>UTICK0_IRQHandler</STRONG> (Thumb, 4 bytes, Stack size unknown bytes, startup_lpc55s69_cm33_core0.o(.text))
<BR>[Address Reference Count : 1]<UL><LI> startup_lpc55s69_cm33_core0.o(.isr_vector)
</UL>
<P><STRONG><a name="[14]"></a>MRT0_IRQHandler</STRONG> (Thumb, 4 bytes, Stack size unknown bytes, startup_lpc55s69_cm33_core0.o(.text))
<BR>[Address Reference Count : 1]<UL><LI> startup_lpc55s69_cm33_core0.o(.isr_vector)
</UL>
<P><STRONG><a name="[15]"></a>CTIMER0_IRQHandler</STRONG> (Thumb, 4 bytes, Stack size unknown bytes, startup_lpc55s69_cm33_core0.o(.text))
<BR>[Address Reference Count : 1]<UL><LI> startup_lpc55s69_cm33_core0.o(.isr_vector)
</UL>
<P><STRONG><a name="[16]"></a>CTIMER1_IRQHandler</STRONG> (Thumb, 4 bytes, Stack size unknown bytes, startup_lpc55s69_cm33_core0.o(.text))
<BR>[Address Reference Count : 1]<UL><LI> startup_lpc55s69_cm33_core0.o(.isr_vector)
</UL>
<P><STRONG><a name="[17]"></a>SCT0_IRQHandler</STRONG> (Thumb, 4 bytes, Stack size unknown bytes, startup_lpc55s69_cm33_core0.o(.text))
<BR>[Address Reference Count : 1]<UL><LI> startup_lpc55s69_cm33_core0.o(.isr_vector)
</UL>
<P><STRONG><a name="[18]"></a>CTIMER3_IRQHandler</STRONG> (Thumb, 4 bytes, Stack size unknown bytes, startup_lpc55s69_cm33_core0.o(.text))
<BR>[Address Reference Count : 1]<UL><LI> startup_lpc55s69_cm33_core0.o(.isr_vector)
</UL>
<P><STRONG><a name="[19]"></a>FLEXCOMM0_IRQHandler</STRONG> (Thumb, 4 bytes, Stack size unknown bytes, startup_lpc55s69_cm33_core0.o(.text))
<BR>[Address Reference Count : 1]<UL><LI> startup_lpc55s69_cm33_core0.o(.isr_vector)
</UL>
<P><STRONG><a name="[1a]"></a>FLEXCOMM1_IRQHandler</STRONG> (Thumb, 4 bytes, Stack size unknown bytes, startup_lpc55s69_cm33_core0.o(.text))
<BR>[Address Reference Count : 1]<UL><LI> startup_lpc55s69_cm33_core0.o(.isr_vector)
</UL>
<P><STRONG><a name="[1b]"></a>FLEXCOMM2_IRQHandler</STRONG> (Thumb, 4 bytes, Stack size unknown bytes, startup_lpc55s69_cm33_core0.o(.text))
<BR>[Address Reference Count : 1]<UL><LI> startup_lpc55s69_cm33_core0.o(.isr_vector)
</UL>
<P><STRONG><a name="[1c]"></a>FLEXCOMM3_IRQHandler</STRONG> (Thumb, 4 bytes, Stack size unknown bytes, startup_lpc55s69_cm33_core0.o(.text))
<BR>[Address Reference Count : 1]<UL><LI> startup_lpc55s69_cm33_core0.o(.isr_vector)
</UL>
<P><STRONG><a name="[1d]"></a>FLEXCOMM4_IRQHandler</STRONG> (Thumb, 4 bytes, Stack size unknown bytes, startup_lpc55s69_cm33_core0.o(.text))
<BR>[Address Reference Count : 1]<UL><LI> startup_lpc55s69_cm33_core0.o(.isr_vector)
</UL>
<P><STRONG><a name="[1e]"></a>FLEXCOMM5_IRQHandler</STRONG> (Thumb, 4 bytes, Stack size unknown bytes, startup_lpc55s69_cm33_core0.o(.text))
<BR>[Address Reference Count : 1]<UL><LI> startup_lpc55s69_cm33_core0.o(.isr_vector)
</UL>
<P><STRONG><a name="[1f]"></a>FLEXCOMM6_IRQHandler</STRONG> (Thumb, 4 bytes, Stack size unknown bytes, startup_lpc55s69_cm33_core0.o(.text))
<BR>[Address Reference Count : 1]<UL><LI> startup_lpc55s69_cm33_core0.o(.isr_vector)
</UL>
<P><STRONG><a name="[20]"></a>FLEXCOMM7_IRQHandler</STRONG> (Thumb, 4 bytes, Stack size unknown bytes, startup_lpc55s69_cm33_core0.o(.text))
<BR>[Address Reference Count : 1]<UL><LI> startup_lpc55s69_cm33_core0.o(.isr_vector)
</UL>
<P><STRONG><a name="[21]"></a>ADC0_IRQHandler</STRONG> (Thumb, 4 bytes, Stack size unknown bytes, startup_lpc55s69_cm33_core0.o(.text))
<BR>[Address Reference Count : 1]<UL><LI> startup_lpc55s69_cm33_core0.o(.isr_vector)
</UL>
<P><STRONG><a name="[22]"></a>Reserved39_IRQHandler</STRONG> (Thumb, 4 bytes, Stack size unknown bytes, startup_lpc55s69_cm33_core0.o(.text))
<BR>[Address Reference Count : 1]<UL><LI> startup_lpc55s69_cm33_core0.o(.isr_vector)
</UL>
<P><STRONG><a name="[23]"></a>ACMP_IRQHandler</STRONG> (Thumb, 4 bytes, Stack size unknown bytes, startup_lpc55s69_cm33_core0.o(.text))
<BR>[Address Reference Count : 1]<UL><LI> startup_lpc55s69_cm33_core0.o(.isr_vector)
</UL>
<P><STRONG><a name="[24]"></a>Reserved41_IRQHandler</STRONG> (Thumb, 4 bytes, Stack size unknown bytes, startup_lpc55s69_cm33_core0.o(.text))
<BR>[Address Reference Count : 1]<UL><LI> startup_lpc55s69_cm33_core0.o(.isr_vector)
</UL>
<P><STRONG><a name="[25]"></a>Reserved42_IRQHandler</STRONG> (Thumb, 4 bytes, Stack size unknown bytes, startup_lpc55s69_cm33_core0.o(.text))
<BR>[Address Reference Count : 1]<UL><LI> startup_lpc55s69_cm33_core0.o(.isr_vector)
</UL>
<P><STRONG><a name="[26]"></a>USB0_NEEDCLK_IRQHandler</STRONG> (Thumb, 4 bytes, Stack size unknown bytes, startup_lpc55s69_cm33_core0.o(.text))
<BR>[Address Reference Count : 1]<UL><LI> startup_lpc55s69_cm33_core0.o(.isr_vector)
</UL>
<P><STRONG><a name="[27]"></a>USB0_IRQHandler</STRONG> (Thumb, 4 bytes, Stack size unknown bytes, startup_lpc55s69_cm33_core0.o(.text))
<BR>[Address Reference Count : 1]<UL><LI> startup_lpc55s69_cm33_core0.o(.isr_vector)
</UL>
<P><STRONG><a name="[28]"></a>RTC_IRQHandler</STRONG> (Thumb, 4 bytes, Stack size unknown bytes, startup_lpc55s69_cm33_core0.o(.text))
<BR>[Address Reference Count : 1]<UL><LI> startup_lpc55s69_cm33_core0.o(.isr_vector)
</UL>
<P><STRONG><a name="[29]"></a>Reserved46_IRQHandler</STRONG> (Thumb, 4 bytes, Stack size unknown bytes, startup_lpc55s69_cm33_core0.o(.text))
<BR>[Address Reference Count : 1]<UL><LI> startup_lpc55s69_cm33_core0.o(.isr_vector)
</UL>
<P><STRONG><a name="[2a]"></a>MAILBOX_IRQHandler</STRONG> (Thumb, 4 bytes, Stack size unknown bytes, startup_lpc55s69_cm33_core0.o(.text))
<BR>[Address Reference Count : 1]<UL><LI> startup_lpc55s69_cm33_core0.o(.isr_vector)
</UL>
<P><STRONG><a name="[2b]"></a>PIN_INT4_IRQHandler</STRONG> (Thumb, 4 bytes, Stack size unknown bytes, startup_lpc55s69_cm33_core0.o(.text))
<BR>[Address Reference Count : 1]<UL><LI> startup_lpc55s69_cm33_core0.o(.isr_vector)
</UL>
<P><STRONG><a name="[2c]"></a>PIN_INT5_IRQHandler</STRONG> (Thumb, 4 bytes, Stack size unknown bytes, startup_lpc55s69_cm33_core0.o(.text))
<BR>[Address Reference Count : 1]<UL><LI> startup_lpc55s69_cm33_core0.o(.isr_vector)
</UL>
<P><STRONG><a name="[2d]"></a>PIN_INT6_IRQHandler</STRONG> (Thumb, 4 bytes, Stack size unknown bytes, startup_lpc55s69_cm33_core0.o(.text))
<BR>[Address Reference Count : 1]<UL><LI> startup_lpc55s69_cm33_core0.o(.isr_vector)
</UL>
<P><STRONG><a name="[2e]"></a>PIN_INT7_IRQHandler</STRONG> (Thumb, 4 bytes, Stack size unknown bytes, startup_lpc55s69_cm33_core0.o(.text))
<BR>[Address Reference Count : 1]<UL><LI> startup_lpc55s69_cm33_core0.o(.isr_vector)
</UL>
<P><STRONG><a name="[2f]"></a>CTIMER2_IRQHandler</STRONG> (Thumb, 4 bytes, Stack size unknown bytes, startup_lpc55s69_cm33_core0.o(.text))
<BR>[Address Reference Count : 1]<UL><LI> startup_lpc55s69_cm33_core0.o(.isr_vector)
</UL>
<P><STRONG><a name="[30]"></a>CTIMER4_IRQHandler</STRONG> (Thumb, 4 bytes, Stack size unknown bytes, startup_lpc55s69_cm33_core0.o(.text))
<BR>[Address Reference Count : 1]<UL><LI> startup_lpc55s69_cm33_core0.o(.isr_vector)
</UL>
<P><STRONG><a name="[31]"></a>OS_EVENT_IRQHandler</STRONG> (Thumb, 4 bytes, Stack size unknown bytes, startup_lpc55s69_cm33_core0.o(.text))
<BR>[Address Reference Count : 1]<UL><LI> startup_lpc55s69_cm33_core0.o(.isr_vector)
</UL>
<P><STRONG><a name="[32]"></a>Reserved55_IRQHandler</STRONG> (Thumb, 4 bytes, Stack size unknown bytes, startup_lpc55s69_cm33_core0.o(.text))
<BR>[Address Reference Count : 1]<UL><LI> startup_lpc55s69_cm33_core0.o(.isr_vector)
</UL>
<P><STRONG><a name="[33]"></a>Reserved56_IRQHandler</STRONG> (Thumb, 4 bytes, Stack size unknown bytes, startup_lpc55s69_cm33_core0.o(.text))
<BR>[Address Reference Count : 1]<UL><LI> startup_lpc55s69_cm33_core0.o(.isr_vector)
</UL>
<P><STRONG><a name="[34]"></a>Reserved57_IRQHandler</STRONG> (Thumb, 4 bytes, Stack size unknown bytes, startup_lpc55s69_cm33_core0.o(.text))
<BR>[Address Reference Count : 1]<UL><LI> startup_lpc55s69_cm33_core0.o(.isr_vector)
</UL>
<P><STRONG><a name="[35]"></a>SDIO_IRQHandler</STRONG> (Thumb, 4 bytes, Stack size unknown bytes, startup_lpc55s69_cm33_core0.o(.text))
<BR>[Address Reference Count : 1]<UL><LI> startup_lpc55s69_cm33_core0.o(.isr_vector)
</UL>
<P><STRONG><a name="[36]"></a>Reserved59_IRQHandler</STRONG> (Thumb, 4 bytes, Stack size unknown bytes, startup_lpc55s69_cm33_core0.o(.text))
<BR>[Address Reference Count : 1]<UL><LI> startup_lpc55s69_cm33_core0.o(.isr_vector)
</UL>
<P><STRONG><a name="[37]"></a>Reserved60_IRQHandler</STRONG> (Thumb, 4 bytes, Stack size unknown bytes, startup_lpc55s69_cm33_core0.o(.text))
<BR>[Address Reference Count : 1]<UL><LI> startup_lpc55s69_cm33_core0.o(.isr_vector)
</UL>
<P><STRONG><a name="[38]"></a>Reserved61_IRQHandler</STRONG> (Thumb, 4 bytes, Stack size unknown bytes, startup_lpc55s69_cm33_core0.o(.text))
<BR>[Address Reference Count : 1]<UL><LI> startup_lpc55s69_cm33_core0.o(.isr_vector)
</UL>
<P><STRONG><a name="[39]"></a>USB1_PHY_IRQHandler</STRONG> (Thumb, 4 bytes, Stack size unknown bytes, startup_lpc55s69_cm33_core0.o(.text))
<BR>[Address Reference Count : 1]<UL><LI> startup_lpc55s69_cm33_core0.o(.isr_vector)
</UL>
<P><STRONG><a name="[3a]"></a>USB1_IRQHandler</STRONG> (Thumb, 4 bytes, Stack size unknown bytes, startup_lpc55s69_cm33_core0.o(.text))
<BR>[Address Reference Count : 1]<UL><LI> startup_lpc55s69_cm33_core0.o(.isr_vector)
</UL>
<P><STRONG><a name="[3b]"></a>USB1_NEEDCLK_IRQHandler</STRONG> (Thumb, 4 bytes, Stack size unknown bytes, startup_lpc55s69_cm33_core0.o(.text))
<BR>[Address Reference Count : 1]<UL><LI> startup_lpc55s69_cm33_core0.o(.isr_vector)
</UL>
<P><STRONG><a name="[3c]"></a>SEC_HYPERVISOR_CALL_IRQHandler</STRONG> (Thumb, 4 bytes, Stack size unknown bytes, startup_lpc55s69_cm33_core0.o(.text))
<BR>[Address Reference Count : 1]<UL><LI> startup_lpc55s69_cm33_core0.o(.isr_vector)
</UL>
<P><STRONG><a name="[3d]"></a>SEC_GPIO_INT0_IRQ0_IRQHandler</STRONG> (Thumb, 4 bytes, Stack size unknown bytes, startup_lpc55s69_cm33_core0.o(.text))
<BR>[Address Reference Count : 1]<UL><LI> startup_lpc55s69_cm33_core0.o(.isr_vector)
</UL>
<P><STRONG><a name="[3e]"></a>SEC_GPIO_INT0_IRQ1_IRQHandler</STRONG> (Thumb, 4 bytes, Stack size unknown bytes, startup_lpc55s69_cm33_core0.o(.text))
<BR>[Address Reference Count : 1]<UL><LI> startup_lpc55s69_cm33_core0.o(.isr_vector)
</UL>
<P><STRONG><a name="[3f]"></a>PLU_IRQHandler</STRONG> (Thumb, 4 bytes, Stack size unknown bytes, startup_lpc55s69_cm33_core0.o(.text))
<BR>[Address Reference Count : 1]<UL><LI> startup_lpc55s69_cm33_core0.o(.isr_vector)
</UL>
<P><STRONG><a name="[40]"></a>SEC_VIO_IRQHandler</STRONG> (Thumb, 4 bytes, Stack size unknown bytes, startup_lpc55s69_cm33_core0.o(.text))
<BR>[Address Reference Count : 1]<UL><LI> startup_lpc55s69_cm33_core0.o(.isr_vector)
</UL>
<P><STRONG><a name="[41]"></a>HASHCRYPT_IRQHandler</STRONG> (Thumb, 4 bytes, Stack size unknown bytes, startup_lpc55s69_cm33_core0.o(.text))
<BR>[Address Reference Count : 1]<UL><LI> startup_lpc55s69_cm33_core0.o(.isr_vector)
</UL>
<P><STRONG><a name="[42]"></a>CASER_IRQHandler</STRONG> (Thumb, 4 bytes, Stack size unknown bytes, startup_lpc55s69_cm33_core0.o(.text))
<BR>[Address Reference Count : 1]<UL><LI> startup_lpc55s69_cm33_core0.o(.isr_vector)
</UL>
<P><STRONG><a name="[43]"></a>PUF_IRQHandler</STRONG> (Thumb, 4 bytes, Stack size unknown bytes, startup_lpc55s69_cm33_core0.o(.text))
<BR>[Address Reference Count : 1]<UL><LI> startup_lpc55s69_cm33_core0.o(.isr_vector)
</UL>
<P><STRONG><a name="[44]"></a>PQ_IRQHandler</STRONG> (Thumb, 4 bytes, Stack size unknown bytes, startup_lpc55s69_cm33_core0.o(.text))
<BR>[Address Reference Count : 1]<UL><LI> startup_lpc55s69_cm33_core0.o(.isr_vector)
</UL>
<P><STRONG><a name="[45]"></a>DMA1_IRQHandler</STRONG> (Thumb, 4 bytes, Stack size unknown bytes, startup_lpc55s69_cm33_core0.o(.text))
<BR>[Address Reference Count : 1]<UL><LI> startup_lpc55s69_cm33_core0.o(.isr_vector)
</UL>
<P><STRONG><a name="[46]"></a>FLEXCOMM8_IRQHandler</STRONG> (Thumb, 4 bytes, Stack size unknown bytes, startup_lpc55s69_cm33_core0.o(.text))
<BR>[Address Reference Count : 1]<UL><LI> startup_lpc55s69_cm33_core0.o(.isr_vector)
</UL>
<P><STRONG><a name="[b2]"></a>memcpy</STRONG> (Thumb, 0 bytes, Stack size unknown bytes, fsl_memcpy.o(.text))
<BR><BR>[Called By]<UL><LI><a href="#[b1]">&gt;&gt;</a>&nbsp;&nbsp;&nbsp;DbgConsole_Vprintf
</UL>

<P><STRONG><a name="[8f]"></a>__aeabi_uldivmod</STRONG> (Thumb, 98 bytes, Stack size 40 bytes, uldiv.o(.text))
<BR><BR>[Stack]<UL><LI>Max Depth = 40<LI>Call Chain = __aeabi_uldivmod
</UL>
<BR>[Calls]<UL><LI><a href="#[90]">&gt;&gt;</a>&nbsp;&nbsp;&nbsp;__aeabi_llsr
<LI><a href="#[91]">&gt;&gt;</a>&nbsp;&nbsp;&nbsp;__aeabi_llsl
</UL>
<BR>[Called By]<UL><LI><a href="#[a3]">&gt;&gt;</a>&nbsp;&nbsp;&nbsp;SDK_DelayAtLeastUs
</UL>

<P><STRONG><a name="[c3]"></a>memset</STRONG> (Thumb, 18 bytes, Stack size 8 bytes, memset.o(.text))
<BR><BR>[Stack]<UL><LI>Max Depth = 8<LI>Call Chain = memset
</UL>
<BR>[Called By]<UL><LI><a href="#[bf]">&gt;&gt;</a>&nbsp;&nbsp;&nbsp;USART_GetDefaultConfig
<LI><a href="#[bc]">&gt;&gt;</a>&nbsp;&nbsp;&nbsp;I2C_MasterGetDefaultConfig
<LI><a href="#[cb]">&gt;&gt;</a>&nbsp;&nbsp;&nbsp;I2S_RxTransferCreateHandle
<LI><a href="#[cf]">&gt;&gt;</a>&nbsp;&nbsp;&nbsp;I2S_TxTransferCreateHandle
</UL>

<P><STRONG><a name="[b3]"></a>strlen</STRONG> (Thumb, 14 bytes, Stack size 0 bytes, strlen.o(.text))
<BR><BR>[Called By]<UL><LI><a href="#[b1]">&gt;&gt;</a>&nbsp;&nbsp;&nbsp;DbgConsole_Vprintf
</UL>

<P><STRONG><a name="[91]"></a>__aeabi_llsl</STRONG> (Thumb, 30 bytes, Stack size 0 bytes, llshl.o(.text))
<BR><BR>[Called By]<UL><LI><a href="#[8f]">&gt;&gt;</a>&nbsp;&nbsp;&nbsp;__aeabi_uldivmod
</UL>

<P><STRONG><a name="[e5]"></a>_ll_shift_l</STRONG> (Thumb, 0 bytes, Stack size 0 bytes, llshl.o(.text), UNUSED)

<P><STRONG><a name="[90]"></a>__aeabi_llsr</STRONG> (Thumb, 32 bytes, Stack size 0 bytes, llushr.o(.text))
<BR><BR>[Called By]<UL><LI><a href="#[8f]">&gt;&gt;</a>&nbsp;&nbsp;&nbsp;__aeabi_uldivmod
</UL>

<P><STRONG><a name="[e6]"></a>_ll_ushift_r</STRONG> (Thumb, 0 bytes, Stack size 0 bytes, llushr.o(.text), UNUSED)

<P><STRONG><a name="[8e]"></a>__scatterload</STRONG> (Thumb, 38 bytes, Stack size 0 bytes, init.o(.text))
<BR><BR>[Calls]<UL><LI><a href="#[92]">&gt;&gt;</a>&nbsp;&nbsp;&nbsp;__main_after_scatterload
</UL>
<BR>[Called By]<UL><LI><a href="#[8d]">&gt;&gt;</a>&nbsp;&nbsp;&nbsp;_main_scatterload
</UL>

<P><STRONG><a name="[e7]"></a>__scatterload_rt2</STRONG> (Thumb, 0 bytes, Stack size 0 bytes, init.o(.text), UNUSED)

<P><STRONG><a name="[93]"></a>BOARD_BootClockFROHF96M</STRONG> (Thumb, 94 bytes, Stack size 16 bytes, clock_config.o(.text.BOARD_BootClockFROHF96M))
<BR><BR>[Stack]<UL><LI>Max Depth = 32<LI>Call Chain = BOARD_BootClockFROHF96M &rArr; POWER_SetVoltageForFreq
</UL>
<BR>[Calls]<UL><LI><a href="#[98]">&gt;&gt;</a>&nbsp;&nbsp;&nbsp;CLOCK_SetClkDiv
<LI><a href="#[97]">&gt;&gt;</a>&nbsp;&nbsp;&nbsp;CLOCK_SetFLASHAccessCyclesForFreq
<LI><a href="#[96]">&gt;&gt;</a>&nbsp;&nbsp;&nbsp;POWER_SetVoltageForFreq
<LI><a href="#[94]">&gt;&gt;</a>&nbsp;&nbsp;&nbsp;CLOCK_SetupFROClocking
<LI><a href="#[95]">&gt;&gt;</a>&nbsp;&nbsp;&nbsp;CLOCK_AttachClk
</UL>
<BR>[Called By]<UL><LI><a href="#[9c]">&gt;&gt;</a>&nbsp;&nbsp;&nbsp;BOARD_InitHardware
</UL>

<P><STRONG><a name="[9f]"></a>BOARD_InitBootPins</STRONG> (Thumb, 76 bytes, Stack size 0 bytes, pin_mux.o(.text.BOARD_InitBootPins))
<BR><BR>[Called By]<UL><LI><a href="#[9c]">&gt;&gt;</a>&nbsp;&nbsp;&nbsp;BOARD_InitHardware
</UL>

<P><STRONG><a name="[99]"></a>BOARD_InitDebugConsole</STRONG> (Thumb, 44 bytes, Stack size 8 bytes, board.o(.text.BOARD_InitDebugConsole))
<BR><BR>[Stack]<UL><LI>Max Depth = 272 + Unknown Stack Size
<LI>Call Chain = BOARD_InitDebugConsole &rArr; DbgConsole_Init &rArr; HAL_UartInit &rArr; USART_Init &rArr; USART_SetBaudRate &rArr; __aeabi_assert &rArr; DbgConsole_Printf &rArr; DbgConsole_Vprintf
</UL>
<BR>[Calls]<UL><LI><a href="#[9b]">&gt;&gt;</a>&nbsp;&nbsp;&nbsp;DbgConsole_Init
<LI><a href="#[9a]">&gt;&gt;</a>&nbsp;&nbsp;&nbsp;RESET_ClearPeripheralReset
<LI><a href="#[95]">&gt;&gt;</a>&nbsp;&nbsp;&nbsp;CLOCK_AttachClk
</UL>
<BR>[Called By]<UL><LI><a href="#[9c]">&gt;&gt;</a>&nbsp;&nbsp;&nbsp;BOARD_InitHardware
</UL>

<P><STRONG><a name="[9c]"></a>BOARD_InitHardware</STRONG> (Thumb, 384 bytes, Stack size 56 bytes, hardware_init.o(.text.BOARD_InitHardware))
<BR><BR>[Stack]<UL><LI>Max Depth = 328 + Unknown Stack Size
<LI>Call Chain = BOARD_InitHardware &rArr; BOARD_InitDebugConsole &rArr; DbgConsole_Init &rArr; HAL_UartInit &rArr; USART_Init &rArr; USART_SetBaudRate &rArr; __aeabi_assert &rArr; DbgConsole_Printf &rArr; DbgConsole_Vprintf
</UL>
<BR>[Calls]<UL><LI><a href="#[9e]">&gt;&gt;</a>&nbsp;&nbsp;&nbsp;RESET_PeripheralReset
<LI><a href="#[a2]">&gt;&gt;</a>&nbsp;&nbsp;&nbsp;SYSCTL_SetShareSet
<LI><a href="#[a1]">&gt;&gt;</a>&nbsp;&nbsp;&nbsp;SYSCTL_SetShareSignalSrc
<LI><a href="#[a0]">&gt;&gt;</a>&nbsp;&nbsp;&nbsp;SYSCTL_Init
<LI><a href="#[9f]">&gt;&gt;</a>&nbsp;&nbsp;&nbsp;BOARD_InitBootPins
<LI><a href="#[93]">&gt;&gt;</a>&nbsp;&nbsp;&nbsp;BOARD_BootClockFROHF96M
<LI><a href="#[98]">&gt;&gt;</a>&nbsp;&nbsp;&nbsp;CLOCK_SetClkDiv
<LI><a href="#[9d]">&gt;&gt;</a>&nbsp;&nbsp;&nbsp;CLOCK_SetPLL0Freq
<LI><a href="#[95]">&gt;&gt;</a>&nbsp;&nbsp;&nbsp;CLOCK_AttachClk
<LI><a href="#[99]">&gt;&gt;</a>&nbsp;&nbsp;&nbsp;BOARD_InitDebugConsole
</UL>
<BR>[Called By]<UL><LI><a href="#[47]">&gt;&gt;</a>&nbsp;&nbsp;&nbsp;main
</UL>

<P><STRONG><a name="[95]"></a>CLOCK_AttachClk</STRONG> (Thumb, 98 bytes, Stack size 8 bytes, fsl_clock.o(.text.CLOCK_AttachClk))
<BR><BR>[Stack]<UL><LI>Max Depth = 8<LI>Call Chain = CLOCK_AttachClk
</UL>
<BR>[Called By]<UL><LI><a href="#[93]">&gt;&gt;</a>&nbsp;&nbsp;&nbsp;BOARD_BootClockFROHF96M
<LI><a href="#[99]">&gt;&gt;</a>&nbsp;&nbsp;&nbsp;BOARD_InitDebugConsole
<LI><a href="#[9c]">&gt;&gt;</a>&nbsp;&nbsp;&nbsp;BOARD_InitHardware
</UL>

<P><STRONG><a name="[dd]"></a>CLOCK_GetPll0OutFreq</STRONG> (Thumb, 12 bytes, Stack size 0 bytes, fsl_clock.o(.text.CLOCK_GetPll0OutFreq))
<BR><BR>[Called By]<UL><LI><a href="#[47]">&gt;&gt;</a>&nbsp;&nbsp;&nbsp;main
</UL>

<P><STRONG><a name="[98]"></a>CLOCK_SetClkDiv</STRONG> (Thumb, 56 bytes, Stack size 0 bytes, fsl_clock.o(.text.CLOCK_SetClkDiv))
<BR><BR>[Called By]<UL><LI><a href="#[93]">&gt;&gt;</a>&nbsp;&nbsp;&nbsp;BOARD_BootClockFROHF96M
<LI><a href="#[9c]">&gt;&gt;</a>&nbsp;&nbsp;&nbsp;BOARD_InitHardware
</UL>

<P><STRONG><a name="[97]"></a>CLOCK_SetFLASHAccessCyclesForFreq</STRONG> (Thumb, 284 bytes, Stack size 8 bytes, fsl_clock.o(.text.CLOCK_SetFLASHAccessCyclesForFreq))
<BR><BR>[Stack]<UL><LI>Max Depth = 8<LI>Call Chain = CLOCK_SetFLASHAccessCyclesForFreq
</UL>
<BR>[Called By]<UL><LI><a href="#[93]">&gt;&gt;</a>&nbsp;&nbsp;&nbsp;BOARD_BootClockFROHF96M
</UL>

<P><STRONG><a name="[9d]"></a>CLOCK_SetPLL0Freq</STRONG> (Thumb, 350 bytes, Stack size 24 bytes, fsl_clock.o(.text.CLOCK_SetPLL0Freq))
<BR><BR>[Stack]<UL><LI>Max Depth = 160 + Unknown Stack Size
<LI>Call Chain = CLOCK_SetPLL0Freq &rArr; SDK_DelayAtLeastUs &rArr; __aeabi_assert &rArr; DbgConsole_Printf &rArr; DbgConsole_Vprintf
</UL>
<BR>[Calls]<UL><LI><a href="#[a3]">&gt;&gt;</a>&nbsp;&nbsp;&nbsp;SDK_DelayAtLeastUs
</UL>
<BR>[Called By]<UL><LI><a href="#[9c]">&gt;&gt;</a>&nbsp;&nbsp;&nbsp;BOARD_InitHardware
</UL>

<P><STRONG><a name="[94]"></a>CLOCK_SetupFROClocking</STRONG> (Thumb, 100 bytes, Stack size 0 bytes, fsl_clock.o(.text.CLOCK_SetupFROClocking))
<BR><BR>[Called By]<UL><LI><a href="#[93]">&gt;&gt;</a>&nbsp;&nbsp;&nbsp;BOARD_BootClockFROHF96M
</UL>

<P><STRONG><a name="[a4]"></a>CODEC_I2C_Init</STRONG> (Thumb, 30 bytes, Stack size 24 bytes, fsl_codec_i2c.o(.text.CODEC_I2C_Init))
<BR><BR>[Stack]<UL><LI>Max Depth = 256 + Unknown Stack Size
<LI>Call Chain = CODEC_I2C_Init &rArr; HAL_I2cMasterInit &rArr; I2C_MasterInit &rArr; FLEXCOMM_Init &rArr; RESET_PeripheralReset &rArr; __aeabi_assert &rArr; DbgConsole_Printf &rArr; DbgConsole_Vprintf
</UL>
<BR>[Calls]<UL><LI><a href="#[a5]">&gt;&gt;</a>&nbsp;&nbsp;&nbsp;HAL_I2cMasterInit
</UL>
<BR>[Called By]<UL><LI><a href="#[b8]">&gt;&gt;</a>&nbsp;&nbsp;&nbsp;WM8904_Init
</UL>

<P><STRONG><a name="[a6]"></a>CODEC_I2C_Receive</STRONG> (Thumb, 46 bytes, Stack size 32 bytes, fsl_codec_i2c.o(.text.CODEC_I2C_Receive))
<BR><BR>[Stack]<UL><LI>Max Depth = 256 + Unknown Stack Size
<LI>Call Chain = CODEC_I2C_Receive &rArr; HAL_I2cMasterTransferBlocking &rArr; I2C_MasterTransferBlocking &rArr; I2C_MasterReadBlocking &rArr; __aeabi_assert &rArr; DbgConsole_Printf &rArr; DbgConsole_Vprintf
</UL>
<BR>[Calls]<UL><LI><a href="#[a7]">&gt;&gt;</a>&nbsp;&nbsp;&nbsp;HAL_I2cMasterTransferBlocking
</UL>
<BR>[Called By]<UL><LI><a href="#[d8]">&gt;&gt;</a>&nbsp;&nbsp;&nbsp;WM8904_SetMasterClock
<LI><a href="#[d2]">&gt;&gt;</a>&nbsp;&nbsp;&nbsp;WM8904_CheckAudioFormat
<LI><a href="#[d6]">&gt;&gt;</a>&nbsp;&nbsp;&nbsp;WM8904_ModifyRegister
<LI><a href="#[d5]">&gt;&gt;</a>&nbsp;&nbsp;&nbsp;WM8904_WaitOnWriteSequencer
</UL>

<P><STRONG><a name="[a8]"></a>CODEC_I2C_Send</STRONG> (Thumb, 44 bytes, Stack size 32 bytes, fsl_codec_i2c.o(.text.CODEC_I2C_Send))
<BR><BR>[Stack]<UL><LI>Max Depth = 256 + Unknown Stack Size
<LI>Call Chain = CODEC_I2C_Send &rArr; HAL_I2cMasterTransferBlocking &rArr; I2C_MasterTransferBlocking &rArr; I2C_MasterReadBlocking &rArr; __aeabi_assert &rArr; DbgConsole_Printf &rArr; DbgConsole_Vprintf
</UL>
<BR>[Calls]<UL><LI><a href="#[a7]">&gt;&gt;</a>&nbsp;&nbsp;&nbsp;HAL_I2cMasterTransferBlocking
</UL>
<BR>[Called By]<UL><LI><a href="#[b9]">&gt;&gt;</a>&nbsp;&nbsp;&nbsp;WM8904_SetDACVolume
<LI><a href="#[d8]">&gt;&gt;</a>&nbsp;&nbsp;&nbsp;WM8904_SetMasterClock
<LI><a href="#[d7]">&gt;&gt;</a>&nbsp;&nbsp;&nbsp;WM8904_SetFLLConfig
<LI><a href="#[b8]">&gt;&gt;</a>&nbsp;&nbsp;&nbsp;WM8904_Init
<LI><a href="#[d6]">&gt;&gt;</a>&nbsp;&nbsp;&nbsp;WM8904_ModifyRegister
<LI><a href="#[d4]">&gt;&gt;</a>&nbsp;&nbsp;&nbsp;WM8904_WriteRegister
<LI><a href="#[d3]">&gt;&gt;</a>&nbsp;&nbsp;&nbsp;WM8904_UpdateFormat
</UL>

<P><STRONG><a name="[a9]"></a>CODEC_Init</STRONG> (Thumb, 28 bytes, Stack size 0 bytes, fsl_codec_common.o(.text.CODEC_Init))
<BR><BR>[Stack]<UL><LI>Max Depth = 432 + Unknown Stack Size
<LI>Call Chain = CODEC_Init &rArr; HAL_CODEC_Init &rArr; HAL_CODEC_WM8904_Init &rArr; WM8904_Init &rArr; WM8904_CheckAudioFormat &rArr; WM8904_UpdateFormat &rArr; WM8904_ModifyRegister &rArr; CODEC_I2C_Receive &rArr; HAL_I2cMasterTransferBlocking &rArr; I2C_MasterTransferBlocking &rArr; I2C_MasterReadBlocking &rArr; __aeabi_assert &rArr; DbgConsole_Printf &rArr; DbgConsole_Vprintf
</UL>
<BR>[Calls]<UL><LI><a href="#[ab]">&gt;&gt;</a>&nbsp;&nbsp;&nbsp;__aeabi_assert
<LI><a href="#[aa]">&gt;&gt;</a>&nbsp;&nbsp;&nbsp;HAL_CODEC_Init
</UL>
<BR>[Called By]<UL><LI><a href="#[47]">&gt;&gt;</a>&nbsp;&nbsp;&nbsp;main
</UL>

<P><STRONG><a name="[ac]"></a>CODEC_SetVolume</STRONG> (Thumb, 92 bytes, Stack size 0 bytes, fsl_codec_common.o(.text.CODEC_SetVolume))
<BR><BR>[Stack]<UL><LI>Max Depth = 336 + Unknown Stack Size
<LI>Call Chain = CODEC_SetVolume &rArr; HAL_CODEC_SetVolume &rArr; HAL_CODEC_WM8904_SetVolume &rArr; WM8904_SetChannelMute &rArr; WM8904_ModifyRegister &rArr; CODEC_I2C_Receive &rArr; HAL_I2cMasterTransferBlocking &rArr; I2C_MasterTransferBlocking &rArr; I2C_MasterReadBlocking &rArr; __aeabi_assert &rArr; DbgConsole_Printf &rArr; DbgConsole_Vprintf
</UL>
<BR>[Calls]<UL><LI><a href="#[ab]">&gt;&gt;</a>&nbsp;&nbsp;&nbsp;__aeabi_assert
<LI><a href="#[ad]">&gt;&gt;</a>&nbsp;&nbsp;&nbsp;HAL_CODEC_SetVolume
</UL>
<BR>[Called By]<UL><LI><a href="#[47]">&gt;&gt;</a>&nbsp;&nbsp;&nbsp;main
</UL>

<P><STRONG><a name="[4b]"></a>DMA0_DriverIRQHandler</STRONG> (Thumb, 12 bytes, Stack size 0 bytes, fsl_dma.o(.text.DMA0_DriverIRQHandler))
<BR><BR>[Stack]<UL><LI>Max Depth = 160 + Unknown Stack Size
<LI>Call Chain = DMA0_DriverIRQHandler &rArr; DMA_IRQHandle &rArr; __aeabi_assert &rArr; DbgConsole_Printf &rArr; DbgConsole_Vprintf
</UL>
<BR>[Calls]<UL><LI><a href="#[ae]">&gt;&gt;</a>&nbsp;&nbsp;&nbsp;DMA_IRQHandle
</UL>
<BR>[Address Reference Count : 1]<UL><LI> startup_lpc55s69_cm33_core0.o(.text)
</UL>
<P><STRONG><a name="[84]"></a>DMA1_DriverIRQHandler</STRONG> (Thumb, 12 bytes, Stack size 0 bytes, fsl_dma.o(.text.DMA1_DriverIRQHandler))
<BR>[Address Reference Count : 1]<UL><LI> startup_lpc55s69_cm33_core0.o(.text)
</UL>
<P><STRONG><a name="[ae]"></a>DMA_IRQHandle</STRONG> (Thumb, 266 bytes, Stack size 32 bytes, fsl_dma.o(.text.DMA_IRQHandle))
<BR><BR>[Stack]<UL><LI>Max Depth = 160 + Unknown Stack Size
<LI>Call Chain = DMA_IRQHandle &rArr; __aeabi_assert &rArr; DbgConsole_Printf &rArr; DbgConsole_Vprintf
</UL>
<BR>[Calls]<UL><LI><a href="#[ab]">&gt;&gt;</a>&nbsp;&nbsp;&nbsp;__aeabi_assert
</UL>
<BR>[Called By]<UL><LI><a href="#[4b]">&gt;&gt;</a>&nbsp;&nbsp;&nbsp;DMA0_DriverIRQHandler
</UL>

<P><STRONG><a name="[9b]"></a>DbgConsole_Init</STRONG> (Thumb, 82 bytes, Stack size 40 bytes, fsl_debug_console.o(.text.DbgConsole_Init))
<BR><BR>[Stack]<UL><LI>Max Depth = 264 + Unknown Stack Size
<LI>Call Chain = DbgConsole_Init &rArr; HAL_UartInit &rArr; USART_Init &rArr; USART_SetBaudRate &rArr; __aeabi_assert &rArr; DbgConsole_Printf &rArr; DbgConsole_Vprintf
</UL>
<BR>[Calls]<UL><LI><a href="#[af]">&gt;&gt;</a>&nbsp;&nbsp;&nbsp;HAL_UartInit
</UL>
<BR>[Called By]<UL><LI><a href="#[99]">&gt;&gt;</a>&nbsp;&nbsp;&nbsp;BOARD_InitDebugConsole
</UL>

<P><STRONG><a name="[b0]"></a>DbgConsole_Printf</STRONG> (Thumb, 32 bytes, Stack size 24 bytes, fsl_debug_console.o(.text.DbgConsole_Printf))
<BR><BR>[Stack]<UL><LI>Max Depth = 128 + Unknown Stack Size
<LI>Call Chain = DbgConsole_Printf &rArr; DbgConsole_Vprintf
</UL>
<BR>[Calls]<UL><LI><a href="#[b1]">&gt;&gt;</a>&nbsp;&nbsp;&nbsp;DbgConsole_Vprintf
</UL>
<BR>[Called By]<UL><LI><a href="#[ab]">&gt;&gt;</a>&nbsp;&nbsp;&nbsp;__aeabi_assert
<LI><a href="#[47]">&gt;&gt;</a>&nbsp;&nbsp;&nbsp;main
</UL>

<P><STRONG><a name="[b1]"></a>DbgConsole_Vprintf</STRONG> (Thumb, 1080 bytes, Stack size 104 bytes, fsl_debug_console.o(.text.DbgConsole_Vprintf))
<BR><BR>[Stack]<UL><LI>Max Depth = 104 + Unknown Stack Size
<LI>Call Chain = DbgConsole_Vprintf
</UL>
<BR>[Calls]<UL><LI><a href="#[b3]">&gt;&gt;</a>&nbsp;&nbsp;&nbsp;strlen
<LI><a href="#[b2]">&gt;&gt;</a>&nbsp;&nbsp;&nbsp;memcpy
</UL>
<BR>[Called By]<UL><LI><a href="#[b0]">&gt;&gt;</a>&nbsp;&nbsp;&nbsp;DbgConsole_Printf
</UL>

<P><STRONG><a name="[58]"></a>FLEXCOMM0_DriverIRQHandler</STRONG> (Thumb, 54 bytes, Stack size 0 bytes, fsl_flexcomm.o(.text.FLEXCOMM0_DriverIRQHandler))
<BR><BR>[Stack]<UL><LI>Max Depth = 128 + Unknown Stack Size
<LI>Call Chain = FLEXCOMM0_DriverIRQHandler &rArr; __aeabi_assert &rArr; DbgConsole_Printf &rArr; DbgConsole_Vprintf
</UL>
<BR>[Calls]<UL><LI><a href="#[ab]">&gt;&gt;</a>&nbsp;&nbsp;&nbsp;__aeabi_assert
</UL>
<BR>[Address Reference Count : 1]<UL><LI> startup_lpc55s69_cm33_core0.o(.text)
</UL>
<P><STRONG><a name="[59]"></a>FLEXCOMM1_DriverIRQHandler</STRONG> (Thumb, 54 bytes, Stack size 0 bytes, fsl_flexcomm.o(.text.FLEXCOMM1_DriverIRQHandler))
<BR><BR>[Stack]<UL><LI>Max Depth = 128 + Unknown Stack Size
<LI>Call Chain = FLEXCOMM1_DriverIRQHandler &rArr; __aeabi_assert &rArr; DbgConsole_Printf &rArr; DbgConsole_Vprintf
</UL>
<BR>[Calls]<UL><LI><a href="#[ab]">&gt;&gt;</a>&nbsp;&nbsp;&nbsp;__aeabi_assert
</UL>
<BR>[Address Reference Count : 1]<UL><LI> startup_lpc55s69_cm33_core0.o(.text)
</UL>
<P><STRONG><a name="[5a]"></a>FLEXCOMM2_DriverIRQHandler</STRONG> (Thumb, 54 bytes, Stack size 0 bytes, fsl_flexcomm.o(.text.FLEXCOMM2_DriverIRQHandler))
<BR><BR>[Stack]<UL><LI>Max Depth = 128 + Unknown Stack Size
<LI>Call Chain = FLEXCOMM2_DriverIRQHandler &rArr; __aeabi_assert &rArr; DbgConsole_Printf &rArr; DbgConsole_Vprintf
</UL>
<BR>[Calls]<UL><LI><a href="#[ab]">&gt;&gt;</a>&nbsp;&nbsp;&nbsp;__aeabi_assert
</UL>
<BR>[Address Reference Count : 1]<UL><LI> startup_lpc55s69_cm33_core0.o(.text)
</UL>
<P><STRONG><a name="[5b]"></a>FLEXCOMM3_DriverIRQHandler</STRONG> (Thumb, 54 bytes, Stack size 0 bytes, fsl_flexcomm.o(.text.FLEXCOMM3_DriverIRQHandler))
<BR><BR>[Stack]<UL><LI>Max Depth = 128 + Unknown Stack Size
<LI>Call Chain = FLEXCOMM3_DriverIRQHandler &rArr; __aeabi_assert &rArr; DbgConsole_Printf &rArr; DbgConsole_Vprintf
</UL>
<BR>[Calls]<UL><LI><a href="#[ab]">&gt;&gt;</a>&nbsp;&nbsp;&nbsp;__aeabi_assert
</UL>
<BR>[Address Reference Count : 1]<UL><LI> startup_lpc55s69_cm33_core0.o(.text)
</UL>
<P><STRONG><a name="[5c]"></a>FLEXCOMM4_DriverIRQHandler</STRONG> (Thumb, 54 bytes, Stack size 0 bytes, fsl_flexcomm.o(.text.FLEXCOMM4_DriverIRQHandler))
<BR><BR>[Stack]<UL><LI>Max Depth = 128 + Unknown Stack Size
<LI>Call Chain = FLEXCOMM4_DriverIRQHandler &rArr; __aeabi_assert &rArr; DbgConsole_Printf &rArr; DbgConsole_Vprintf
</UL>
<BR>[Calls]<UL><LI><a href="#[ab]">&gt;&gt;</a>&nbsp;&nbsp;&nbsp;__aeabi_assert
</UL>
<BR>[Address Reference Count : 1]<UL><LI> startup_lpc55s69_cm33_core0.o(.text)
</UL>
<P><STRONG><a name="[5d]"></a>FLEXCOMM5_DriverIRQHandler</STRONG> (Thumb, 54 bytes, Stack size 0 bytes, fsl_flexcomm.o(.text.FLEXCOMM5_DriverIRQHandler))
<BR><BR>[Stack]<UL><LI>Max Depth = 128 + Unknown Stack Size
<LI>Call Chain = FLEXCOMM5_DriverIRQHandler &rArr; __aeabi_assert &rArr; DbgConsole_Printf &rArr; DbgConsole_Vprintf
</UL>
<BR>[Calls]<UL><LI><a href="#[ab]">&gt;&gt;</a>&nbsp;&nbsp;&nbsp;__aeabi_assert
</UL>
<BR>[Address Reference Count : 1]<UL><LI> startup_lpc55s69_cm33_core0.o(.text)
</UL>
<P><STRONG><a name="[5e]"></a>FLEXCOMM6_DriverIRQHandler</STRONG> (Thumb, 56 bytes, Stack size 0 bytes, fsl_flexcomm.o(.text.FLEXCOMM6_DriverIRQHandler))
<BR><BR>[Stack]<UL><LI>Max Depth = 128 + Unknown Stack Size
<LI>Call Chain = FLEXCOMM6_DriverIRQHandler &rArr; __aeabi_assert &rArr; DbgConsole_Printf &rArr; DbgConsole_Vprintf
</UL>
<BR>[Calls]<UL><LI><a href="#[ab]">&gt;&gt;</a>&nbsp;&nbsp;&nbsp;__aeabi_assert
</UL>
<BR>[Address Reference Count : 1]<UL><LI> startup_lpc55s69_cm33_core0.o(.text)
</UL>
<P><STRONG><a name="[5f]"></a>FLEXCOMM7_DriverIRQHandler</STRONG> (Thumb, 56 bytes, Stack size 0 bytes, fsl_flexcomm.o(.text.FLEXCOMM7_DriverIRQHandler))
<BR><BR>[Stack]<UL><LI>Max Depth = 128 + Unknown Stack Size
<LI>Call Chain = FLEXCOMM7_DriverIRQHandler &rArr; __aeabi_assert &rArr; DbgConsole_Printf &rArr; DbgConsole_Vprintf
</UL>
<BR>[Calls]<UL><LI><a href="#[ab]">&gt;&gt;</a>&nbsp;&nbsp;&nbsp;__aeabi_assert
</UL>
<BR>[Address Reference Count : 1]<UL><LI> startup_lpc55s69_cm33_core0.o(.text)
</UL>
<P><STRONG><a name="[85]"></a>FLEXCOMM8_DriverIRQHandler</STRONG> (Thumb, 56 bytes, Stack size 0 bytes, fsl_flexcomm.o(.text.FLEXCOMM8_DriverIRQHandler))
<BR><BR>[Stack]<UL><LI>Max Depth = 128 + Unknown Stack Size
<LI>Call Chain = FLEXCOMM8_DriverIRQHandler &rArr; __aeabi_assert &rArr; DbgConsole_Printf &rArr; DbgConsole_Vprintf
</UL>
<BR>[Calls]<UL><LI><a href="#[ab]">&gt;&gt;</a>&nbsp;&nbsp;&nbsp;__aeabi_assert
</UL>
<BR>[Address Reference Count : 1]<UL><LI> startup_lpc55s69_cm33_core0.o(.text)
</UL>
<P><STRONG><a name="[b4]"></a>FLEXCOMM_Init</STRONG> (Thumb, 172 bytes, Stack size 16 bytes, fsl_flexcomm.o(.text.FLEXCOMM_Init))
<BR><BR>[Stack]<UL><LI>Max Depth = 152 + Unknown Stack Size
<LI>Call Chain = FLEXCOMM_Init &rArr; RESET_PeripheralReset &rArr; __aeabi_assert &rArr; DbgConsole_Printf &rArr; DbgConsole_Vprintf
</UL>
<BR>[Calls]<UL><LI><a href="#[9e]">&gt;&gt;</a>&nbsp;&nbsp;&nbsp;RESET_PeripheralReset
<LI><a href="#[ab]">&gt;&gt;</a>&nbsp;&nbsp;&nbsp;__aeabi_assert
</UL>
<BR>[Called By]<UL><LI><a href="#[c0]">&gt;&gt;</a>&nbsp;&nbsp;&nbsp;USART_Init
<LI><a href="#[bd]">&gt;&gt;</a>&nbsp;&nbsp;&nbsp;I2C_MasterInit
<LI><a href="#[ca]">&gt;&gt;</a>&nbsp;&nbsp;&nbsp;I2S_RxInit
<LI><a href="#[ce]">&gt;&gt;</a>&nbsp;&nbsp;&nbsp;I2S_TxInit
</UL>

<P><STRONG><a name="[b5]"></a>FLEXCOMM_SetIRQHandler</STRONG> (Thumb, 82 bytes, Stack size 8 bytes, fsl_flexcomm.o(.text.FLEXCOMM_SetIRQHandler))
<BR><BR>[Stack]<UL><LI>Max Depth = 136 + Unknown Stack Size
<LI>Call Chain = FLEXCOMM_SetIRQHandler &rArr; __aeabi_assert &rArr; DbgConsole_Printf &rArr; DbgConsole_Vprintf
</UL>
<BR>[Calls]<UL><LI><a href="#[ab]">&gt;&gt;</a>&nbsp;&nbsp;&nbsp;__aeabi_assert
</UL>
<BR>[Called By]<UL><LI><a href="#[cb]">&gt;&gt;</a>&nbsp;&nbsp;&nbsp;I2S_RxTransferCreateHandle
<LI><a href="#[cf]">&gt;&gt;</a>&nbsp;&nbsp;&nbsp;I2S_TxTransferCreateHandle
</UL>

<P><STRONG><a name="[aa]"></a>HAL_CODEC_Init</STRONG> (Thumb, 36 bytes, Stack size 0 bytes, fsl_codec_adapter.o(.text.HAL_CODEC_Init))
<BR><BR>[Stack]<UL><LI>Max Depth = 432 + Unknown Stack Size
<LI>Call Chain = HAL_CODEC_Init &rArr; HAL_CODEC_WM8904_Init &rArr; WM8904_Init &rArr; WM8904_CheckAudioFormat &rArr; WM8904_UpdateFormat &rArr; WM8904_ModifyRegister &rArr; CODEC_I2C_Receive &rArr; HAL_I2cMasterTransferBlocking &rArr; I2C_MasterTransferBlocking &rArr; I2C_MasterReadBlocking &rArr; __aeabi_assert &rArr; DbgConsole_Printf &rArr; DbgConsole_Vprintf
</UL>
<BR>[Calls]<UL><LI><a href="#[ab]">&gt;&gt;</a>&nbsp;&nbsp;&nbsp;__aeabi_assert
<LI><a href="#[b6]">&gt;&gt;</a>&nbsp;&nbsp;&nbsp;HAL_CODEC_WM8904_Init
</UL>
<BR>[Called By]<UL><LI><a href="#[a9]">&gt;&gt;</a>&nbsp;&nbsp;&nbsp;CODEC_Init
</UL>

<P><STRONG><a name="[ad]"></a>HAL_CODEC_SetVolume</STRONG> (Thumb, 42 bytes, Stack size 0 bytes, fsl_codec_adapter.o(.text.HAL_CODEC_SetVolume))
<BR><BR>[Stack]<UL><LI>Max Depth = 336 + Unknown Stack Size
<LI>Call Chain = HAL_CODEC_SetVolume &rArr; HAL_CODEC_WM8904_SetVolume &rArr; WM8904_SetChannelMute &rArr; WM8904_ModifyRegister &rArr; CODEC_I2C_Receive &rArr; HAL_I2cMasterTransferBlocking &rArr; I2C_MasterTransferBlocking &rArr; I2C_MasterReadBlocking &rArr; __aeabi_assert &rArr; DbgConsole_Printf &rArr; DbgConsole_Vprintf
</UL>
<BR>[Calls]<UL><LI><a href="#[ab]">&gt;&gt;</a>&nbsp;&nbsp;&nbsp;__aeabi_assert
<LI><a href="#[b7]">&gt;&gt;</a>&nbsp;&nbsp;&nbsp;HAL_CODEC_WM8904_SetVolume
</UL>
<BR>[Called By]<UL><LI><a href="#[ac]">&gt;&gt;</a>&nbsp;&nbsp;&nbsp;CODEC_SetVolume
</UL>

<P><STRONG><a name="[b6]"></a>HAL_CODEC_WM8904_Init</STRONG> (Thumb, 40 bytes, Stack size 0 bytes, fsl_codec_wm8904_adapter.o(.text.HAL_CODEC_WM8904_Init))
<BR><BR>[Stack]<UL><LI>Max Depth = 432 + Unknown Stack Size
<LI>Call Chain = HAL_CODEC_WM8904_Init &rArr; WM8904_Init &rArr; WM8904_CheckAudioFormat &rArr; WM8904_UpdateFormat &rArr; WM8904_ModifyRegister &rArr; CODEC_I2C_Receive &rArr; HAL_I2cMasterTransferBlocking &rArr; I2C_MasterTransferBlocking &rArr; I2C_MasterReadBlocking &rArr; __aeabi_assert &rArr; DbgConsole_Printf &rArr; DbgConsole_Vprintf
</UL>
<BR>[Calls]<UL><LI><a href="#[ab]">&gt;&gt;</a>&nbsp;&nbsp;&nbsp;__aeabi_assert
[...]
</UL>
<BR>[Calls]<UL><LI><a href="#[ab]">&gt;&gt;</a>&nbsp;&nbsp;&nbsp;__aeabi_assert
<LI><a href="#[d3]">&gt;&gt;</a>&nbsp;&nbsp;&nbsp;WM8904_UpdateFormat
<LI><a href="#[a6]">&gt;&gt;</a>&nbsp;&nbsp;&nbsp;CODEC_I2C_Receive
</UL>
<BR>[Called By]<UL><LI><a href="#[b8]">&gt;&gt;</a>&nbsp;&nbsp;&nbsp;WM8904_Init
</UL>

<P><STRONG><a name="[b8]"></a>WM8904_Init</STRONG> (Thumb, 792 bytes, Stack size 40 bytes, fsl_wm8904.o(.text.WM8904_Init))
<BR><BR>[Stack]<UL><LI>Max Depth = 432 + Unknown Stack Size
<LI>Call Chain = WM8904_Init &rArr; WM8904_CheckAudioFormat &rArr; WM8904_UpdateFormat &rArr; WM8904_ModifyRegister &rArr; CODEC_I2C_Receive &rArr; HAL_I2cMasterTransferBlocking &rArr; I2C_MasterTransferBlocking &rArr; I2C_MasterReadBlocking &rArr; __aeabi_assert &rArr; DbgConsole_Printf &rArr; DbgConsole_Vprintf
</UL>
<BR>[Calls]<UL><LI><a href="#[ab]">&gt;&gt;</a>&nbsp;&nbsp;&nbsp;__aeabi_assert
<LI><a href="#[da]">&gt;&gt;</a>&nbsp;&nbsp;&nbsp;WM8904_SetRecordChannel
<LI><a href="#[d9]">&gt;&gt;</a>&nbsp;&nbsp;&nbsp;WM8904_SetRecord
<LI><a href="#[d8]">&gt;&gt;</a>&nbsp;&nbsp;&nbsp;WM8904_SetMasterClock
<LI><a href="#[d2]">&gt;&gt;</a>&nbsp;&nbsp;&nbsp;WM8904_CheckAudioFormat
<LI><a href="#[d7]">&gt;&gt;</a>&nbsp;&nbsp;&nbsp;WM8904_SetFLLConfig
<LI><a href="#[d6]">&gt;&gt;</a>&nbsp;&nbsp;&nbsp;WM8904_ModifyRegister
<LI><a href="#[d4]">&gt;&gt;</a>&nbsp;&nbsp;&nbsp;WM8904_WriteRegister
<LI><a href="#[d5]">&gt;&gt;</a>&nbsp;&nbsp;&nbsp;WM8904_WaitOnWriteSequencer
<LI><a href="#[a8]">&gt;&gt;</a>&nbsp;&nbsp;&nbsp;CODEC_I2C_Send
<LI><a href="#[a4]">&gt;&gt;</a>&nbsp;&nbsp;&nbsp;CODEC_I2C_Init
</UL>
<BR>[Called By]<UL><LI><a href="#[b6]">&gt;&gt;</a>&nbsp;&nbsp;&nbsp;HAL_CODEC_WM8904_Init
</UL>

<P><STRONG><a name="[d6]"></a>WM8904_ModifyRegister</STRONG> (Thumb, 202 bytes, Stack size 48 bytes, fsl_wm8904.o(.text.WM8904_ModifyRegister))
<BR><BR>[Stack]<UL><LI>Max Depth = 304 + Unknown Stack Size
<LI>Call Chain = WM8904_ModifyRegister &rArr; CODEC_I2C_Receive &rArr; HAL_I2cMasterTransferBlocking &rArr; I2C_MasterTransferBlocking &rArr; I2C_MasterReadBlocking &rArr; __aeabi_assert &rArr; DbgConsole_Printf &rArr; DbgConsole_Vprintf
</UL>
<BR>[Calls]<UL><LI><a href="#[ab]">&gt;&gt;</a>&nbsp;&nbsp;&nbsp;__aeabi_assert
<LI><a href="#[a6]">&gt;&gt;</a>&nbsp;&nbsp;&nbsp;CODEC_I2C_Receive
<LI><a href="#[a8]">&gt;&gt;</a>&nbsp;&nbsp;&nbsp;CODEC_I2C_Send
</UL>
<BR>[Called By]<UL><LI><a href="#[bb]">&gt;&gt;</a>&nbsp;&nbsp;&nbsp;WM8904_SetChannelMute
<LI><a href="#[ba]">&gt;&gt;</a>&nbsp;&nbsp;&nbsp;WM8904_SetChannelVolume
<LI><a href="#[da]">&gt;&gt;</a>&nbsp;&nbsp;&nbsp;WM8904_SetRecordChannel
<LI><a href="#[d9]">&gt;&gt;</a>&nbsp;&nbsp;&nbsp;WM8904_SetRecord
<LI><a href="#[d8]">&gt;&gt;</a>&nbsp;&nbsp;&nbsp;WM8904_SetMasterClock
<LI><a href="#[d7]">&gt;&gt;</a>&nbsp;&nbsp;&nbsp;WM8904_SetFLLConfig
<LI><a href="#[b8]">&gt;&gt;</a>&nbsp;&nbsp;&nbsp;WM8904_Init
<LI><a href="#[d3]">&gt;&gt;</a>&nbsp;&nbsp;&nbsp;WM8904_UpdateFormat
</UL>

<P><STRONG><a name="[bb]"></a>WM8904_SetChannelMute</STRONG> (Thumb, 102 bytes, Stack size 16 bytes, fsl_wm8904.o(.text.WM8904_SetChannelMute))
<BR><BR>[Stack]<UL><LI>Max Depth = 320 + Unknown Stack Size
<LI>Call Chain = WM8904_SetChannelMute &rArr; WM8904_ModifyRegister &rArr; CODEC_I2C_Receive &rArr; HAL_I2cMasterTransferBlocking &rArr; I2C_MasterTransferBlocking &rArr; I2C_MasterReadBlocking &rArr; __aeabi_assert &rArr; DbgConsole_Printf &rArr; DbgConsole_Vprintf
</UL>
<BR>[Calls]<UL><LI><a href="#[d6]">&gt;&gt;</a>&nbsp;&nbsp;&nbsp;WM8904_ModifyRegister
</UL>
<BR>[Called By]<UL><LI><a href="#[b7]">&gt;&gt;</a>&nbsp;&nbsp;&nbsp;HAL_CODEC_WM8904_SetVolume
</UL>

<P><STRONG><a name="[ba]"></a>WM8904_SetChannelVolume</STRONG> (Thumb, 132 bytes, Stack size 16 bytes, fsl_wm8904.o(.text.WM8904_SetChannelVolume))
<BR><BR>[Stack]<UL><LI>Max Depth = 320 + Unknown Stack Size
<LI>Call Chain = WM8904_SetChannelVolume &rArr; WM8904_ModifyRegister &rArr; CODEC_I2C_Receive &rArr; HAL_I2cMasterTransferBlocking &rArr; I2C_MasterTransferBlocking &rArr; I2C_MasterReadBlocking &rArr; __aeabi_assert &rArr; DbgConsole_Printf &rArr; DbgConsole_Vprintf
</UL>
<BR>[Calls]<UL><LI><a href="#[ab]">&gt;&gt;</a>&nbsp;&nbsp;&nbsp;__aeabi_assert
<LI><a href="#[d6]">&gt;&gt;</a>&nbsp;&nbsp;&nbsp;WM8904_ModifyRegister
</UL>
<BR>[Called By]<UL><LI><a href="#[b7]">&gt;&gt;</a>&nbsp;&nbsp;&nbsp;HAL_CODEC_WM8904_SetVolume
</UL>

<P><STRONG><a name="[b9]"></a>WM8904_SetDACVolume</STRONG> (Thumb, 136 bytes, Stack size 32 bytes, fsl_wm8904.o(.text.WM8904_SetDACVolume))
<BR><BR>[Stack]<UL><LI>Max Depth = 288 + Unknown Stack Size
<LI>Call Chain = WM8904_SetDACVolume &rArr; CODEC_I2C_Send &rArr; HAL_I2cMasterTransferBlocking &rArr; I2C_MasterTransferBlocking &rArr; I2C_MasterReadBlocking &rArr; __aeabi_assert &rArr; DbgConsole_Printf &rArr; DbgConsole_Vprintf
</UL>
<BR>[Calls]<UL><LI><a href="#[ab]">&gt;&gt;</a>&nbsp;&nbsp;&nbsp;__aeabi_assert
<LI><a href="#[a8]">&gt;&gt;</a>&nbsp;&nbsp;&nbsp;CODEC_I2C_Send
</UL>
<BR>[Called By]<UL><LI><a href="#[b7]">&gt;&gt;</a>&nbsp;&nbsp;&nbsp;HAL_CODEC_WM8904_SetVolume
</UL>

<P><STRONG><a name="[d7]"></a>WM8904_SetFLLConfig</STRONG> (Thumb, 520 bytes, Stack size 48 bytes, fsl_wm8904.o(.text.WM8904_SetFLLConfig))
<BR><BR>[Stack]<UL><LI>Max Depth = 352 + Unknown Stack Size
<LI>Call Chain = WM8904_SetFLLConfig &rArr; WM8904_ModifyRegister &rArr; CODEC_I2C_Receive &rArr; HAL_I2cMasterTransferBlocking &rArr; I2C_MasterTransferBlocking &rArr; I2C_MasterReadBlocking &rArr; __aeabi_assert &rArr; DbgConsole_Printf &rArr; DbgConsole_Vprintf
</UL>
<BR>[Calls]<UL><LI><a href="#[ab]">&gt;&gt;</a>&nbsp;&nbsp;&nbsp;__aeabi_assert
<LI><a href="#[d6]">&gt;&gt;</a>&nbsp;&nbsp;&nbsp;WM8904_ModifyRegister
<LI><a href="#[d4]">&gt;&gt;</a>&nbsp;&nbsp;&nbsp;WM8904_WriteRegister
<LI><a href="#[a8]">&gt;&gt;</a>&nbsp;&nbsp;&nbsp;CODEC_I2C_Send
</UL>
<BR>[Called By]<UL><LI><a href="#[b8]">&gt;&gt;</a>&nbsp;&nbsp;&nbsp;WM8904_Init
</UL>

<P><STRONG><a name="[d8]"></a>WM8904_SetMasterClock</STRONG> (Thumb, 798 bytes, Stack size 48 bytes, fsl_wm8904.o(.text.WM8904_SetMasterClock))
<BR><BR>[Stack]<UL><LI>Max Depth = 352 + Unknown Stack Size
<LI>Call Chain = WM8904_SetMasterClock &rArr; WM8904_ModifyRegister &rArr; CODEC_I2C_Receive &rArr; HAL_I2cMasterTransferBlocking &rArr; I2C_MasterTransferBlocking &rArr; I2C_MasterReadBlocking &rArr; __aeabi_assert &rArr; DbgConsole_Printf &rArr; DbgConsole_Vprintf
</UL>
<BR>[Calls]<UL><LI><a href="#[ab]">&gt;&gt;</a>&nbsp;&nbsp;&nbsp;__aeabi_assert
<LI><a href="#[d6]">&gt;&gt;</a>&nbsp;&nbsp;&nbsp;WM8904_ModifyRegister
<LI><a href="#[a6]">&gt;&gt;</a>&nbsp;&nbsp;&nbsp;CODEC_I2C_Receive
<LI><a href="#[a8]">&gt;&gt;</a>&nbsp;&nbsp;&nbsp;CODEC_I2C_Send
</UL>
<BR>[Called By]<UL><LI><a href="#[b8]">&gt;&gt;</a>&nbsp;&nbsp;&nbsp;WM8904_Init
</UL>

<P><STRONG><a name="[d9]"></a>WM8904_SetRecord</STRONG> (Thumb, 158 bytes, Stack size 32 bytes, fsl_wm8904.o(.text.WM8904_SetRecord))
<BR><BR>[Stack]<UL><LI>Max Depth = 336 + Unknown Stack Size
<LI>Call Chain = WM8904_SetRecord &rArr; WM8904_ModifyRegister &rArr; CODEC_I2C_Receive &rArr; HAL_I2cMasterTransferBlocking &rArr; I2C_MasterTransferBlocking &rArr; I2C_MasterReadBlocking &rArr; __aeabi_assert &rArr; DbgConsole_Printf &rArr; DbgConsole_Vprintf
</UL>
<BR>[Calls]<UL><LI><a href="#[d6]">&gt;&gt;</a>&nbsp;&nbsp;&nbsp;WM8904_ModifyRegister
</UL>
<BR>[Called By]<UL><LI><a href="#[b8]">&gt;&gt;</a>&nbsp;&nbsp;&nbsp;WM8904_Init
</UL>

<P><STRONG><a name="[da]"></a>WM8904_SetRecordChannel</STRONG> (Thumb, 124 bytes, Stack size 16 bytes, fsl_wm8904.o(.text.WM8904_SetRecordChannel))
<BR><BR>[Stack]<UL><LI>Max Depth = 320 + Unknown Stack Size
<LI>Call Chain = WM8904_SetRecordChannel &rArr; WM8904_ModifyRegister &rArr; CODEC_I2C_Receive &rArr; HAL_I2cMasterTransferBlocking &rArr; I2C_MasterTransferBlocking &rArr; I2C_MasterReadBlocking &rArr; __aeabi_assert &rArr; DbgConsole_Printf &rArr; DbgConsole_Vprintf
</UL>
<BR>[Calls]<UL><LI><a href="#[d6]">&gt;&gt;</a>&nbsp;&nbsp;&nbsp;WM8904_ModifyRegister
</UL>
<BR>[Called By]<UL><LI><a href="#[b8]">&gt;&gt;</a>&nbsp;&nbsp;&nbsp;WM8904_Init
</UL>

<P><STRONG><a name="[d4]"></a>WM8904_WriteRegister</STRONG> (Thumb, 90 bytes, Stack size 24 bytes, fsl_wm8904.o(.text.WM8904_WriteRegister))
<BR><BR>[Stack]<UL><LI>Max Depth = 280 + Unknown Stack Size
<LI>Call Chain = WM8904_WriteRegister &rArr; CODEC_I2C_Send &rArr; HAL_I2cMasterTransferBlocking &rArr; I2C_MasterTransferBlocking &rArr; I2C_MasterReadBlocking &rArr; __aeabi_assert &rArr; DbgConsole_Printf &rArr; DbgConsole_Vprintf
</UL>
<BR>[Calls]<UL><LI><a href="#[ab]">&gt;&gt;</a>&nbsp;&nbsp;&nbsp;__aeabi_assert
<LI><a href="#[a8]">&gt;&gt;</a>&nbsp;&nbsp;&nbsp;CODEC_I2C_Send
</UL>
<BR>[Called By]<UL><LI><a href="#[d7]">&gt;&gt;</a>&nbsp;&nbsp;&nbsp;WM8904_SetFLLConfig
<LI><a href="#[b8]">&gt;&gt;</a>&nbsp;&nbsp;&nbsp;WM8904_Init
</UL>

<P><STRONG><a name="[ab]"></a>__aeabi_assert</STRONG> (Thumb, 32 bytes, Stack size 0 bytes, fsl_assert.o(.text.__aeabi_assert))
<BR><BR>[Stack]<UL><LI>Max Depth = 128 + Unknown Stack Size
<LI>Call Chain = __aeabi_assert &rArr; DbgConsole_Printf &rArr; DbgConsole_Vprintf
</UL>
<BR>[Calls]<UL><LI><a href="#[db]">&gt;&gt;</a>&nbsp;&nbsp;&nbsp;fsl_assert_hook
<LI><a href="#[b0]">&gt;&gt;</a>&nbsp;&nbsp;&nbsp;DbgConsole_Printf
</UL>
<BR>[Called By]<UL><LI><a href="#[ae]">&gt;&gt;</a>&nbsp;&nbsp;&nbsp;DMA_IRQHandle
<LI><a href="#[c4]">&gt;&gt;</a>&nbsp;&nbsp;&nbsp;I2C_MasterReadBlocking
<LI><a href="#[c5]">&gt;&gt;</a>&nbsp;&nbsp;&nbsp;I2C_MasterWriteBlocking
<LI><a href="#[cd]">&gt;&gt;</a>&nbsp;&nbsp;&nbsp;I2S_ValidateBuffer
<LI><a href="#[c9]">&gt;&gt;</a>&nbsp;&nbsp;&nbsp;I2S_Config
<LI><a href="#[c1]">&gt;&gt;</a>&nbsp;&nbsp;&nbsp;USART_ReadBlocking
<LI><a href="#[c2]">&gt;&gt;</a>&nbsp;&nbsp;&nbsp;USART_WriteBlocking
<LI><a href="#[bf]">&gt;&gt;</a>&nbsp;&nbsp;&nbsp;USART_GetDefaultConfig
<LI><a href="#[d1]">&gt;&gt;</a>&nbsp;&nbsp;&nbsp;USART_SetBaudRate
<LI><a href="#[c0]">&gt;&gt;</a>&nbsp;&nbsp;&nbsp;USART_Init
<LI><a href="#[85]">&gt;&gt;</a>&nbsp;&nbsp;&nbsp;FLEXCOMM8_DriverIRQHandler
<LI><a href="#[5f]">&gt;&gt;</a>&nbsp;&nbsp;&nbsp;FLEXCOMM7_DriverIRQHandler
<LI><a href="#[5e]">&gt;&gt;</a>&nbsp;&nbsp;&nbsp;FLEXCOMM6_DriverIRQHandler
<LI><a href="#[5d]">&gt;&gt;</a>&nbsp;&nbsp;&nbsp;FLEXCOMM5_DriverIRQHandler
<LI><a href="#[5c]">&gt;&gt;</a>&nbsp;&nbsp;&nbsp;FLEXCOMM4_DriverIRQHandler
<LI><a href="#[5b]">&gt;&gt;</a>&nbsp;&nbsp;&nbsp;FLEXCOMM3_DriverIRQHandler
<LI><a href="#[5a]">&gt;&gt;</a>&nbsp;&nbsp;&nbsp;FLEXCOMM2_DriverIRQHandler
<LI><a href="#[59]">&gt;&gt;</a>&nbsp;&nbsp;&nbsp;FLEXCOMM1_DriverIRQHandler
<LI><a href="#[58]">&gt;&gt;</a>&nbsp;&nbsp;&nbsp;FLEXCOMM0_DriverIRQHandler
<LI><a href="#[b5]">&gt;&gt;</a>&nbsp;&nbsp;&nbsp;FLEXCOMM_SetIRQHandler
<LI><a href="#[b4]">&gt;&gt;</a>&nbsp;&nbsp;&nbsp;FLEXCOMM_Init
<LI><a href="#[a3]">&gt;&gt;</a>&nbsp;&nbsp;&nbsp;SDK_DelayAtLeastUs
<LI><a href="#[9e]">&gt;&gt;</a>&nbsp;&nbsp;&nbsp;RESET_PeripheralReset
<LI><a href="#[a0]">&gt;&gt;</a>&nbsp;&nbsp;&nbsp;SYSCTL_Init
<LI><a href="#[be]">&gt;&gt;</a>&nbsp;&nbsp;&nbsp;I2C_MasterTransferBlocking
<LI><a href="#[bd]">&gt;&gt;</a>&nbsp;&nbsp;&nbsp;I2C_MasterInit
<LI><a href="#[9a]">&gt;&gt;</a>&nbsp;&nbsp;&nbsp;RESET_ClearPeripheralReset
<LI><a href="#[d0]">&gt;&gt;</a>&nbsp;&nbsp;&nbsp;I2S_TxTransferNonBlocking
<LI><a href="#[cc]">&gt;&gt;</a>&nbsp;&nbsp;&nbsp;I2S_RxTransferNonBlocking
<LI><a href="#[cb]">&gt;&gt;</a>&nbsp;&nbsp;&nbsp;I2S_RxTransferCreateHandle
<LI><a href="#[cf]">&gt;&gt;</a>&nbsp;&nbsp;&nbsp;I2S_TxTransferCreateHandle
<LI><a href="#[ac]">&gt;&gt;</a>&nbsp;&nbsp;&nbsp;CODEC_SetVolume
<LI><a href="#[a9]">&gt;&gt;</a>&nbsp;&nbsp;&nbsp;CODEC_Init
<LI><a href="#[47]">&gt;&gt;</a>&nbsp;&nbsp;&nbsp;main
<LI><a href="#[b7]">&gt;&gt;</a>&nbsp;&nbsp;&nbsp;HAL_CODEC_WM8904_SetVolume
<LI><a href="#[b6]">&gt;&gt;</a>&nbsp;&nbsp;&nbsp;HAL_CODEC_WM8904_Init
<LI><a href="#[b9]">&gt;&gt;</a>&nbsp;&nbsp;&nbsp;WM8904_SetDACVolume
<LI><a href="#[ba]">&gt;&gt;</a>&nbsp;&nbsp;&nbsp;WM8904_SetChannelVolume
<LI><a href="#[d8]">&gt;&gt;</a>&nbsp;&nbsp;&nbsp;WM8904_SetMasterClock
<LI><a href="#[d2]">&gt;&gt;</a>&nbsp;&nbsp;&nbsp;WM8904_CheckAudioFormat
<LI><a href="#[d7]">&gt;&gt;</a>&nbsp;&nbsp;&nbsp;WM8904_SetFLLConfig
<LI><a href="#[b8]">&gt;&gt;</a>&nbsp;&nbsp;&nbsp;WM8904_Init
<LI><a href="#[d6]">&gt;&gt;</a>&nbsp;&nbsp;&nbsp;WM8904_ModifyRegister
<LI><a href="#[d4]">&gt;&gt;</a>&nbsp;&nbsp;&nbsp;WM8904_WriteRegister
<LI><a href="#[d3]">&gt;&gt;</a>&nbsp;&nbsp;&nbsp;WM8904_UpdateFormat
<LI><a href="#[d5]">&gt;&gt;</a>&nbsp;&nbsp;&nbsp;WM8904_WaitOnWriteSequencer
<LI><a href="#[ad]">&gt;&gt;</a>&nbsp;&nbsp;&nbsp;HAL_CODEC_SetVolume
<LI><a href="#[aa]">&gt;&gt;</a>&nbsp;&nbsp;&nbsp;HAL_CODEC_Init
<LI><a href="#[a7]">&gt;&gt;</a>&nbsp;&nbsp;&nbsp;HAL_I2cMasterTransferBlocking
<LI><a href="#[a5]">&gt;&gt;</a>&nbsp;&nbsp;&nbsp;HAL_I2cMasterInit
<LI><a href="#[87]">&gt;&gt;</a>&nbsp;&nbsp;&nbsp;HAL_UartReceiveBlocking
<LI><a href="#[86]">&gt;&gt;</a>&nbsp;&nbsp;&nbsp;HAL_UartSendBlocking
<LI><a href="#[af]">&gt;&gt;</a>&nbsp;&nbsp;&nbsp;HAL_UartInit
</UL>

<P><STRONG><a name="[db]"></a>fsl_assert_hook</STRONG> (Thumb, 4 bytes, Stack size 0 bytes, fsl_assert.o(.text.fsl_assert_hook))
<BR><BR>[Called By]<UL><LI><a href="#[ab]">&gt;&gt;</a>&nbsp;&nbsp;&nbsp;__aeabi_assert
</UL>

<P><STRONG><a name="[47]"></a>main</STRONG> (Thumb, 328 bytes, Stack size 0 bytes, i2s_interrupt_record_playback.o(.text.main))
<BR><BR>[Stack]<UL><LI>Max Depth = 432 + Unknown Stack Size
<LI>Call Chain = main &rArr; CODEC_Init &rArr; HAL_CODEC_Init &rArr; HAL_CODEC_WM8904_Init &rArr; WM8904_Init &rArr; WM8904_CheckAudioFormat &rArr; WM8904_UpdateFormat &rArr; WM8904_ModifyRegister &rArr; CODEC_I2C_Receive &rArr; HAL_I2cMasterTransferBlocking &rArr; I2C_MasterTransferBlocking &rArr; I2C_MasterReadBlocking &rArr; __aeabi_assert &rArr; DbgConsole_Printf &rArr; DbgConsole_Vprintf
</UL>
<BR>[Calls]<UL><LI><a href="#[ab]">&gt;&gt;</a>&nbsp;&nbsp;&nbsp;__aeabi_assert
<LI><a href="#[d0]">&gt;&gt;</a>&nbsp;&nbsp;&nbsp;I2S_TxTransferNonBlocking
<LI><a href="#[cc]">&gt;&gt;</a>&nbsp;&nbsp;&nbsp;I2S_RxTransferNonBlocking
<LI><a href="#[cb]">&gt;&gt;</a>&nbsp;&nbsp;&nbsp;I2S_RxTransferCreateHandle
<LI><a href="#[cf]">&gt;&gt;</a>&nbsp;&nbsp;&nbsp;I2S_TxTransferCreateHandle
<LI><a href="#[ca]">&gt;&gt;</a>&nbsp;&nbsp;&nbsp;I2S_RxInit
<LI><a href="#[ce]">&gt;&gt;</a>&nbsp;&nbsp;&nbsp;I2S_TxInit
<LI><a href="#[de]">&gt;&gt;</a>&nbsp;&nbsp;&nbsp;I2S_RxGetDefaultConfig
<LI><a href="#[dd]">&gt;&gt;</a>&nbsp;&nbsp;&nbsp;CLOCK_GetPll0OutFreq
<LI><a href="#[dc]">&gt;&gt;</a>&nbsp;&nbsp;&nbsp;I2S_TxGetDefaultConfig
<LI><a href="#[ac]">&gt;&gt;</a>&nbsp;&nbsp;&nbsp;CODEC_SetVolume
<LI><a href="#[a9]">&gt;&gt;</a>&nbsp;&nbsp;&nbsp;CODEC_Init
<LI><a href="#[b0]">&gt;&gt;</a>&nbsp;&nbsp;&nbsp;DbgConsole_Printf
<LI><a href="#[9c]">&gt;&gt;</a>&nbsp;&nbsp;&nbsp;BOARD_InitHardware
</UL>
<BR>[Address Reference Count : 1]<UL><LI> entry9a.o(.ARM.Collect$$$$0000000B)
</UL>
<P><STRONG><a name="[e9]"></a>__scatterload_copy</STRONG> (Thumb, 14 bytes, Stack size unknown bytes, handlers.o(i.__scatterload_copy), UNUSED)

<P><STRONG><a name="[ea]"></a>__scatterload_null</STRONG> (Thumb, 2 bytes, Stack size unknown bytes, handlers.o(i.__scatterload_null), UNUSED)

<P><STRONG><a name="[eb]"></a>__scatterload_zeroinit</STRONG> (Thumb, 14 bytes, Stack size unknown bytes, handlers.o(i.__scatterload_zeroinit), UNUSED)
<P>
<H3>
Local Symbols
</H3>
<P><STRONG><a name="[8a]"></a>TxCallback</STRONG> (Thumb, 8 bytes, Stack size 0 bytes, i2s_interrupt_record_playback.o(.text.TxCallback))
<BR><BR>[Stack]<UL><LI>Max Depth = 152 + Unknown Stack Size
<LI>Call Chain = TxCallback &rArr; I2S_TxTransferNonBlocking &rArr; I2S_ValidateBuffer &rArr; __aeabi_assert &rArr; DbgConsole_Printf &rArr; DbgConsole_Vprintf
</UL>
<BR>[Calls]<UL><LI><a href="#[d0]">&gt;&gt;</a>&nbsp;&nbsp;&nbsp;I2S_TxTransferNonBlocking
</UL>
<BR>[Address Reference Count : 1]<UL><LI> i2s_interrupt_record_playback.o(.text.main)
</UL>
<P><STRONG><a name="[8b]"></a>RxCallback</STRONG> (Thumb, 8 bytes, Stack size 0 bytes, i2s_interrupt_record_playback.o(.text.RxCallback))
<BR><BR>[Stack]<UL><LI>Max Depth = 152 + Unknown Stack Size
<LI>Call Chain = RxCallback &rArr; I2S_RxTransferNonBlocking &rArr; I2S_ValidateBuffer &rArr; __aeabi_assert &rArr; DbgConsole_Printf &rArr; DbgConsole_Vprintf
</UL>
<BR>[Calls]<UL><LI><a href="#[cc]">&gt;&gt;</a>&nbsp;&nbsp;&nbsp;I2S_RxTransferNonBlocking
</UL>
<BR>[Address Reference Count : 1]<UL><LI> i2s_interrupt_record_playback.o(.text.main)
</UL>
<P><STRONG><a name="[c9]"></a>I2S_Config</STRONG> (Thumb, 124 bytes, Stack size 8 bytes, fsl_i2s.o(.text.I2S_Config))
<BR><BR>[Stack]<UL><LI>Max Depth = 136 + Unknown Stack Size
<LI>Call Chain = I2S_Config &rArr; __aeabi_assert &rArr; DbgConsole_Printf &rArr; DbgConsole_Vprintf
</UL>
<BR>[Calls]<UL><LI><a href="#[ab]">&gt;&gt;</a>&nbsp;&nbsp;&nbsp;__aeabi_assert
</UL>
<BR>[Called By]<UL><LI><a href="#[ca]">&gt;&gt;</a>&nbsp;&nbsp;&nbsp;I2S_RxInit
<LI><a href="#[ce]">&gt;&gt;</a>&nbsp;&nbsp;&nbsp;I2S_TxInit
</UL>

<P><STRONG><a name="[cd]"></a>I2S_ValidateBuffer</STRONG> (Thumb, 380 bytes, Stack size 0 bytes, fsl_i2s.o(.text.I2S_ValidateBuffer))
<BR><BR>[Stack]<UL><LI>Max Depth = 128 + Unknown Stack Size
<LI>Call Chain = I2S_ValidateBuffer &rArr; __aeabi_assert &rArr; DbgConsole_Printf &rArr; DbgConsole_Vprintf
</UL>
<BR>[Calls]<UL><LI><a href="#[ab]">&gt;&gt;</a>&nbsp;&nbsp;&nbsp;__aeabi_assert
</UL>
<BR>[Called By]<UL><LI><a href="#[d0]">&gt;&gt;</a>&nbsp;&nbsp;&nbsp;I2S_TxTransferNonBlocking
<LI><a href="#[cc]">&gt;&gt;</a>&nbsp;&nbsp;&nbsp;I2S_RxTransferNonBlocking
</UL>

<P><STRONG><a name="[c7]"></a>I2C_MasterRepeatedStart</STRONG> (Thumb, 104 bytes, Stack size 8 bytes, fsl_i2c.o(.text.I2C_MasterRepeatedStart))
<BR><BR>[Stack]<UL><LI>Max Depth = 8<LI>Call Chain = I2C_MasterRepeatedStart
</UL>
<BR>[Called By]<UL><LI><a href="#[be]">&gt;&gt;</a>&nbsp;&nbsp;&nbsp;I2C_MasterTransferBlocking
</UL>

<P><STRONG><a name="[c8]"></a>I2C_MasterCheckStartResponse</STRONG> (Thumb, 130 bytes, Stack size 0 bytes, fsl_i2c.o(.text.I2C_MasterCheckStartResponse))
<BR><BR>[Called By]<UL><LI><a href="#[be]">&gt;&gt;</a>&nbsp;&nbsp;&nbsp;I2C_MasterTransferBlocking
</UL>

<P><STRONG><a name="[d5]"></a>WM8904_WaitOnWriteSequencer</STRONG> (Thumb, 108 bytes, Stack size 40 bytes, fsl_wm8904.o(.text.WM8904_WaitOnWriteSequencer))
<BR><BR>[Stack]<UL><LI>Max Depth = 296 + Unknown Stack Size
<LI>Call Chain = WM8904_WaitOnWriteSequencer &rArr; CODEC_I2C_Receive &rArr; HAL_I2cMasterTransferBlocking &rArr; I2C_MasterTransferBlocking &rArr; I2C_MasterReadBlocking &rArr; __aeabi_assert &rArr; DbgConsole_Printf &rArr; DbgConsole_Vprintf
</UL>
<BR>[Calls]<UL><LI><a href="#[ab]">&gt;&gt;</a>&nbsp;&nbsp;&nbsp;__aeabi_assert
<LI><a href="#[a6]">&gt;&gt;</a>&nbsp;&nbsp;&nbsp;CODEC_I2C_Receive
</UL>
<BR>[Called By]<UL><LI><a href="#[b8]">&gt;&gt;</a>&nbsp;&nbsp;&nbsp;WM8904_Init
</UL>

<P><STRONG><a name="[d3]"></a>WM8904_UpdateFormat</STRONG> (Thumb, 208 bytes, Stack size 48 bytes, fsl_wm8904.o(.text.WM8904_UpdateFormat))
<BR><BR>[Stack]<UL><LI>Max Depth = 352 + Unknown Stack Size
<LI>Call Chain = WM8904_UpdateFormat &rArr; WM8904_ModifyRegister &rArr; CODEC_I2C_Receive &rArr; HAL_I2cMasterTransferBlocking &rArr; I2C_MasterTransferBlocking &rArr; I2C_MasterReadBlocking &rArr; __aeabi_assert &rArr; DbgConsole_Printf &rArr; DbgConsole_Vprintf
</UL>
<BR>[Calls]<UL><LI><a href="#[ab]">&gt;&gt;</a>&nbsp;&nbsp;&nbsp;__aeabi_assert
<LI><a href="#[d6]">&gt;&gt;</a>&nbsp;&nbsp;&nbsp;WM8904_ModifyRegister
<LI><a href="#[a8]">&gt;&gt;</a>&nbsp;&nbsp;&nbsp;CODEC_I2C_Send
</UL>
<BR>[Called By]<UL><LI><a href="#[d2]">&gt;&gt;</a>&nbsp;&nbsp;&nbsp;WM8904_CheckAudioFormat
</UL>
<P>
<H3>
Undefined Global Symbols
</H3><HR></body></html>
